Run options: --seed 28085

# Running:

E

Error:
WelcomeControllerTest#test_should_get_index:
NameError: undefined local variable or method `welcome_index_url' for #<WelcomeControllerTest:0x000055ac5b2e4ed0 @_routes=nil, @NAME="test_should_get_index", @failures=[#<Minitest::UnexpectedError: Unexpected exception>], @assertions=0, @integration_session=#<#<Class:0x000055ac5b50f548>:0x000055ac5b50e008 @_routes=nil, @app=#<RailsAwesomeEvents::Application:0x000055ac59c1e610 @_all_autoload_paths=["/home/t-ohsuga/rails_awesome_events/app/controllers", "/home/t-ohsuga/rails_awesome_events/app/controllers/concerns", "/home/t-ohsuga/rails_awesome_events/app/forms", "/home/t-ohsuga/rails_awesome_events/app/helpers", "/home/t-ohsuga/rails_awesome_events/app/jobs", "/home/t-ohsuga/rails_awesome_events/app/models", "/home/t-ohsuga/rails_awesome_events/app/models/concerns"], @_all_load_paths=["/home/t-ohsuga/rails_awesome_events/lib", "/home/t-ohsuga/rails_awesome_events/vendor", "/home/t-ohsuga/rails_awesome_events/app/controllers", "/home/t-ohsuga/rails_awesome_events/app/controllers/concerns", "/home/t-ohsuga/rails_awesome_events/app/forms", "/home/t-ohsuga/rails_awesome_events/app/helpers", "/home/t-ohsuga/rails_awesome_events/app/jobs", "/home/t-ohsuga/rails_awesome_events/app/models", "/home/t-ohsuga/rails_awesome_events/app/models/concerns"], @app=#<ActionDispatch::HostAuthorization:0x000055ac5b4276d0 @app=#<Rack::Sendfile:0x000055ac5b4277e8 @app=#<ActionDispatch::Static:0x000055ac5b450530 @app=#<ActionDispatch::Executor:0x000055ac5b450670 @app=#<ActiveSupport::Cache::Strategy::LocalCache::Middleware:0x000055ac5a52bb18 @name="ActiveSupport::Cache::Strategy::LocalCache", @local_cache_key=:active_support_cache_null_store_local_cache_4760, @app=#<Rack::Runtime:0x000055ac5b450738 @app=#<Rack::MethodOverride:0x000055ac5b450878 @app=#<ActionDispatch::RequestId:0x000055ac5b4509b8 @app=#<ActionDispatch::RemoteIp:0x000055ac5b450aa8 @app=#<Rails::Rack::Logger:0x000055ac5b450b48 @app=#<ActionDispatch::ShowExceptions:0x000055ac5b450be8 @app=#<ActionDispatch::DebugExceptions:0x000055ac5b450cd8 @app=#<ActionDispatch::ActionableExceptions:0x000055ac5b450d50 @app=#<ActionDispatch::Reloader:0x000055ac5b450e40 @app=#<ActionDispatch::Callbacks:0x000055ac5b450f30 @app=#<ActionDispatch::Cookies:0x000055ac5b450fd0 @app=#<ActionDispatch::Session::CookieStore:0x000055ac5b451340 @app=#<ActionDispatch::ContentSecurityPolicy::Middleware:0x000055ac5b451430 @app=#<ActionDispatch::PermissionsPolicy::Middleware:0x000055ac5b451520 @app=#<Rack::Head:0x000055ac5b451598 @app=#<Rack::ConditionalGet:0x000055ac5b451660 @app=#<Rack::ETag:0x000055ac5b451728 @app=#<Rack::TempfileReaper:0x000055ac5b4517c8 @app=#<OmniAuth::Builder:0x000055ac5b451e30 @freeze_app=false, @warmup=nil, @run=#<ActionDispatch::Routing::RouteSet:0x000055ac5b78eaf8>, @map=nil, @use=[#<Proc:0x000055ac5b451840 /home/t-ohsuga/.rbenv/versions/3.0.0/lib/ruby/gems/3.0.0/gems/rack-2.2.3/lib/rack/builder.rb:158>], @options={}>>, @cache_control="max-age=0, private, must-revalidate", @no_cache_control="no-cache">>>>>, @default_options={:path=>"/", :domain=>nil, :expire_after=>nil, :secure=>false, :httponly=>true, :defer=>false, :renew=>false}, @key="_rails_awesome_events_session", @cookie_only=true, @same_site=nil>>>, @executor=#<Class:0x000055ac59d8fdf0>>>, @routes_app=#<RailsAwesomeEvents::Application:0x000055ac59c1e610 ...>, @response_format=:default, @interceptors=[]>, @exceptions_app=#<ActionDispatch::PublicExceptions:0x000055ac5b559c10 @public_path=#<Pathname:/home/t-ohsuga/rails_awesome_events/public>>>, @taggers=[]>, @check_ip=true, @proxies=[#<IPAddr: IPv4:127.0.0.0/255.0.0.0>, #<IPAddr: IPv6:0000:0000:0000:0000:0000:0000:0000:0001/ffff:ffff:ffff:ffff:ffff:ffff:ffff:ffff>, #<IPAddr: IPv6:fc00:0000:0000:0000:0000:0000:0000:0000/fe00:0000:0000:0000:0000:0000:0000:0000>, #<IPAddr: IPv4:10.0.0.0/255.0.0.0>, #<IPAddr: IPv4:172.16.0.0/255.240.0.0>, #<IPAddr: IPv4:192.168.0.0/255.255.0.0>]>, @header="X-Request-Id">>, @header_name="X-Runtime">>, @executor=#<Class:0x000055ac59bfea18>>, @file_handler=#<ActionDispatch::FileHandler:0x000055ac5b4504b8 @root="/home/t-ohsuga/rails_awesome_events/public", @index="index", @precompressed=["br", "gzip", "identity"], @compressible_content_types=/\A(?:text\/|application\/javascript)/, @file_server=#<Rack::Files:0x000055ac5b427a18 @root="/home/t-ohsuga/rails_awesome_events/public", @headers={"Cache-Control"=>"public, max-age=3600"}, @default_mime="text/plain", @head=#<Rack::Head:0x000055ac5b427888 @app=#<Proc:0x000055ac5b427900 /home/t-ohsuga/.rbenv/versions/3.0.0/lib/ruby/gems/3.0.0/gems/rack-2.2.3/lib/rack/files.rb:33 (lambda)>>>>>, @variation=nil, @mappings=[]>, @permissions=#<ActionDispatch::HostAuthorization::Permissions:0x000055ac5b427680 @hosts=[]>, @exclude=nil, @response_app=#<Proc:0x000055ac5b5caf50 /home/t-ohsuga/.rbenv/versions/3.0.0/lib/ruby/gems/3.0.0/gems/actionpack-6.1.3.2/lib/action_dispatch/middleware/host_authorization.rb:61 (lambda)>>, @config=#<Rails::Application::Configuration:0x000055ac59d8e1f8 @root=#<Pathname:/home/t-ohsuga/rails_awesome_events>, @generators=#<Rails::Configuration::Generators:0x000055ac5923ee10 @aliases={}, @options={:rails=>{:orm=>:active_record, :test_framework=>:test_unit, :integration_tool=>:test_unit, :system_tests=>:test_unit, :stylesheet_engine=>:scss, :template_engine=>:haml}, :active_record=>{:migration=>true, :timestamps=>true}, :test_unit=>{:fixture=>false, :fixture_replacement=>:factory_bot}}, @fallbacks={}, @templates=[], @colorize_logging=true, @api_only=false, @hidden_namespaces=["sass"], @after_generate_callbacks=[]>, @middleware=#<ActionDispatch::MiddlewareStack:0x000055ac5b5d5518 @middlewares=[ActionDispatch::HostAuthorization, Rack::Sendfile, ActionDispatch::Static, ActionDispatch::Executor, ActiveSupport::Cache::Strategy::LocalCache::Middleware, Rack::Runtime, Rack::MethodOverride, ActionDispatch::RequestId, ActionDispatch::RemoteIp, Rails::Rack::Logger, ActionDispatch::ShowExceptions, ActionDispatch::DebugExceptions, ActionDispatch::ActionableExceptions, ActionDispatch::Reloader, ActionDispatch::Callbacks, ActionDispatch::Cookies, ActionDispatch::Session::CookieStore, ActionDispatch::Flash, ActionDispatch::ContentSecurityPolicy::Middleware, ActionDispatch::PermissionsPolicy::Middleware, Rack::Head, Rack::ConditionalGet, Rack::ETag, Rack::TempfileReaper, OmniAuth::Builder]>, @javascript_path="javascript", @encoding=#<Encoding:UTF-8>, @allow_concurrency=nil, @consider_all_requests_local=true, @filter_parameters=[:passw, :secret, :token, :_key, :crypt, :salt, :certificate, :otp, :ssn], @filter_redirect=[], @helpers_paths=["/home/t-ohsuga/rails_awesome_events/app/helpers"], @hosts=[], @host_authorization={}, @public_file_server=#<ActiveSupport::OrderedOptions {:enabled=>true, :index_name=>"index", :headers=>{"Cache-Control"=>"public, max-age=3600"}}>, @force_ssl=false, @ssl_options={:hsts=>{:subdomains=>true}}, @session_store=:cookie_store, @time_zone="Tokyo", @beginning_of_week=:monday, @log_level=:debug, @cache_store=:null_store, @railties_order=[:all], @relative_url_root=nil, @reload_classes_only_on_change=true, @file_watcher=ActiveSupport::FileUpdateChecker, @exceptions_app=nil, @autoflush_log=true, @log_formatter=#<ActiveSupport::Logger::SimpleFormatter:0x000055ac59d8ca88 @datetime_format=nil>, @eager_load=false, @secret_key_base=nil, @api_only=false, @debug_exception_response_format=nil, @x=#<Rails::Application::Configuration::Custom:0x000055ac59d8c9c0 @configurations={}>, @enable_dependency_loading=false, @read_encrypted_secrets=false, @content_security_policy=nil, @content_security_policy_report_only=false, @content_security_policy_nonce_generator=nil, @content_security_policy_nonce_directives=nil, @require_master_key=false, @loaded_config_version=6.1, @credentials=#<ActiveSupport::OrderedOptions {:content_path=>#<Pathname:/home/t-ohsuga/rails_awesome_events/config/credentials.yml.enc>, :key_path=>#<Pathname:/home/t-ohsuga/rails_awesome_events/config/master.key>}>, @autoloader=:zeitwerk, @disable_sandbox=false, @add_autoload_paths_to_load_path=true, @permissions_policy=nil, @rake_eager_load=false, @paths=#<Rails::Paths::Root:0x000055ac5a2206a8 @path=#<Pathname:/home/t-ohsuga/rails_awesome_events>, @root={"app"=>#<Rails::Paths::Path:0x000055ac5a220478 @paths=["app"], @current="app", @root=#<Rails::Paths::Root:0x000055ac5a2206a8 ...>, @glob="{*,*/concerns}", @exclude=["assets", "javascript"], @autoload_once=false, @eager_load=true, @autoload=false, @load_path=false>, "app/assets"=>#<Rails::Paths::Path:0x000055ac5a2203b0 @paths=["app/assets"], @current="app/assets", @root=#<Rails::Paths::Root:0x000055ac5a2206a8 ...>, @glob="*", @exclude=nil, @autoload_once=false, @eager_load=false, @autoload=false, @load_path=false>, "app/controllers"=>#<Rails::Paths::Path:0x000055ac5a220298 @paths=["app/controllers"], @current="app/controllers", @root=#<Rails::Paths::Root:0x000055ac5a2206a8 ...>, @glob=nil, @exclude=nil, @autoload_once=false, @eager_load=true, @autoload=false, @load_path=false>, "app/channels"=>#<Rails::Paths::Path:0x000055ac5a2201d0 @paths=["app/channels"], @current="app/channels", @root=#<Rails::Paths::Root:0x000055ac5a2206a8 ...>, @glob="**/*_channel.rb", @exclude=nil, @autoload_once=false, @eager_load=true, @autoload=false, @load_path=false>, "app/helpers"=>#<Rails::Paths::Path:0x000055ac5a2200e0 @paths=["app/helpers"], @current="app/helpers", @root=#<Rails::Paths::Root:0x000055ac5a2206a8 ...>, @glob=nil, @exclude=nil, @autoload_once=false, @eager_load=true, @autoload=false, @load_path=false>, "app/models"=>#<Rails::Paths::Path:0x000055ac5a217fd0 @paths=["app/models"], @current="app/models", @root=#<Rails::Paths::Root:0x000055ac5a2206a8 ...>, @glob=nil, @exclude=nil, @autoload_once=false, @eager_load=true, @autoload=false, @load_path=false>, "app/mailers"=>#<Rails::Paths::Path:0x000055ac5a217ee0 @paths=["app/mailers"], @current="app/mailers", @root=#<Rails::Paths::Root:0x000055ac5a2206a8 ...>, @glob=nil, @exclude=nil, @autoload_once=false, @eager_load=true, @autoload=false, @load_path=false>, "app/views"=>#<Rails::Paths::Path:0x000055ac5a217df0 @paths=["app/views"], @current="app/views", @root=#<Rails::Paths::Root:0x000055ac5a2206a8 ...>, @glob=nil, @exclude=nil, @autoload_once=false, @eager_load=false, @autoload=false, @load_path=false>, "lib"=>#<Rails::Paths::Path:0x000055ac5a217d00 @paths=["lib"], @current="lib", @root=#<Rails::Paths::Root:0x000055ac5a2206a8 ...>, @glob=nil, @exclude=nil, @autoload_once=false, @eager_load=false, @autoload=false, @load_path=true>, "lib/assets"=>#<Rails::Paths::Path:0x000055ac5a217b70 @paths=["lib/assets"], @current="lib/assets", @root=#<Rails::Paths::Root:0x000055ac5a2206a8 ...>, @glob="*", @exclude=nil, @autoload_once=false, @eager_load=false, @autoload=false, @load_path=false>, "lib/tasks"=>#<Rails::Paths::Path:0x000055ac5a217968 @paths=["lib/tasks"], @current="lib/tasks", @root=#<Rails::Paths::Root:0x000055ac5a2206a8 ...>, @glob="**/*.rake", @exclude=nil, @autoload_once=false, @eager_load=false, @autoload=false, @load_path=false>, "config"=>#<Rails::Paths::Path:0x000055ac5a2178a0 @paths=["config"], @current="config", @root=#<Rails::Paths::Root:0x000055ac5a2206a8 ...>, @glob=nil, @exclude=nil, @autoload_once=false, @eager_load=false, @autoload=false, @load_path=false>, "config/environments"=>#<Rails::Paths::Path:0x000055ac5a217738 @paths=["config/environments"], @current="config/environments", @root=#<Rails::Paths::Root:0x000055ac5a2206a8 ...>, @glob="test.rb", @exclude=nil, @autoload_once=false, @eager_load=false, @autoload=false, @load_path=false>, "config/initializers"=>#<Rails::Paths::Path:0x000055ac5a217530 @paths=["config/initializers"], @current="config/initializers", @root=#<Rails::Paths::Root:0x000055ac5a2206a8 ...>, @glob="**/*.rb", @exclude=nil, @autoload_once=false, @eager_load=false, @autoload=false, @load_path=false>, "config/locales"=>#<Rails::Paths::Path:0x000055ac5a217490 @paths=["config/locales"], @current="config/locales", @root=#<Rails::Paths::Root:0x000055ac5a2206a8 ...>, @glob="*.{rb,yml}", @exclude=nil, @autoload_once=false, @eager_load=false, @autoload=false, @load_path=false>, "config/routes.rb"=>#<Rails::Paths::Path:0x000055ac5a217350 @paths=["config/routes.rb"], @current="config/routes.rb", @root=#<Rails::Paths::Root:0x000055ac5a2206a8 ...>, @glob=nil, @exclude=nil, @autoload_once=false, @eager_load=false, @autoload=false, @load_path=false>, "config/routes"=>#<Rails::Paths::Path:0x000055ac5a217260 @paths=["config/routes"], @current="config/routes", @root=#<Rails::Paths::Root:0x000055ac5a2206a8 ...>, @glob="**/*.rb", @exclude=nil, @autoload_once=false, @eager_load=false, @autoload=false, @load_path=false>, "db"=>#<Rails::Paths::Path:0x000055ac5a217148 @paths=["db"], @current="db", @root=#<Rails::Paths::Root:0x000055ac5a2206a8 ...>, @glob=nil, @exclude=nil, @autoload_once=false, @eager_load=false, @autoload=false, @load_path=false>, "db/migrate"=>#<Rails::Paths::Path:0x000055ac5a217030 @paths=["db/migrate"], @current="db/migrate", @root=#<Rails::Paths::Root:0x000055ac5a2206a8 ...>, @glob=nil, @exclude=nil, @autoload_once=false, @eager_load=false, @autoload=false, @load_path=false>, "db/seeds.rb"=>#<Rails::Paths::Path:0x000055ac5a216f40 @paths=["db/seeds.rb"], @current="db/seeds.rb", @root=#<Rails::Paths::Root:0x000055ac5a2206a8 ...>, @glob=nil, @exclude=nil, @autoload_once=false, @eager_load=false, @autoload=false, @load_path=false>, "vendor"=>#<Rails::Paths::Path:0x000055ac5a216e50 @paths=["vendor"], @current="vendor", @root=#<Rails::Paths::Root:0x000055ac5a2206a8 ...>, @glob=nil, @exclude=nil, @autoload_once=false, @eager_load=false, @autoload=false, @load_path=true>, "vendor/assets"=>#<Rails::Paths::Path:0x000055ac5a216d38 @paths=["vendor/assets"], @current="vendor/assets", @root=#<Rails::Paths::Root:0x000055ac5a2206a8 ...>, @glob="*", @exclude=nil, @autoload_once=false, @eager_load=false, @autoload=false, @load_path=false>, "config/database"=>#<Rails::Paths::Path:0x000055ac5a216c48 @paths=["config/database.yml"], @current="config/database", @root=#<Rails::Paths::Root:0x000055ac5a2206a8 ...>, @glob=nil, @exclude=nil, @autoload_once=false, @eager_load=false, @autoload=false, @load_path=false>, "config/secrets"=>#<Rails::Paths::Path:0x000055ac5a216b58 @paths=["config"], @current="config/secrets", @root=#<Rails::Paths::Root:0x000055ac5a2206a8 ...>, @glob="secrets.yml{,.enc}", @exclude=nil, @autoload_once=false, @eager_load=false, @autoload=false, @load_path=false>, "config/environment"=>#<Rails::Paths::Path:0x000055ac5a216a40 @paths=["config/environment.rb"], @current="config/environment", @root=#<Rails::Paths::Root:0x000055ac5a2206a8 ...>, @glob=nil, @exclude=nil, @autoload_once=false, @eager_load=false, @autoload=false, @load_path=false>, "lib/templates"=>#<Rails::Paths::Path:0x000055ac5a216978 @paths=["lib/templates"], @current="lib/templates", @root=#<Rails::Paths::Root:0x000055ac5a2206a8 ...>, @glob=nil, @exclude=nil, @autoload_once=false, @eager_load=false, @autoload=false, @load_path=false>, "log"=>#<Rails::Paths::Path:0x000055ac5a2163d8 @paths=["log/test.log"], @current="log", @root=#<Rails::Paths::Root:0x000055ac5a2206a8 ...>, @glob=nil, @exclude=nil, @autoload_once=false, @eager_load=false, @autoload=false, @load_path=false>, "public"=>#<Rails::Paths::Path:0x000055ac5a216180 @paths=["public"], @current="public", @root=#<Rails::Paths::Root:0x000055ac5a2206a8 ...>, @glob=nil, @exclude=nil, @autoload_once=false, @eager_load=false, @autoload=false, @load_path=false>, "public/javascripts"=>#<Rails::Paths::Path:0x000055ac5a215fc8 @paths=["public/javascripts"], @current="public/javascripts", @root=#<Rails::Paths::Root:0x000055ac5a2206a8 ...>, @glob=nil, @exclude=nil, @autoload_once=false, @eager_load=false, @autoload=false, @load_path=false>, "public/stylesheets"=>#<Rails::Paths::Path:0x000055ac5a215d20 @paths=["public/stylesheets"], @current="public/stylesheets", @root=#<Rails::Paths::Root:0x000055ac5a2206a8 ...>, @glob=nil, @exclude=nil, @autoload_once=false, @eager_load=false, @autoload=false, @load_path=false>, "tmp"=>#<Rails::Paths::Path:0x000055ac5a215bb8 @paths=["tmp"], @current="tmp", @root=#<Rails::Paths::Root:0x000055ac5a2206a8 ...>, @glob=nil, @exclude=nil, @autoload_once=false, @eager_load=false, @autoload=false, @load_path=false>}>, @cache_classes=false, @autoload_paths=[], @eager_load_paths=["/home/t-ohsuga/rails_awesome_events/app/controllers", "/home/t-ohsuga/rails_awesome_events/app/controllers/concerns", "/home/t-ohsuga/rails_awesome_events/app/forms", "/home/t-ohsuga/rails_awesome_events/app/helpers", "/home/t-ohsuga/rails_awesome_events/app/jobs", "/home/t-ohsuga/rails_awesome_events/app/models", "/home/t-ohsuga/rails_awesome_events/app/models/concerns"], @autoload_once_paths=[], @session_options={:key=>"_rails_awesome_events_session", :cookie_only=>true}>, @env_config=nil, @helpers=nil, @routes=#<ActionDispatch::Routing::RouteSet:0x000055ac5b78eaf8>, @app_build_lock=#<Thread::Mutex:0x000055ac59c1e340>, @initialized=true, @reloaders=[#<ActiveSupport::FileUpdateChecker:0x000055ac5b410200 @files=["/home/t-ohsuga/.rbenv/versions/3.0.0/lib/ruby/gems/3.0.0/gems/activesupport-6.1.3.2/lib/active_support/locale/en.yml", "/home/t-ohsuga/.rbenv/versions/3.0.0/lib/ruby/gems/3.0.0/gems/activesupport-6.1.3.2/lib/active_support/locale/en.rb", "/home/t-ohsuga/.rbenv/versions/3.0.0/lib/ruby/gems/3.0.0/gems/activemodel-6.1.3.2/lib/active_model/locale/en.yml", "/home/t-ohsuga/.rbenv/versions/3.0.0/lib/ruby/gems/3.0.0/gems/activerecord-6.1.3.2/lib/active_record/locale/en.yml", "/home/t-ohsuga/.rbenv/versions/3.0.0/lib/ruby/gems/3.0.0/gems/actionview-6.1.3.2/lib/action_view/locale/en.yml", "/home/t-ohsuga/.rbenv/versions/3.0.0/lib/ruby/gems/3.0.0/gems/rails-i18n-6.0.0/lib/rails_i18n/../../rails/locale/af.yml", "/home/t-ohsuga/.rbenv/versions/3.0.0/lib/ruby/gems/3.0.0/gems/rails-i18n-6.0.0/lib/rails_i18n/../../rails/locale/ar.yml", "/home/t-ohsuga/.rbenv/versions/3.0.0/lib/ruby/gems/3.0.0/gems/rails-i18n-6.0.0/lib/rails_i18n/../../rails/locale/az.yml", "/home/t-ohsuga/.rbenv/versions/3.0.0/lib/ruby/gems/3.0.0/gems/rails-i18n-6.0.0/lib/rails_i18n/../../rails/locale/be.yml", "/home/t-ohsuga/.rbenv/versions/3.0.0/lib/ruby/gems/3.0.0/gems/rails-i18n-6.0.0/lib/rails_i18n/../../rails/locale/bg.yml", "/home/t-ohsuga/.rbenv/versions/3.0.0/lib/ruby/gems/3.0.0/gems/rails-i18n-6.0.0/lib/rails_i18n/../../rails/locale/bn.yml", "/home/t-ohsuga/.rbenv/versions/3.0.0/lib/ruby/gems/3.0.0/gems/rails-i18n-6.0.0/lib/rails_i18n/../../rails/locale/bs.yml", "/home/t-ohsuga/.rbenv/versions/3.0.0/lib/ruby/gems/3.0.0/gems/rails-i18n-6.0.0/lib/rails_i18n/../../rails/locale/ca.yml", "/home/t-ohsuga/.rbenv/versions/3.0.0/lib/ruby/gems/3.0.0/gems/rails-i18n-6.0.0/lib/rails_i18n/../../rails/locale/cs.yml", "/home/t-ohsuga/.rbenv/versions/3.0.0/lib/ruby/gems/3.0.0/gems/rails-i18n-6.0.0/lib/rails_i18n/../../rails/locale/cy.yml", "/home/t-ohsuga/.rbenv/versions/3.0.0/lib/ruby/gems/3.0.0/gems/rails-i18n-6.0.0/lib/rails_i18n/../../rails/locale/da.yml", "/home/t-ohsuga/.rbenv/versions/3.0.0/lib/ruby/gems/3.0.0/gems/rails-i18n-6.0.0/lib/rails_i18n/../../rails/locale/de-AT.yml", "/home/t-ohsuga/.rbenv/versions/3.0.0/lib/ruby/gems/3.0.0/gems/rails-i18n-6.0.0/lib/rails_i18n/../../rails/locale/de-CH.yml", "/home/t-ohsuga/.rbenv/versions/3.0.0/lib/ruby/gems/3.0.0/gems/rails-i18n-6.0.0/lib/rails_i18n/../../rails/locale/de-DE.yml", "/home/t-ohsuga/.rbenv/versions/3.0.0/lib/ruby/gems/3.0.0/gems/rails-i18n-6.0.0/lib/rails_i18n/../../rails/locale/de.yml", "/home/t-ohsuga/.rbenv/versions/3.0.0/lib/ruby/gems/3.0.0/gems/rails-i18n-6.0.0/lib/rails_i18n/../../rails/locale/el-CY.yml", "/home/t-ohsuga/.rbenv/versions/3.0.0/lib/ruby/gems/3.0.0/gems/rails-i18n-6.0.0/lib/rails_i18n/../../rails/locale/el.yml", "/home/t-ohsuga/.rbenv/versions/3.0.0/lib/ruby/gems/3.0.0/gems/rails-i18n-6.0.0/lib/rails_i18n/../../rails/locale/en-AU.yml", "/home/t-ohsuga/.rbenv/versions/3.0.0/lib/ruby/gems/3.0.0/gems/rails-i18n-6.0.0/lib/rails_i18n/../../rails/locale/en-CA.yml", "/home/t-ohsuga/.rbenv/versions/3.0.0/lib/ruby/gems/3.0.0/gems/rails-i18n-6.0.0/lib/rails_i18n/../../rails/locale/en-CY.yml", "/home/t-ohsuga/.rbenv/versions/3.0.0/lib/ruby/gems/3.0.0/gems/rails-i18n-6.0.0/lib/rails_i18n/../../rails/locale/en-GB.yml", "/home/t-ohsuga/.rbenv/versions/3.0.0/lib/ruby/gems/3.0.0/gems/rails-i18n-6.0.0/lib/rails_i18n/../../rails/locale/en-IE.yml", "/home/t-ohsuga/.rbenv/versions/3.0.0/lib/ruby/gems/3.0.0/gems/rails-i18n-6.0.0/lib/rails_i18n/../../rails/locale/en-IN.yml", "/home/t-ohsuga/.rbenv/versions/3.0.0/lib/ruby/gems/3.0.0/gems/rails-i18n-6.0.0/lib/rails_i18n/../../rails/locale/en-NZ.yml", "/home/t-ohsuga/.rbenv/versions/3.0.0/lib/ruby/gems/3.0.0/gems/rails-i18n-6.0.0/lib/rails_i18n/../../rails/locale/en-US.yml", "/home/t-ohsuga/.rbenv/versions/3.0.0/lib/ruby/gems/3.0.0/gems/rails-i18n-6.0.0/lib/rails_i18n/../../rails/locale/en-ZA.yml", "/home/t-ohsuga/.rbenv/versions/3.0.0/lib/ruby/gems/3.0.0/gems/rails-i18n-6.0.0/lib/rails_i18n/../../rails/locale/en.yml", "/home/t-ohsuga/.rbenv/versions/3.0.0/lib/ruby/gems/3.0.0/gems/rails-i18n-6.0.0/lib/rails_i18n/../../rails/locale/eo.yml", "/home/t-ohsuga/.rbenv/versions/3.0.0/lib/ruby/gems/3.0.0/gems/rails-i18n-6.0.0/lib/rails_i18n/../../rails/locale/es-419.yml", "/home/t-ohsuga/.rbenv/versions/3.0.0/lib/ruby/gems/3.0.0/gems/rails-i18n-6.0.0/lib/rails_i18n/../../rails/locale/es-AR.yml", "/home/t-ohsuga/.rbenv/versions/3.0.0/lib/ruby/gems/3.0.0/gems/rails-i18n-6.0.0/lib/rails_i18n/../../rails/locale/es-CL.yml", "/home/t-ohsuga/.rbenv/versions/3.0.0/lib/ruby/gems/3.0.0/gems/rails-i18n-6.0.0/lib/rails_i18n/../../rails/locale/es-CO.yml", "/home/t-ohsuga/.rbenv/versions/3.0.0/lib/ruby/gems/3.0.0/gems/rails-i18n-6.0.0/lib/rails_i18n/../../rails/locale/es-CR.yml", "/home/t-ohsuga/.rbenv/versions/3.0.0/lib/ruby/gems/3.0.0/gems/rails-i18n-6.0.0/lib/rails_i18n/../../rails/locale/es-EC.yml", "/home/t-ohsuga/.rbenv/versions/3.0.0/lib/ruby/gems/3.0.0/gems/rails-i18n-6.0.0/lib/rails_i18n/../../rails/locale/es-ES.yml", "/home/t-ohsuga/.rbenv/versions/3.0.0/lib/ruby/gems/3.0.0/gems/rails-i18n-6.0.0/lib/rails_i18n/../../rails/locale/es-MX.yml", "/home/t-ohsuga/.rbenv/versions/3.0.0/lib/ruby/gems/3.0.0/gems/rails-i18n-6.0.0/lib/rails_i18n/../../rails/locale/es-NI.yml", "/home/t-ohsuga/.rbenv/versions/3.0.0/lib/ruby/gems/3.0.0/gems/rails-i18n-6.0.0/lib/rails_i18n/../../rails/locale/es-PA.yml", "/home/t-ohsuga/.rbenv/versions/3.0.0/lib/ruby/gems/3.0.0/gems/rails-i18n-6.0.0/lib/rails_i18n/../../rails/locale/es-PE.yml", "/home/t-ohsuga/.rbenv/versions/3.0.0/lib/ruby/gems/3.0.0/gems/rails-i18n-6.0.0/lib/rails_i18n/../../rails/locale/es-US.yml", "/home/t-ohsuga/.rbenv/versions/3.0.0/lib/ruby/gems/3.0.0/gems/rails-i18n-6.0.0/lib/rails_i18n/../../rails/locale/es-VE.yml", "/home/t-ohsuga/.rbenv/versions/3.0.0/lib/ruby/gems/3.0.0/gems/rails-i18n-6.0.0/lib/rails_i18n/../../rails/locale/es.yml", "/home/t-ohsuga/.rbenv/versions/3.0.0/lib/ruby/gems/3.0.0/gems/rails-i18n-6.0.0/lib/rails_i18n/../../rails/locale/et.yml", "/home/t-ohsuga/.rbenv/versions/3.0.0/lib/ruby/gems/3.0.0/gems/rails-i18n-6.0.0/lib/rails_i18n/../../rails/locale/eu.yml", "/home/t-ohsuga/.rbenv/versions/3.0.0/lib/ruby/gems/3.0.0/gems/rails-i18n-6.0.0/lib/rails_i18n/../../rails/locale/fa.yml", "/home/t-ohsuga/.rbenv/versions/3.0.0/lib/ruby/gems/3.0.0/gems/rails-i18n-6.0.0/lib/rails_i18n/../../rails/locale/fi.yml", "/home/t-ohsuga/.rbenv/versions/3.0.0/lib/ruby/gems/3.0.0/gems/rails-i18n-6.0.0/lib/rails_i18n/../../rails/locale/fr-CA.yml", "/home/t-ohsuga/.rbenv/versions/3.0.0/lib/ruby/gems/3.0.0/gems/rails-i18n-6.0.0/lib/rails_i18n/../../rails/locale/fr-CH.yml", "/home/t-ohsuga/.rbenv/versions/3.0.0/lib/ruby/gems/3.0.0/gems/rails-i18n-6.0.0/lib/rails_i18n/../../rails/locale/fr-FR.yml", "/home/t-ohsuga/.rbenv/versions/3.0.0/lib/ruby/gems/3.0.0/gems/rails-i18n-6.0.0/lib/rails_i18n/../../rails/locale/fr.yml", "/home/t-ohsuga/.rbenv/versions/3.0.0/lib/ruby/gems/3.0.0/gems/rails-i18n-6.0.0/lib/rails_i18n/../../rails/locale/gl.yml", "/home/t-ohsuga/.rbenv/versions/3.0.0/lib/ruby/gems/3.0.0/gems/rails-i18n-6.0.0/lib/rails_i18n/../../rails/locale/he.yml", "/home/t-ohsuga/.rbenv/versions/3.0.0/lib/ruby/gems/3.0.0/gems/rails-i18n-6.0.0/lib/rails_i18n/../../rails/locale/hi-IN.yml", "/home/t-ohsuga/.rbenv/versions/3.0.0/lib/ruby/gems/3.0.0/gems/rails-i18n-6.0.0/lib/rails_i18n/../../rails/locale/hi.yml", "/home/t-ohsuga/.rbenv/versions/3.0.0/lib/ruby/gems/3.0.0/gems/rails-i18n-6.0.0/lib/rails_i18n/../../rails/locale/hr.yml", "/home/t-ohsuga/.rbenv/versions/3.0.0/lib/ruby/gems/3.0.0/gems/rails-i18n-6.0.0/lib/rails_i18n/../../rails/locale/hu.yml", "/home/t-ohsuga/.rbenv/versions/3.0.0/lib/ruby/gems/3.0.0/gems/rails-i18n-6.0.0/lib/rails_i18n/../../rails/locale/id.yml", "/home/t-ohsuga/.rbenv/versions/3.0.0/lib/ruby/gems/3.0.0/gems/rails-i18n-6.0.0/lib/rails_i18n/../../rails/locale/is.yml", "/home/t-ohsuga/.rbenv/versions/3.0.0/lib/ruby/gems/3.0.0/gems/rails-i18n-6.0.0/lib/rails_i18n/../../rails/locale/it-CH.yml", "/home/t-ohsuga/.rbenv/versions/3.0.0/lib/ruby/gems/3.0.0/gems/rails-i18n-6.0.0/lib/rails_i18n/../../rails/locale/it.yml", "/home/t-ohsuga/.rbenv/versions/3.0.0/lib/ruby/gems/3.0.0/gems/rails-i18n-6.0.0/lib/rails_i18n/../../rails/locale/ja.yml", "/home/t-ohsuga/.rbenv/versions/3.0.0/lib/ruby/gems/3.0.0/gems/rails-i18n-6.0.0/lib/rails_i18n/../../rails/locale/ka.yml", "/home/t-ohsuga/.rbenv/versions/3.0.0/lib/ruby/gems/3.0.0/gems/rails-i18n-6.0.0/lib/rails_i18n/../../rails/locale/km.yml", "/home/t-ohsuga/.rbenv/versions/3.0.0/lib/ruby/gems/3.0.0/gems/rails-i18n-6.0.0/lib/rails_i18n/../../rails/locale/kn.yml", "/home/t-ohsuga/.rbenv/versions/3.0.0/lib/ruby/gems/3.0.0/gems/rails-i18n-6.0.0/lib/rails_i18n/../../rails/locale/ko.yml", "/home/t-ohsuga/.rbenv/versions/3.0.0/lib/ruby/gems/3.0.0/gems/rails-i18n-6.0.0/lib/rails_i18n/../../rails/locale/lb.yml", "/home/t-ohsuga/.rbenv/versions/3.0.0/lib/ruby/gems/3.0.0/gems/rails-i18n-6.0.0/lib/rails_i18n/../../rails/locale/lo.yml", "/home/t-ohsuga/.rbenv/versions/3.0.0/lib/ruby/gems/3.0.0/gems/rails-i18n-6.0.0/lib/rails_i18n/../../rails/locale/lt.yml", "/home/t-ohsuga/.rbenv/versions/3.0.0/lib/ruby/gems/3.0.0/gems/rails-i18n-6.0.0/lib/rails_i18n/../../rails/locale/lv.yml", "/home/t-ohsuga/.rbenv/versions/3.0.0/lib/ruby/gems/3.0.0/gems/rails-i18n-6.0.0/lib/rails_i18n/../../rails/locale/mg.yml", "/home/t-ohsuga/.rbenv/versions/3.0.0/lib/ruby/gems/3.0.0/gems/rails-i18n-6.0.0/lib/rails_i18n/../../rails/locale/mk.yml", "/home/t-ohsuga/.rbenv/versions/3.0.0/lib/ruby/gems/3.0.0/gems/rails-i18n-6.0.0/lib/rails_i18n/../../rails/locale/ml.yml", "/home/t-ohsuga/.rbenv/versions/3.0.0/lib/ruby/gems/3.0.0/gems/rails-i18n-6.0.0/lib/rails_i18n/../../rails/locale/mn.yml", "/home/t-ohsuga/.rbenv/versions/3.0.0/lib/ruby/gems/3.0.0/gems/rails-i18n-6.0.0/lib/rails_i18n/../../rails/locale/mr-IN.yml", "/home/t-ohsuga/.rbenv/versions/3.0.0/lib/ruby/gems/3.0.0/gems/rails-i18n-6.0.0/lib/rails_i18n/../../rails/locale/ms.yml", "/home/t-ohsuga/.rbenv/versions/3.0.0/lib/ruby/gems/3.0.0/gems/rails-i18n-6.0.0/lib/rails_i18n/../../rails/locale/nb.yml", "/home/t-ohsuga/.rbenv/versions/3.0.0/lib/ruby/gems/3.0.0/gems/rails-i18n-6.0.0/lib/rails_i18n/../../rails/locale/ne.yml", "/home/t-ohsuga/.rbenv/versions/3.0.0/lib/ruby/gems/3.0.0/gems/rails-i18n-6.0.0/lib/rails_i18n/../../rails/locale/nl.yml", "/home/t-ohsuga/.rbenv/versions/3.0.0/lib/ruby/gems/3.0.0/gems/rails-i18n-6.0.0/lib/rails_i18n/../../rails/locale/nn.yml", "/home/t-ohsuga/.rbenv/versions/3.0.0/lib/ruby/gems/3.0.0/gems/rails-i18n-6.0.0/lib/rails_i18n/../../rails/locale/oc.yml", "/home/t-ohsuga/.rbenv/versions/3.0.0/lib/ruby/gems/3.0.0/gems/rails-i18n-6.0.0/lib/rails_i18n/../../rails/locale/or.yml", "/home/t-ohsuga/.rbenv/versions/3.0.0/lib/ruby/gems/3.0.0/gems/rails-i18n-6.0.0/lib/rails_i18n/../../rails/locale/pa.yml", "/home/t-ohsuga/.rbenv/versions/3.0.0/lib/ruby/gems/3.0.0/gems/rails-i18n-6.0.0/lib/rails_i18n/../../rails/locale/pl.yml", "/home/t-ohsuga/.rbenv/versions/3.0.0/lib/ruby/gems/3.0.0/gems/rails-i18n-6.0.0/lib/rails_i18n/../../rails/locale/pt-BR.yml", "/home/t-ohsuga/.rbenv/versions/3.0.0/lib/ruby/gems/3.0.0/gems/rails-i18n-6.0.0/lib/rails_i18n/../../rails/locale/pt.yml", "/home/t-ohsuga/.rbenv/versions/3.0.0/lib/ruby/gems/3.0.0/gems/rails-i18n-6.0.0/lib/rails_i18n/../../rails/locale/rm.yml", "/home/t-ohsuga/.rbenv/versions/3.0.0/lib/ruby/gems/3.0.0/gems/rails-i18n-6.0.0/lib/rails_i18n/../../rails/locale/ro.yml", "/home/t-ohsuga/.rbenv/versions/3.0.0/lib/ruby/gems/3.0.0/gems/rails-i18n-6.0.0/lib/rails_i18n/../../rails/locale/ru.yml", "/home/t-ohsuga/.rbenv/versions/3.0.0/lib/ruby/gems/3.0.0/gems/rails-i18n-6.0.0/lib/rails_i18n/../../rails/locale/sk.yml", "/home/t-ohsuga/.rbenv/versions/3.0.0/lib/ruby/gems/3.0.0/gems/rails-i18n-6.0.0/lib/rails_i18n/../../rails/locale/sl.yml", "/home/t-ohsuga/.rbenv/versions/3.0.0/lib/ruby/gems/3.0.0/gems/rails-i18n-6.0.0/lib/rails_i18n/../../rails/locale/sq.yml", "/home/t-ohsuga/.rbenv/versions/3.0.0/lib/ruby/gems/3.0.0/gems/rails-i18n-6.0.0/lib/rails_i18n/../../rails/locale/sr.yml", "/home/t-ohsuga/.rbenv/versions/3.0.0/lib/ruby/gems/3.0.0/gems/rails-i18n-6.0.0/lib/rails_i18n/../../rails/locale/sv-SE.yml", "/home/t-ohsuga/.rbenv/versions/3.0.0/lib/ruby/gems/3.0.0/gems/rails-i18n-6.0.0/lib/rails_i18n/../../rails/locale/sv.yml", "/home/t-ohsuga/.rbenv/versions/3.0.0/lib/ruby/gems/3.0.0/gems/rails-i18n-6.0.0/lib/rails_i18n/../../rails/locale/sw.yml", "/home/t-ohsuga/.rbenv/versions/3.0.0/lib/ruby/gems/3.0.0/gems/rails-i18n-6.0.0/lib/rails_i18n/../../rails/locale/ta.yml", "/home/t-ohsuga/.rbenv/versions/3.0.0/lib/ruby/gems/3.0.0/gems/rails-i18n-6.0.0/lib/rails_i18n/../../rails/locale/te.yml", "/home/t-ohsuga/.rbenv/versions/3.0.0/lib/ruby/gems/3.0.0/gems/rails-i18n-6.0.0/lib/rails_i18n/../../rails/locale/th.yml", "/home/t-ohsuga/.rbenv/versions/3.0.0/lib/ruby/gems/3.0.0/gems/rails-i18n-6.0.0/lib/rails_i18n/../../rails/locale/tl.yml", "/home/t-ohsuga/.rbenv/versions/3.0.0/lib/ruby/gems/3.0.0/gems/rails-i18n-6.0.0/lib/rails_i18n/../../rails/locale/tr.yml", "/home/t-ohsuga/.rbenv/versions/3.0.0/lib/ruby/gems/3.0.0/gems/rails-i18n-6.0.0/lib/rails_i18n/../../rails/locale/tt.yml", "/home/t-ohsuga/.rbenv/versions/3.0.0/lib/ruby/gems/3.0.0/gems/rails-i18n-6.0.0/lib/rails_i18n/../../rails/locale/ug.yml", "/home/t-ohsuga/.rbenv/versions/3.0.0/lib/ruby/gems/3.0.0/gems/rails-i18n-6.0.0/lib/rails_i18n/../../rails/locale/uk.yml", "/home/t-ohsuga/.rbenv/versions/3.0.0/lib/ruby/gems/3.0.0/gems/rails-i18n-6.0.0/lib/rails_i18n/../../rails/locale/ur.yml", "/home/t-ohsuga/.rbenv/versions/3.0.0/lib/ruby/gems/3.0.0/gems/rails-i18n-6.0.0/lib/rails_i18n/../../rails/locale/uz.yml", "/home/t-ohsuga/.rbenv/versions/3.0.0/lib/ruby/gems/3.0.0/gems/rails-i18n-6.0.0/lib/rails_i18n/../../rails/locale/vi.yml", "/home/t-ohsuga/.rbenv/versions/3.0.0/lib/ruby/gems/3.0.0/gems/rails-i18n-6.0.0/lib/rails_i18n/../../rails/locale/wo.yml", "/home/t-ohsuga/.rbenv/versions/3.0.0/lib/ruby/gems/3.0.0/gems/rails-i18n-6.0.0/lib/rails_i18n/../../rails/locale/zh-CN.yml", "/home/t-ohsuga/.rbenv/versions/3.0.0/lib/ruby/gems/3.0.0/gems/rails-i18n-6.0.0/lib/rails_i18n/../../rails/locale/zh-HK.yml", "/home/t-ohsuga/.rbenv/versions/3.0.0/lib/ruby/gems/3.0.0/gems/rails-i18n-6.0.0/lib/rails_i18n/../../rails/locale/zh-TW.yml", "/home/t-ohsuga/.rbenv/versions/3.0.0/lib/ruby/gems/3.0.0/gems/rails-i18n-6.0.0/lib/rails_i18n/../../rails/locale/zh-YUE.yml", "/home/t-ohsuga/.rbenv/versions/3.0.0/lib/ruby/gems/3.0.0/gems/rails-i18n-6.0.0/lib/rails_i18n/../../rails/pluralization/ak.rb", "/home/t-ohsuga/.rbenv/versions/3.0.0/lib/ruby/gems/3.0.0/gems/rails-i18n-6.0.0/lib/rails_i18n/../../rails/pluralization/am.rb", "/home/t-ohsuga/.rbenv/versions/3.0.0/lib/ruby/gems/3.0.0/gems/rails-i18n-6.0.0/lib/rails_i18n/../../rails/pluralization/ar.rb", "/home/t-ohsuga/.rbenv/versions/3.0.0/lib/ruby/gems/3.0.0/gems/rails-i18n-6.0.0/lib/rails_i18n/../../rails/pluralization/az.rb", "/home/t-ohsuga/.rbenv/versions/3.0.0/lib/ruby/gems/3.0.0/gems/rails-i18n-6.0.0/lib/rails_i18n/../../rails/pluralization/be.rb", "/home/t-ohsuga/.rbenv/versions/3.0.0/lib/ruby/gems/3.0.0/gems/rails-i18n-6.0.0/lib/rails_i18n/../../rails/pluralization/bg.rb", "/home/t-ohsuga/.rbenv/versions/3.0.0/lib/ruby/gems/3.0.0/gems/rails-i18n-6.0.0/lib/rails_i18n/../../rails/pluralization/bh.rb", "/home/t-ohsuga/.rbenv/versions/3.0.0/lib/ruby/gems/3.0.0/gems/rails-i18n-6.0.0/lib/rails_i18n/../../rails/pluralization/bm.rb", "/home/t-ohsuga/.rbenv/versions/3.0.0/lib/ruby/gems/3.0.0/gems/rails-i18n-6.0.0/lib/rails_i18n/../../rails/pluralization/bn.rb", "/home/t-ohsuga/.rbenv/versions/3.0.0/lib/ruby/gems/3.0.0/gems/rails-i18n-6.0.0/lib/rails_i18n/../../rails/pluralization/bo.rb", "/home/t-ohsuga/.rbenv/versions/3.0.0/lib/ruby/gems/3.0.0/gems/rails-i18n-6.0.0/lib/rails_i18n/../../rails/pluralization/br.rb", "/home/t-ohsuga/.rbenv/versions/3.0.0/lib/ruby/gems/3.0.0/gems/rails-i18n-6.0.0/lib/rails_i18n/../../rails/pluralization/bs.rb", "/home/t-ohsuga/.rbenv/versions/3.0.0/lib/ruby/gems/3.0.0/gems/rails-i18n-6.0.0/lib/rails_i18n/../../rails/pluralization/by.rb", "/home/t-ohsuga/.rbenv/versions/3.0.0/lib/ruby/gems/3.0.0/gems/rails-i18n-6.0.0/lib/rails_i18n/../../rails/pluralization/ca.rb", "/home/t-ohsuga/.rbenv/versions/3.0.0/lib/ruby/gems/3.0.0/gems/rails-i18n-6.0.0/lib/rails_i18n/../../rails/pluralization/cs.rb", "/home/t-ohsuga/.rbenv/versions/3.0.0/lib/ruby/gems/3.0.0/gems/rails-i18n-6.0.0/lib/rails_i18n/../../rails/pluralization/cy.rb", "/home/t-ohsuga/.rbenv/versions/3.0.0/lib/ruby/gems/3.0.0/gems/rails-i18n-6.0.0/lib/rails_i18n/../../rails/pluralization/da.rb", "/home/t-ohsuga/.rbenv/versions/3.0.0/lib/ruby/gems/3.0.0/gems/rails-i18n-6.0.0/lib/rails_i18n/../../rails/pluralization/de-AT.rb", "/home/t-ohsuga/.rbenv/versions/3.0.0/lib/ruby/gems/3.0.0/gems/rails-i18n-6.0.0/lib/rails_i18n/../../rails/pluralization/de-CH.rb", "/home/t-ohsuga/.rbenv/versions/3.0.0/lib/ruby/gems/3.0.0/gems/rails-i18n-6.0.0/lib/rails_i18n/../../rails/pluralization/de-DE.rb", "/home/t-ohsuga/.rbenv/versions/3.0.0/lib/ruby/gems/3.0.0/gems/rails-i18n-6.0.0/lib/rails_i18n/../../rails/pluralization/de.rb", "/home/t-ohsuga/.rbenv/versions/3.0.0/lib/ruby/gems/3.0.0/gems/rails-i18n-6.0.0/lib/rails_i18n/../../rails/pluralization/dz.rb", "/home/t-ohsuga/.rbenv/versions/3.0.0/lib/ruby/gems/3.0.0/gems/rails-i18n-6.0.0/lib/rails_i18n/../../rails/pluralization/el.rb", "/home/t-ohsuga/.rbenv/versions/3.0.0/lib/ruby/gems/3.0.0/gems/rails-i18n-6.0.0/lib/rails_i18n/../../rails/pluralization/en-AU.rb", "/home/t-ohsuga/.rbenv/versions/3.0.0/lib/ruby/gems/3.0.0/gems/rails-i18n-6.0.0/lib/rails_i18n/../../rails/pluralization/en-CA.rb", "/home/t-ohsuga/.rbenv/versions/3.0.0/lib/ruby/gems/3.0.0/gems/rails-i18n-6.0.0/lib/rails_i18n/../../rails/pluralization/en-GB.rb", "/home/t-ohsuga/.rbenv/versions/3.0.0/lib/ruby/gems/3.0.0/gems/rails-i18n-6.0.0/lib/rails_i18n/../../rails/pluralization/en-IN.rb", "/home/t-ohsuga/.rbenv/versions/3.0.0/lib/ruby/gems/3.0.0/gems/rails-i18n-6.0.0/lib/rails_i18n/../../rails/pluralization/en-NZ.rb", "/home/t-ohsuga/.rbenv/versions/3.0.0/lib/ruby/gems/3.0.0/gems/rails-i18n-6.0.0/lib/rails_i18n/../../rails/pluralization/en.rb", "/home/t-ohsuga/.rbenv/versions/3.0.0/lib/ruby/gems/3.0.0/gems/rails-i18n-6.0.0/lib/rails_i18n/../../rails/pluralization/eo.rb", "/home/t-ohsuga/.rbenv/versions/3.0.0/lib/ruby/gems/3.0.0/gems/rails-i18n-6.0.0/lib/rails_i18n/../../rails/pluralization/es-419.rb", "/home/t-ohsuga/.rbenv/versions/3.0.0/lib/ruby/gems/3.0.0/gems/rails-i18n-6.0.0/lib/rails_i18n/../../rails/pluralization/es-AR.rb", "/home/t-ohsuga/.rbenv/versions/3.0.0/lib/ruby/gems/3.0.0/gems/rails-i18n-6.0.0/lib/rails_i18n/../../rails/pluralization/es-CL.rb", "/home/t-ohsuga/.rbenv/versions/3.0.0/lib/ruby/gems/3.0.0/gems/rails-i18n-6.0.0/lib/rails_i18n/../../rails/pluralization/es-CO.rb", "/home/t-ohsuga/.rbenv/versions/3.0.0/lib/ruby/gems/3.0.0/gems/rails-i18n-6.0.0/lib/rails_i18n/../../rails/pluralization/es-CR.rb", "/home/t-ohsuga/.rbenv/versions/3.0.0/lib/ruby/gems/3.0.0/gems/rails-i18n-6.0.0/lib/rails_i18n/../../rails/pluralization/es-EC.rb", "/home/t-ohsuga/.rbenv/versions/3.0.0/lib/ruby/gems/3.0.0/gems/rails-i18n-6.0.0/lib/rails_i18n/../../rails/pluralization/es-ES.rb", "/home/t-ohsuga/.rbenv/versions/3.0.0/lib/ruby/gems/3.0.0/gems/rails-i18n-6.0.0/lib/rails_i18n/../../rails/pluralization/es-MX.rb", "/home/t-ohsuga/.rbenv/versions/3.0.0/lib/ruby/gems/3.0.0/gems/rails-i18n-6.0.0/lib/rails_i18n/../../rails/pluralization/es-NI.rb", "/home/t-ohsuga/.rbenv/versions/3.0.0/lib/ruby/gems/3.0.0/gems/rails-i18n-6.0.0/lib/rails_i18n/../../rails/pluralization/es-PA.rb", "/home/t-ohsuga/.rbenv/versions/3.0.0/lib/ruby/gems/3.0.0/gems/rails-i18n-6.0.0/lib/rails_i18n/../../rails/pluralization/es-PE.rb", "/home/t-ohsuga/.rbenv/versions/3.0.0/lib/ruby/gems/3.0.0/gems/rails-i18n-6.0.0/lib/rails_i18n/../../rails/pluralization/es-US.rb", "/home/t-ohsuga/.rbenv/versions/3.0.0/lib/ruby/gems/3.0.0/gems/rails-i18n-6.0.0/lib/rails_i18n/../../rails/pluralization/es-VE.rb", "/home/t-ohsuga/.rbenv/versions/3.0.0/lib/ruby/gems/3.0.0/gems/rails-i18n-6.0.0/lib/rails_i18n/../../rails/pluralization/es.rb", "/home/t-ohsuga/.rbenv/versions/3.0.0/lib/ruby/gems/3.0.0/gems/rails-i18n-6.0.0/lib/rails_i18n/../../rails/pluralization/et.rb", "/home/t-ohsuga/.rbenv/versions/3.0.0/lib/ruby/gems/3.0.0/gems/rails-i18n-6.0.0/lib/rails_i18n/../../rails/pluralization/eu.rb", "/home/t-ohsuga/.rbenv/versions/3.0.0/lib/ruby/gems/3.0.0/gems/rails-i18n-6.0.0/lib/rails_i18n/../../rails/pluralization/fa.rb", "/home/t-ohsuga/.rbenv/versions/3.0.0/lib/ruby/gems/3.0.0/gems/rails-i18n-6.0.0/lib/rails_i18n/../../rails/pluralization/ff.rb", "/home/t-ohsuga/.rbenv/versions/3.0.0/lib/ruby/gems/3.0.0/gems/rails-i18n-6.0.0/lib/rails_i18n/../../rails/pluralization/fi.rb", "/home/t-ohsuga/.rbenv/versions/3.0.0/lib/ruby/gems/3.0.0/gems/rails-i18n-6.0.0/lib/rails_i18n/../../rails/pluralization/fr-CA.rb", "/home/t-ohsuga/.rbenv/versions/3.0.0/lib/ruby/gems/3.0.0/gems/rails-i18n-6.0.0/lib/rails_i18n/../../rails/pluralization/fr-CH.rb", "/home/t-ohsuga/.rbenv/versions/3.0.0/lib/ruby/gems/3.0.0/gems/rails-i18n-6.0.0/lib/rails_i18n/../../rails/pluralization/fr-FR.rb", "/home/t-ohsuga/.rbenv/versions/3.0.0/lib/ruby/gems/3.0.0/gems/rails-i18n-6.0.0/lib/rails_i18n/../../rails/pluralization/fr.rb", "/home/t-ohsuga/.rbenv/versions/3.0.0/lib/ruby/gems/3.0.0/gems/rails-i18n-6.0.0/lib/rails_i18n/../../rails/pluralization/ga.rb", "/home/t-ohsuga/.rbenv/versions/3.0.0/lib/ruby/gems/3.0.0/gems/rails-i18n-6.0.0/lib/rails_i18n/../../rails/pluralization/gd.rb", "/home/t-ohsuga/.rbenv/versions/3.0.0/lib/ruby/gems/3.0.0/gems/rails-i18n-6.0.0/lib/rails_i18n/../../rails/pluralization/gl.rb", "/home/t-ohsuga/.rbenv/versions/3.0.0/lib/ruby/gems/3.0.0/gems/rails-i18n-6.0.0/lib/rails_i18n/../../rails/pluralization/guw.rb", "/home/t-ohsuga/.rbenv/versions/3.0.0/lib/ruby/gems/3.0.0/gems/rails-i18n-6.0.0/lib/rails_i18n/../../rails/pluralization/gv.rb", "/home/t-ohsuga/.rbenv/versions/3.0.0/lib/ruby/gems/3.0.0/gems/rails-i18n-6.0.0/lib/rails_i18n/../../rails/pluralization/he.rb", "/home/t-ohsuga/.rbenv/versions/3.0.0/lib/ruby/gems/3.0.0/gems/rails-i18n-6.0.0/lib/rails_i18n/../../rails/pluralization/hi-IN.rb", "/home/t-ohsuga/.rbenv/versions/3.0.0/lib/ruby/gems/3.0.0/gems/rails-i18n-6.0.0/lib/rails_i18n/../../rails/pluralization/hi.rb", "/home/t-ohsuga/.rbenv/versions/3.0.0/lib/ruby/gems/3.0.0/gems/rails-i18n-6.0.0/lib/rails_i18n/../../rails/pluralization/hr.rb", "/home/t-ohsuga/.rbenv/versions/3.0.0/lib/ruby/gems/3.0.0/gems/rails-i18n-6.0.0/lib/rails_i18n/../../rails/pluralization/hsb.rb", "/home/t-ohsuga/.rbenv/versions/3.0.0/lib/ruby/gems/3.0.0/gems/rails-i18n-6.0.0/lib/rails_i18n/../../rails/pluralization/hu.rb", "/home/t-ohsuga/.rbenv/versions/3.0.0/lib/ruby/gems/3.0.0/gems/rails-i18n-6.0.0/lib/rails_i18n/../../rails/pluralization/id.rb", "/home/t-ohsuga/.rbenv/versions/3.0.0/lib/ruby/gems/3.0.0/gems/rails-i18n-6.0.0/lib/rails_i18n/../../rails/pluralization/ig.rb", "/home/t-ohsuga/.rbenv/versions/3.0.0/lib/ruby/gems/3.0.0/gems/rails-i18n-6.0.0/lib/rails_i18n/../../rails/pluralization/ii.rb", "/home/t-ohsuga/.rbenv/versions/3.0.0/lib/ruby/gems/3.0.0/gems/rails-i18n-6.0.0/lib/rails_i18n/../../rails/pluralization/is.rb", "/home/t-ohsuga/.rbenv/versions/3.0.0/lib/ruby/gems/3.0.0/gems/rails-i18n-6.0.0/lib/rails_i18n/../../rails/pluralization/it-CH.rb", "/home/t-ohsuga/.rbenv/versions/3.0.0/lib/ruby/gems/3.0.0/gems/rails-i18n-6.0.0/lib/rails_i18n/../../rails/pluralization/it.rb", "/home/t-ohsuga/.rbenv/versions/3.0.0/lib/ruby/gems/3.0.0/gems/rails-i18n-6.0.0/lib/rails_i18n/../../rails/pluralization/iu.rb", "/home/t-ohsuga/.rbenv/versions/3.0.0/lib/ruby/gems/3.0.0/gems/rails-i18n-6.0.0/lib/rails_i18n/../../rails/pluralization/ja.rb", "/home/t-ohsuga/.rbenv/versions/3.0.0/lib/ruby/gems/3.0.0/gems/rails-i18n-6.0.0/lib/rails_i18n/../../rails/pluralization/jv.rb", "/home/t-ohsuga/.rbenv/versions/3.0.0/lib/ruby/gems/3.0.0/gems/rails-i18n-6.0.0/lib/rails_i18n/../../rails/pluralization/ka.rb", "/home/t-ohsuga/.rbenv/versions/3.0.0/lib/ruby/gems/3.0.0/gems/rails-i18n-6.0.0/lib/rails_i18n/../../rails/pluralization/kab.rb", "/home/t-ohsuga/.rbenv/versions/3.0.0/lib/ruby/gems/3.0.0/gems/rails-i18n-6.0.0/lib/rails_i18n/../../rails/pluralization/kde.rb", "/home/t-ohsuga/.rbenv/versions/3.0.0/lib/ruby/gems/3.0.0/gems/rails-i18n-6.0.0/lib/rails_i18n/../../rails/pluralization/kea.rb", "/home/t-ohsuga/.rbenv/versions/3.0.0/lib/ruby/gems/3.0.0/gems/rails-i18n-6.0.0/lib/rails_i18n/../../rails/pluralization/km.rb", "/home/t-ohsuga/.rbenv/versions/3.0.0/lib/ruby/gems/3.0.0/gems/rails-i18n-6.0.0/lib/rails_i18n/../../rails/pluralization/kn.rb", "/home/t-ohsuga/.rbenv/versions/3.0.0/lib/ruby/gems/3.0.0/gems/rails-i18n-6.0.0/lib/rails_i18n/../../rails/pluralization/ko.rb", "/home/t-ohsuga/.rbenv/versions/3.0.0/lib/ruby/gems/3.0.0/gems/rails-i18n-6.0.0/lib/rails_i18n/../../rails/pluralization/ksh.rb", "/home/t-ohsuga/.rbenv/versions/3.0.0/lib/ruby/gems/3.0.0/gems/rails-i18n-6.0.0/lib/rails_i18n/../../rails/pluralization/kw.rb", "/home/t-ohsuga/.rbenv/versions/3.0.0/lib/ruby/gems/3.0.0/gems/rails-i18n-6.0.0/lib/rails_i18n/../../rails/pluralization/lag.rb", "/home/t-ohsuga/.rbenv/versions/3.0.0/lib/ruby/gems/3.0.0/gems/rails-i18n-6.0.0/lib/rails_i18n/../../rails/pluralization/ln.rb", "/home/t-ohsuga/.rbenv/versions/3.0.0/lib/ruby/gems/3.0.0/gems/rails-i18n-6.0.0/lib/rails_i18n/../../rails/pluralization/lo.rb", "/home/t-ohsuga/.rbenv/versions/3.0.0/lib/ruby/gems/3.0.0/gems/rails-i18n-6.0.0/lib/rails_i18n/../../rails/pluralization/lt.rb", "/home/t-ohsuga/.rbenv/versions/3.0.0/lib/ruby/gems/3.0.0/gems/rails-i18n-6.0.0/lib/rails_i18n/../../rails/pluralization/lv.rb", "/home/t-ohsuga/.rbenv/versions/3.0.0/lib/ruby/gems/3.0.0/gems/rails-i18n-6.0.0/lib/rails_i18n/../../rails/pluralization/mg.rb", "/home/t-ohsuga/.rbenv/versions/3.0.0/lib/ruby/gems/3.0.0/gems/rails-i18n-6.0.0/lib/rails_i18n/../../rails/pluralization/mk.rb", "/home/t-ohsuga/.rbenv/versions/3.0.0/lib/ruby/gems/3.0.0/gems/rails-i18n-6.0.0/lib/rails_i18n/../../rails/pluralization/ml.rb", "/home/t-ohsuga/.rbenv/versions/3.0.0/lib/ruby/gems/3.0.0/gems/rails-i18n-6.0.0/lib/rails_i18n/../../rails/pluralization/mn.rb", "/home/t-ohsuga/.rbenv/versions/3.0.0/lib/ruby/gems/3.0.0/gems/rails-i18n-6.0.0/lib/rails_i18n/../../rails/pluralization/mo.rb", "/home/t-ohsuga/.rbenv/versions/3.0.0/lib/ruby/gems/3.0.0/gems/rails-i18n-6.0.0/lib/rails_i18n/../../rails/pluralization/mr-IN.rb", "/home/t-ohsuga/.rbenv/versions/3.0.0/lib/ruby/gems/3.0.0/gems/rails-i18n-6.0.0/lib/rails_i18n/../../rails/pluralization/ms.rb", "/home/t-ohsuga/.rbenv/versions/3.0.0/lib/ruby/gems/3.0.0/gems/rails-i18n-6.0.0/lib/rails_i18n/../../rails/pluralization/mt.rb", "/home/t-ohsuga/.rbenv/versions/3.0.0/lib/ruby/gems/3.0.0/gems/rails-i18n-6.0.0/lib/rails_i18n/../../rails/pluralization/my.rb", "/home/t-ohsuga/.rbenv/versions/3.0.0/lib/ruby/gems/3.0.0/gems/rails-i18n-6.0.0/lib/rails_i18n/../../rails/pluralization/naq.rb", "/home/t-ohsuga/.rbenv/versions/3.0.0/lib/ruby/gems/3.0.0/gems/rails-i18n-6.0.0/lib/rails_i18n/../../rails/pluralization/nb.rb", "/home/t-ohsuga/.rbenv/versions/3.0.0/lib/ruby/gems/3.0.0/gems/rails-i18n-6.0.0/lib/rails_i18n/../../rails/pluralization/ne.rb", "/home/t-ohsuga/.rbenv/versions/3.0.0/lib/ruby/gems/3.0.0/gems/rails-i18n-6.0.0/lib/rails_i18n/../../rails/pluralization/nl.rb", "/home/t-ohsuga/.rbenv/versions/3.0.0/lib/ruby/gems/3.0.0/gems/rails-i18n-6.0.0/lib/rails_i18n/../../rails/pluralization/nn.rb", "/home/t-ohsuga/.rbenv/versions/3.0.0/lib/ruby/gems/3.0.0/gems/rails-i18n-6.0.0/lib/rails_i18n/../../rails/pluralization/nso.rb", "/home/t-ohsuga/.rbenv/versions/3.0.0/lib/ruby/gems/3.0.0/gems/rails-i18n-6.0.0/lib/rails_i18n/../../rails/pluralization/oc.rb", "/home/t-ohsuga/.rbenv/versions/3.0.0/lib/ruby/gems/3.0.0/gems/rails-i18n-6.0.0/lib/rails_i18n/../../rails/pluralization/or.rb", "/home/t-ohsuga/.rbenv/versions/3.0.0/lib/ruby/gems/3.0.0/gems/rails-i18n-6.0.0/lib/rails_i18n/../../rails/pluralization/pa.rb", "/home/t-ohsuga/.rbenv/versions/3.0.0/lib/ruby/gems/3.0.0/gems/rails-i18n-6.0.0/lib/rails_i18n/../../rails/pluralization/pl.rb", "/home/t-ohsuga/.rbenv/versions/3.0.0/lib/ruby/gems/3.0.0/gems/rails-i18n-6.0.0/lib/rails_i18n/../../rails/pluralization/pt.rb", "/home/t-ohsuga/.rbenv/versions/3.0.0/lib/ruby/gems/3.0.0/gems/rails-i18n-6.0.0/lib/rails_i18n/../../rails/pluralization/ro.rb", "/home/t-ohsuga/.rbenv/versions/3.0.0/lib/ruby/gems/3.0.0/gems/rails-i18n-6.0.0/lib/rails_i18n/../../rails/pluralization/root.rb", "/home/t-ohsuga/.rbenv/versions/3.0.0/lib/ruby/gems/3.0.0/gems/rails-i18n-6.0.0/lib/rails_i18n/../../rails/pluralization/ru.rb", "/home/t-ohsuga/.rbenv/versions/3.0.0/lib/ruby/gems/3.0.0/gems/rails-i18n-6.0.0/lib/rails_i18n/../../rails/pluralization/sah.rb", "/home/t-ohsuga/.rbenv/versions/3.0.0/lib/ruby/gems/3.0.0/gems/rails-i18n-6.0.0/lib/rails_i18n/../../rails/pluralization/se.rb", "/home/t-ohsuga/.rbenv/versions/3.0.0/lib/ruby/gems/3.0.0/gems/rails-i18n-6.0.0/lib/rails_i18n/../../rails/pluralization/ses.rb", "/home/t-ohsuga/.rbenv/versions/3.0.0/lib/ruby/gems/3.0.0/gems/rails-i18n-6.0.0/lib/rails_i18n/../../rails/pluralization/sg.rb", "/home/t-ohsuga/.rbenv/versions/3.0.0/lib/ruby/gems/3.0.0/gems/rails-i18n-6.0.0/lib/rails_i18n/../../rails/pluralization/sh.rb", "/home/t-ohsuga/.rbenv/versions/3.0.0/lib/ruby/gems/3.0.0/gems/rails-i18n-6.0.0/lib/rails_i18n/../../rails/pluralization/shi.rb", "/home/t-ohsuga/.rbenv/versions/3.0.0/lib/ruby/gems/3.0.0/gems/rails-i18n-6.0.0/lib/rails_i18n/../../rails/pluralization/sk.rb", "/home/t-ohsuga/.rbenv/versions/3.0.0/lib/ruby/gems/3.0.0/gems/rails-i18n-6.0.0/lib/rails_i18n/../../rails/pluralization/sl.rb", "/home/t-ohsuga/.rbenv/versions/3.0.0/lib/ruby/gems/3.0.0/gems/rails-i18n-6.0.0/lib/rails_i18n/../../rails/pluralization/sma.rb", "/home/t-ohsuga/.rbenv/versions/3.0.0/lib/ruby/gems/3.0.0/gems/rails-i18n-6.0.0/lib/rails_i18n/../../rails/pluralization/smi.rb", "/home/t-ohsuga/.rbenv/versions/3.0.0/lib/ruby/gems/3.0.0/gems/rails-i18n-6.0.0/lib/rails_i18n/../../rails/pluralization/smj.rb", "/home/t-ohsuga/.rbenv/versions/3.0.0/lib/ruby/gems/3.0.0/gems/rails-i18n-6.0.0/lib/rails_i18n/../../rails/pluralization/smn.rb", "/home/t-ohsuga/.rbenv/versions/3.0.0/lib/ruby/gems/3.0.0/gems/rails-i18n-6.0.0/lib/rails_i18n/../../rails/pluralization/sms.rb", "/home/t-ohsuga/.rbenv/versions/3.0.0/lib/ruby/gems/3.0.0/gems/rails-i18n-6.0.0/lib/rails_i18n/../../rails/pluralization/sr.rb", "/home/t-ohsuga/.rbenv/versions/3.0.0/lib/ruby/gems/3.0.0/gems/rails-i18n-6.0.0/lib/rails_i18n/../../rails/pluralization/sv-SE.rb", "/home/t-ohsuga/.rbenv/versions/3.0.0/lib/ruby/gems/3.0.0/gems/rails-i18n-6.0.0/lib/rails_i18n/../../rails/pluralization/sv.rb", "/home/t-ohsuga/.rbenv/versions/3.0.0/lib/ruby/gems/3.0.0/gems/rails-i18n-6.0.0/lib/rails_i18n/../../rails/pluralization/sw.rb", "/home/t-ohsuga/.rbenv/versions/3.0.0/lib/ruby/gems/3.0.0/gems/rails-i18n-6.0.0/lib/rails_i18n/../../rails/pluralization/th.rb", "/home/t-ohsuga/.rbenv/versions/3.0.0/lib/ruby/gems/3.0.0/gems/rails-i18n-6.0.0/lib/rails_i18n/../../rails/pluralization/ti.rb", "/home/t-ohsuga/.rbenv/versions/3.0.0/lib/ruby/gems/3.0.0/gems/rails-i18n-6.0.0/lib/rails_i18n/../../rails/pluralization/tl.rb", "/home/t-ohsuga/.rbenv/versions/3.0.0/lib/ruby/gems/3.0.0/gems/rails-i18n-6.0.0/lib/rails_i18n/../../rails/pluralization/to.rb", "/home/t-ohsuga/.rbenv/versions/3.0.0/lib/ruby/gems/3.0.0/gems/rails-i18n-6.0.0/lib/rails_i18n/../../rails/pluralization/tr.rb", "/home/t-ohsuga/.rbenv/versions/3.0.0/lib/ruby/gems/3.0.0/gems/rails-i18n-6.0.0/lib/rails_i18n/../../rails/pluralization/tzm.rb", "/home/t-ohsuga/.rbenv/versions/3.0.0/lib/ruby/gems/3.0.0/gems/rails-i18n-6.0.0/lib/rails_i18n/../../rails/pluralization/uk.rb", "/home/t-ohsuga/.rbenv/versions/3.0.0/lib/ruby/gems/3.0.0/gems/rails-i18n-6.0.0/lib/rails_i18n/../../rails/pluralization/ur.rb", "/home/t-ohsuga/.rbenv/versions/3.0.0/lib/ruby/gems/3.0.0/gems/rails-i18n-6.0.0/lib/rails_i18n/../../rails/pluralization/vi.rb", "/home/t-ohsuga/.rbenv/versions/3.0.0/lib/ruby/gems/3.0.0/gems/rails-i18n-6.0.0/lib/rails_i18n/../../rails/pluralization/wa.rb", "/home/t-ohsuga/.rbenv/versions/3.0.0/lib/ruby/gems/3.0.0/gems/rails-i18n-6.0.0/lib/rails_i18n/../../rails/pluralization/wo.rb", "/home/t-ohsuga/.rbenv/versions/3.0.0/lib/ruby/gems/3.0.0/gems/rails-i18n-6.0.0/lib/rails_i18n/../../rails/pluralization/yo.rb", "/home/t-ohsuga/.rbenv/versions/3.0.0/lib/ruby/gems/3.0.0/gems/rails-i18n-6.0.0/lib/rails_i18n/../../rails/pluralization/zh-CN.rb", "/home/t-ohsuga/.rbenv/versions/3.0.0/lib/ruby/gems/3.0.0/gems/rails-i18n-6.0.0/lib/rails_i18n/../../rails/pluralization/zh-HK.rb", "/home/t-ohsuga/.rbenv/versions/3.0.0/lib/ruby/gems/3.0.0/gems/rails-i18n-6.0.0/lib/rails_i18n/../../rails/pluralization/zh-TW.rb", "/home/t-ohsuga/.rbenv/versions/3.0.0/lib/ruby/gems/3.0.0/gems/rails-i18n-6.0.0/lib/rails_i18n/../../rails/pluralization/zh-YUE.rb", "/home/t-ohsuga/.rbenv/versions/3.0.0/lib/ruby/gems/3.0.0/gems/rails-i18n-6.0.0/lib/rails_i18n/../../rails/pluralization/zh.rb", "/home/t-ohsuga/.rbenv/versions/3.0.0/lib/ruby/gems/3.0.0/gems/rails-i18n-6.0.0/lib/rails_i18n/../../rails/transliteration/ru.rb", "/home/t-ohsuga/.rbenv/versions/3.0.0/lib/ruby/gems/3.0.0/gems/rails-i18n-6.0.0/lib/rails_i18n/../../rails/transliteration/uk.rb", "/home/t-ohsuga/.rbenv/versions/3.0.0/lib/ruby/gems/3.0.0/gems/rails-i18n-6.0.0/lib/rails_i18n/../../rails/transliteration/az.yml", "/home/t-ohsuga/.rbenv/versions/3.0.0/lib/ruby/gems/3.0.0/gems/rails-i18n-6.0.0/lib/rails_i18n/../../rails/transliteration/bg.yml", "/home/t-ohsuga/.rbenv/versions/3.0.0/lib/ruby/gems/3.0.0/gems/rails-i18n-6.0.0/lib/rails_i18n/../../rails/transliteration/ca.yml", "/home/t-ohsuga/.rbenv/versions/3.0.0/lib/ruby/gems/3.0.0/gems/rails-i18n-6.0.0/lib/rails_i18n/../../rails/transliteration/de.yml", "/home/t-ohsuga/.rbenv/versions/3.0.0/lib/ruby/gems/3.0.0/gems/rails-i18n-6.0.0/lib/rails_i18n/../../rails/transliteration/el.yml", "/home/t-ohsuga/.rbenv/versions/3.0.0/lib/ruby/gems/3.0.0/gems/rails-i18n-6.0.0/lib/rails_i18n/../../rails/transliteration/es.yml", "/home/t-ohsuga/.rbenv/versions/3.0.0/lib/ruby/gems/3.0.0/gems/rails-i18n-6.0.0/lib/rails_i18n/../../rails/transliteration/fa.yml", "/home/t-ohsuga/.rbenv/versions/3.0.0/lib/ruby/gems/3.0.0/gems/rails-i18n-6.0.0/lib/rails_i18n/../../rails/transliteration/fr.yml", "/home/t-ohsuga/.rbenv/versions/3.0.0/lib/ruby/gems/3.0.0/gems/rails-i18n-6.0.0/lib/rails_i18n/../../rails/transliteration/hu.yml", "/home/t-ohsuga/.rbenv/versions/3.0.0/lib/ruby/gems/3.0.0/gems/rails-i18n-6.0.0/lib/rails_i18n/../../rails/transliteration/oc.yml", "/home/t-ohsuga/.rbenv/versions/3.0.0/lib/ruby/gems/3.0.0/gems/rails-i18n-6.0.0/lib/rails_i18n/../../rails/transliteration/pl.yml", "/home/t-ohsuga/.rbenv/versions/3.0.0/lib/ruby/gems/3.0.0/gems/rails-i18n-6.0.0/lib/rails_i18n/../../rails/transliteration/pt.yml", "/home/t-ohsuga/.rbenv/versions/3.0.0/lib/ruby/gems/3.0.0/gems/rails-i18n-6.0.0/lib/rails_i18n/../../rails/transliteration/ro.yml", "/home/t-ohsuga/.rbenv/versions/3.0.0/lib/ruby/gems/3.0.0/gems/rails-i18n-6.0.0/lib/rails_i18n/../../rails/transliteration/vi.yml", "/home/t-ohsuga/.rbenv/versions/3.0.0/lib/ruby/gems/3.0.0/gems/active_storage_validations-0.9.5/config/locales/de.yml", "/home/t-ohsuga/.rbenv/versions/3.0.0/lib/ruby/gems/3.0.0/gems/active_storage_validations-0.9.5/config/locales/en.yml", "/home/t-ohsuga/.rbenv/versions/3.0.0/lib/ruby/gems/3.0.0/gems/active_storage_validations-0.9.5/config/locales/es.yml", "/home/t-ohsuga/.rbenv/versions/3.0.0/lib/ruby/gems/3.0.0/gems/active_storage_validations-0.9.5/config/locales/fr.yml", "/home/t-ohsuga/.rbenv/versions/3.0.0/lib/ruby/gems/3.0.0/gems/active_storage_validations-0.9.5/config/locales/it.yml", "/home/t-ohsuga/.rbenv/versions/3.0.0/lib/ruby/gems/3.0.0/gems/active_storage_validations-0.9.5/config/locales/ja.yml", "/home/t-ohsuga/.rbenv/versions/3.0.0/lib/ruby/gems/3.0.0/gems/active_storage_validations-0.9.5/config/locales/nl.yml", "/home/t-ohsuga/.rbenv/versions/3.0.0/lib/ruby/gems/3.0.0/gems/active_storage_validations-0.9.5/config/locales/pl.yml", "/home/t-ohsuga/.rbenv/versions/3.0.0/lib/ruby/gems/3.0.0/gems/active_storage_validations-0.9.5/config/locales/pt-BR.yml", "/home/t-ohsuga/.rbenv/versions/3.0.0/lib/ruby/gems/3.0.0/gems/active_storage_validations-0.9.5/config/locales/ru.yml", "/home/t-ohsuga/.rbenv/versions/3.0.0/lib/ruby/gems/3.0.0/gems/active_storage_validations-0.9.5/config/locales/tr.yml", "/home/t-ohsuga/.rbenv/versions/3.0.0/lib/ruby/gems/3.0.0/gems/active_storage_validations-0.9.5/config/locales/uk.yml", "/home/t-ohsuga/.rbenv/versions/3.0.0/lib/ruby/gems/3.0.0/gems/active_storage_validations-0.9.5/config/locales/vi.yml", "/home/t-ohsuga/.rbenv/versions/3.0.0/lib/ruby/gems/3.0.0/gems/kaminari-core-1.2.1/config/locales/kaminari.yml", "/home/t-ohsuga/rails_awesome_events/config/locales/en.yml", "/home/t-ohsuga/rails_awesome_events/config/locales/ja.yml", "/home/t-ohsuga/rails_awesome_events/config/locales/kaminari_ja.yml"], @glob="{/home/t-ohsuga/.rbenv/versions/3.0.0/lib/ruby/gems/3.0.0/gems/actionview-6.1.3.2/config/locales/**/*.{rb,yml},/home/t-ohsuga/.rbenv/versions/3.0.0/lib/ruby/gems/3.0.0/gems/activestorage-6.1.3.2/config/locales/**/*.{rb,yml},/home/t-ohsuga/.rbenv/versions/3.0.0/lib/ruby/gems/3.0.0/gems/webpacker-5.4.0/config/locales/**/*.{rb,yml},/home/t-ohsuga/.rbenv/versions/3.0.0/lib/ruby/gems/3.0.0/gems/turbolinks-5.2.1/config/locales/**/*.{rb,yml},/home/t-ohsuga/.rbenv/versions/3.0.0/lib/ruby/gems/3.0.0/gems/hamlit-rails-0.2.3/config/locales/**/*.{rb,yml},/home/t-ohsuga/.rbenv/versions/3.0.0/lib/ruby/gems/3.0.0/gems/active_storage_validations-0.9.5/config/locales/**/*.{rb,yml},/home/t-ohsuga/.rbenv/versions/3.0.0/lib/ruby/gems/3.0.0/gems/kaminari-core-1.2.1/config/locales/**/*.{rb,yml},/home/t-ohsuga/rails_awesome_events/config/locales/**/*.{rb,yml}}", @block=#<Proc:0x000055ac5b410188 /home/t-ohsuga/.rbenv/versions/3.0.0/lib/ruby/gems/3.0.0/gems/activesupport-6.1.3.2/lib/active_support/i18n_railtie.rb:64>, @watched=nil, @updated_at=nil, @last_watched=["/home/t-ohsuga/.rbenv/versions/3.0.0/lib/ruby/gems/3.0.0/gems/activesupport-6.1.3.2/lib/active_support/locale/en.yml", "/home/t-ohsuga/.rbenv/versions/3.0.0/lib/ruby/gems/3.0.0/gems/activesupport-6.1.3.2/lib/active_support/locale/en.rb", "/home/t-ohsuga/.rbenv/versions/3.0.0/lib/ruby/gems/3.0.0/gems/activemodel-6.1.3.2/lib/active_model/locale/en.yml", "/home/t-ohsuga/.rbenv/versions/3.0.0/lib/ruby/gems/3.0.0/gems/activerecord-6.1.3.2/lib/active_record/locale/en.yml", "/home/t-ohsuga/.rbenv/versions/3.0.0/lib/ruby/gems/3.0.0/gems/actionview-6.1.3.2/lib/action_view/locale/en.yml", "/home/t-ohsuga/.rbenv/versions/3.0.0/lib/ruby/gems/3.0.0/gems/rails-i18n-6.0.0/lib/rails_i18n/../../rails/locale/af.yml", "/home/t-ohsuga/.rbenv/versions/3.0.0/lib/ruby/gems/3.0.0/gems/rails-i18n-6.0.0/lib/rails_i18n/../../rails/locale/ar.yml", "/home/t-ohsuga/.rbenv/versions/3.0.0/lib/ruby/gems/3.0.0/gems/rails-i18n-6.0.0/lib/rails_i18n/../../rails/locale/az.yml", "/home/t-ohsuga/.rbenv/versions/3.0.0/lib/ruby/gems/3.0.0/gems/rails-i18n-6.0.0/lib/rails_i18n/../../rails/locale/be.yml", "/home/t-ohsuga/.rbenv/versions/3.0.0/lib/ruby/gems/3.0.0/gems/rails-i18n-6.0.0/lib/rails_i18n/../../rails/locale/bg.yml", "/home/t-ohsuga/.rbenv/versions/3.0.0/lib/ruby/gems/3.0.0/gems/rails-i18n-6.0.0/lib/rails_i18n/../../rails/locale/bn.yml", "/home/t-ohsuga/.rbenv/versions/3.0.0/lib/ruby/gems/3.0.0/gems/rails-i18n-6.0.0/lib/rails_i18n/../../rails/locale/bs.yml", "/home/t-ohsuga/.rbenv/versions/3.0.0/lib/ruby/gems/3.0.0/gems/rails-i18n-6.0.0/lib/rails_i18n/../../rails/locale/ca.yml", "/home/t-ohsuga/.rbenv/versions/3.0.0/lib/ruby/gems/3.0.0/gems/rails-i18n-6.0.0/lib/rails_i18n/../../rails/locale/cs.yml", "/home/t-ohsuga/.rbenv/versions/3.0.0/lib/ruby/gems/3.0.0/gems/rails-i18n-6.0.0/lib/rails_i18n/../../rails/locale/cy.yml", "/home/t-ohsuga/.rbenv/versions/3.0.0/lib/ruby/gems/3.0.0/gems/rails-i18n-6.0.0/lib/rails_i18n/../../rails/locale/da.yml", "/home/t-ohsuga/.rbenv/versions/3.0.0/lib/ruby/gems/3.0.0/gems/rails-i18n-6.0.0/lib/rails_i18n/../../rails/locale/de-AT.yml", "/home/t-ohsuga/.rbenv/versions/3.0.0/lib/ruby/gems/3.0.0/gems/rails-i18n-6.0.0/lib/rails_i18n/../../rails/locale/de-CH.yml", "/home/t-ohsuga/.rbenv/versions/3.0.0/lib/ruby/gems/3.0.0/gems/rails-i18n-6.0.0/lib/rails_i18n/../../rails/locale/de-DE.yml", "/home/t-ohsuga/.rbenv/versions/3.0.0/lib/ruby/gems/3.0.0/gems/rails-i18n-6.0.0/lib/rails_i18n/../../rails/locale/de.yml", "/home/t-ohsuga/.rbenv/versions/3.0.0/lib/ruby/gems/3.0.0/gems/rails-i18n-6.0.0/lib/rails_i18n/../../rails/locale/el-CY.yml", "/home/t-ohsuga/.rbenv/versions/3.0.0/lib/ruby/gems/3.0.0/gems/rails-i18n-6.0.0/lib/rails_i18n/../../rails/locale/el.yml", "/home/t-ohsuga/.rbenv/versions/3.0.0/lib/ruby/gems/3.0.0/gems/rails-i18n-6.0.0/lib/rails_i18n/../../rails/locale/en-AU.yml", "/home/t-ohsuga/.rbenv/versions/3.0.0/lib/ruby/gems/3.0.0/gems/rails-i18n-6.0.0/lib/rails_i18n/../../rails/locale/en-CA.yml", "/home/t-ohsuga/.rbenv/versions/3.0.0/lib/ruby/gems/3.0.0/gems/rails-i18n-6.0.0/lib/rails_i18n/../../rails/locale/en-CY.yml", "/home/t-ohsuga/.rbenv/versions/3.0.0/lib/ruby/gems/3.0.0/gems/rails-i18n-6.0.0/lib/rails_i18n/../../rails/locale/en-GB.yml", "/home/t-ohsuga/.rbenv/versions/3.0.0/lib/ruby/gems/3.0.0/gems/rails-i18n-6.0.0/lib/rails_i18n/../../rails/locale/en-IE.yml", "/home/t-ohsuga/.rbenv/versions/3.0.0/lib/ruby/gems/3.0.0/gems/rails-i18n-6.0.0/lib/rails_i18n/../../rails/locale/en-IN.yml", "/home/t-ohsuga/.rbenv/versions/3.0.0/lib/ruby/gems/3.0.0/gems/rails-i18n-6.0.0/lib/rails_i18n/../../rails/locale/en-NZ.yml", "/home/t-ohsuga/.rbenv/versions/3.0.0/lib/ruby/gems/3.0.0/gems/rails-i18n-6.0.0/lib/rails_i18n/../../rails/locale/en-US.yml", "/home/t-ohsuga/.rbenv/versions/3.0.0/lib/ruby/gems/3.0.0/gems/rails-i18n-6.0.0/lib/rails_i18n/../../rails/locale/en-ZA.yml", "/home/t-ohsuga/.rbenv/versions/3.0.0/lib/ruby/gems/3.0.0/gems/rails-i18n-6.0.0/lib/rails_i18n/../../rails/locale/en.yml", "/home/t-ohsuga/.rbenv/versions/3.0.0/lib/ruby/gems/3.0.0/gems/rails-i18n-6.0.0/lib/rails_i18n/../../rails/locale/eo.yml", "/home/t-ohsuga/.rbenv/versions/3.0.0/lib/ruby/gems/3.0.0/gems/rails-i18n-6.0.0/lib/rails_i18n/../../rails/locale/es-419.yml", "/home/t-ohsuga/.rbenv/versions/3.0.0/lib/ruby/gems/3.0.0/gems/rails-i18n-6.0.0/lib/rails_i18n/../../rails/locale/es-AR.yml", "/home/t-ohsuga/.rbenv/versions/3.0.0/lib/ruby/gems/3.0.0/gems/rails-i18n-6.0.0/lib/rails_i18n/../../rails/locale/es-CL.yml", "/home/t-ohsuga/.rbenv/versions/3.0.0/lib/ruby/gems/3.0.0/gems/rails-i18n-6.0.0/lib/rails_i18n/../../rails/locale/es-CO.yml", "/home/t-ohsuga/.rbenv/versions/3.0.0/lib/ruby/gems/3.0.0/gems/rails-i18n-6.0.0/lib/rails_i18n/../../rails/locale/es-CR.yml", "/home/t-ohsuga/.rbenv/versions/3.0.0/lib/ruby/gems/3.0.0/gems/rails-i18n-6.0.0/lib/rails_i18n/../../rails/locale/es-EC.yml", "/home/t-ohsuga/.rbenv/versions/3.0.0/lib/ruby/gems/3.0.0/gems/rails-i18n-6.0.0/lib/rails_i18n/../../rails/locale/es-ES.yml", "/home/t-ohsuga/.rbenv/versions/3.0.0/lib/ruby/gems/3.0.0/gems/rails-i18n-6.0.0/lib/rails_i18n/../../rails/locale/es-MX.yml", "/home/t-ohsuga/.rbenv/versions/3.0.0/lib/ruby/gems/3.0.0/gems/rails-i18n-6.0.0/lib/rails_i18n/../../rails/locale/es-NI.yml", "/home/t-ohsuga/.rbenv/versions/3.0.0/lib/ruby/gems/3.0.0/gems/rails-i18n-6.0.0/lib/rails_i18n/../../rails/locale/es-PA.yml", "/home/t-ohsuga/.rbenv/versions/3.0.0/lib/ruby/gems/3.0.0/gems/rails-i18n-6.0.0/lib/rails_i18n/../../rails/locale/es-PE.yml", "/home/t-ohsuga/.rbenv/versions/3.0.0/lib/ruby/gems/3.0.0/gems/rails-i18n-6.0.0/lib/rails_i18n/../../rails/locale/es-US.yml", "/home/t-ohsuga/.rbenv/versions/3.0.0/lib/ruby/gems/3.0.0/gems/rails-i18n-6.0.0/lib/rails_i18n/../../rails/locale/es-VE.yml", "/home/t-ohsuga/.rbenv/versions/3.0.0/lib/ruby/gems/3.0.0/gems/rails-i18n-6.0.0/lib/rails_i18n/../../rails/locale/es.yml", "/home/t-ohsuga/.rbenv/versions/3.0.0/lib/ruby/gems/3.0.0/gems/rails-i18n-6.0.0/lib/rails_i18n/../../rails/locale/et.yml", "/home/t-ohsuga/.rbenv/versions/3.0.0/lib/ruby/gems/3.0.0/gems/rails-i18n-6.0.0/lib/rails_i18n/../../rails/locale/eu.yml", "/home/t-ohsuga/.rbenv/versions/3.0.0/lib/ruby/gems/3.0.0/gems/rails-i18n-6.0.0/lib/rails_i18n/../../rails/locale/fa.yml", "/home/t-ohsuga/.rbenv/versions/3.0.0/lib/ruby/gems/3.0.0/gems/rails-i18n-6.0.0/lib/rails_i18n/../../rails/locale/fi.yml", "/home/t-ohsuga/.rbenv/versions/3.0.0/lib/ruby/gems/3.0.0/gems/rails-i18n-6.0.0/lib/rails_i18n/../../rails/locale/fr-CA.yml", "/home/t-ohsuga/.rbenv/versions/3.0.0/lib/ruby/gems/3.0.0/gems/rails-i18n-6.0.0/lib/rails_i18n/../../rails/locale/fr-CH.yml", "/home/t-ohsuga/.rbenv/versions/3.0.0/lib/ruby/gems/3.0.0/gems/rails-i18n-6.0.0/lib/rails_i18n/../../rails/locale/fr-FR.yml", "/home/t-ohsuga/.rbenv/versions/3.0.0/lib/ruby/gems/3.0.0/gems/rails-i18n-6.0.0/lib/rails_i18n/../../rails/locale/fr.yml", "/home/t-ohsuga/.rbenv/versions/3.0.0/lib/ruby/gems/3.0.0/gems/rails-i18n-6.0.0/lib/rails_i18n/../../rails/locale/gl.yml", "/home/t-ohsuga/.rbenv/versions/3.0.0/lib/ruby/gems/3.0.0/gems/rails-i18n-6.0.0/lib/rails_i18n/../../rails/locale/he.yml", "/home/t-ohsuga/.rbenv/versions/3.0.0/lib/ruby/gems/3.0.0/gems/rails-i18n-6.0.0/lib/rails_i18n/../../rails/locale/hi-IN.yml", "/home/t-ohsuga/.rbenv/versions/3.0.0/lib/ruby/gems/3.0.0/gems/rails-i18n-6.0.0/lib/rails_i18n/../../rails/locale/hi.yml", "/home/t-ohsuga/.rbenv/versions/3.0.0/lib/ruby/gems/3.0.0/gems/rails-i18n-6.0.0/lib/rails_i18n/../../rails/locale/hr.yml", "/home/t-ohsuga/.rbenv/versions/3.0.0/lib/ruby/gems/3.0.0/gems/rails-i18n-6.0.0/lib/rails_i18n/../../rails/locale/hu.yml", "/home/t-ohsuga/.rbenv/versions/3.0.0/lib/ruby/gems/3.0.0/gems/rails-i18n-6.0.0/lib/rails_i18n/../../rails/locale/id.yml", "/home/t-ohsuga/.rbenv/versions/3.0.0/lib/ruby/gems/3.0.0/gems/rails-i18n-6.0.0/lib/rails_i18n/../../rails/locale/is.yml", "/home/t-ohsuga/.rbenv/versions/3.0.0/lib/ruby/gems/3.0.0/gems/rails-i18n-6.0.0/lib/rails_i18n/../../rails/locale/it-CH.yml", "/home/t-ohsuga/.rbenv/versions/3.0.0/lib/ruby/gems/3.0.0/gems/rails-i18n-6.0.0/lib/rails_i18n/../../rails/locale/it.yml", "/home/t-ohsuga/.rbenv/versions/3.0.0/lib/ruby/gems/3.0.0/gems/rails-i18n-6.0.0/lib/rails_i18n/../../rails/locale/ja.yml", "/home/t-ohsuga/.rbenv/versions/3.0.0/lib/ruby/gems/3.0.0/gems/rails-i18n-6.0.0/lib/rails_i18n/../../rails/locale/ka.yml", "/home/t-ohsuga/.rbenv/versions/3.0.0/lib/ruby/gems/3.0.0/gems/rails-i18n-6.0.0/lib/rails_i18n/../../rails/locale/km.yml", "/home/t-ohsuga/.rbenv/versions/3.0.0/lib/ruby/gems/3.0.0/gems/rails-i18n-6.0.0/lib/rails_i18n/../../rails/locale/kn.yml", "/home/t-ohsuga/.rbenv/versions/3.0.0/lib/ruby/gems/3.0.0/gems/rails-i18n-6.0.0/lib/rails_i18n/../../rails/locale/ko.yml", "/home/t-ohsuga/.rbenv/versions/3.0.0/lib/ruby/gems/3.0.0/gems/rails-i18n-6.0.0/lib/rails_i18n/../../rails/locale/lb.yml", "/home/t-ohsuga/.rbenv/versions/3.0.0/lib/ruby/gems/3.0.0/gems/rails-i18n-6.0.0/lib/rails_i18n/../../rails/locale/lo.yml", "/home/t-ohsuga/.rbenv/versions/3.0.0/lib/ruby/gems/3.0.0/gems/rails-i18n-6.0.0/lib/rails_i18n/../../rails/locale/lt.yml", "/home/t-ohsuga/.rbenv/versions/3.0.0/lib/ruby/gems/3.0.0/gems/rails-i18n-6.0.0/lib/rails_i18n/../../rails/locale/lv.yml", "/home/t-ohsuga/.rbenv/versions/3.0.0/lib/ruby/gems/3.0.0/gems/rails-i18n-6.0.0/lib/rails_i18n/../../rails/locale/mg.yml", "/home/t-ohsuga/.rbenv/versions/3.0.0/lib/ruby/gems/3.0.0/gems/rails-i18n-6.0.0/lib/rails_i18n/../../rails/locale/mk.yml", "/home/t-ohsuga/.rbenv/versions/3.0.0/lib/ruby/gems/3.0.0/gems/rails-i18n-6.0.0/lib/rails_i18n/../../rails/locale/ml.yml", "/home/t-ohsuga/.rbenv/versions/3.0.0/lib/ruby/gems/3.0.0/gems/rails-i18n-6.0.0/lib/rails_i18n/../../rails/locale/mn.yml", "/home/t-ohsuga/.rbenv/versions/3.0.0/lib/ruby/gems/3.0.0/gems/rails-i18n-6.0.0/lib/rails_i18n/../../rails/locale/mr-IN.yml", "/home/t-ohsuga/.rbenv/versions/3.0.0/lib/ruby/gems/3.0.0/gems/rails-i18n-6.0.0/lib/rails_i18n/../../rails/locale/ms.yml", "/home/t-ohsuga/.rbenv/versions/3.0.0/lib/ruby/gems/3.0.0/gems/rails-i18n-6.0.0/lib/rails_i18n/../../rails/locale/nb.yml", "/home/t-ohsuga/.rbenv/versions/3.0.0/lib/ruby/gems/3.0.0/gems/rails-i18n-6.0.0/lib/rails_i18n/../../rails/locale/ne.yml", "/home/t-ohsuga/.rbenv/versions/3.0.0/lib/ruby/gems/3.0.0/gems/rails-i18n-6.0.0/lib/rails_i18n/../../rails/locale/nl.yml", "/home/t-ohsuga/.rbenv/versions/3.0.0/lib/ruby/gems/3.0.0/gems/rails-i18n-6.0.0/lib/rails_i18n/../../rails/locale/nn.yml", "/home/t-ohsuga/.rbenv/versions/3.0.0/lib/ruby/gems/3.0.0/gems/rails-i18n-6.0.0/lib/rails_i18n/../../rails/locale/oc.yml", "/home/t-ohsuga/.rbenv/versions/3.0.0/lib/ruby/gems/3.0.0/gems/rails-i18n-6.0.0/lib/rails_i18n/../../rails/locale/or.yml", "/home/t-ohsuga/.rbenv/versions/3.0.0/lib/ruby/gems/3.0.0/gems/rails-i18n-6.0.0/lib/rails_i18n/../../rails/locale/pa.yml", "/home/t-ohsuga/.rbenv/versions/3.0.0/lib/ruby/gems/3.0.0/gems/rails-i18n-6.0.0/lib/rails_i18n/../../rails/locale/pl.yml", "/home/t-ohsuga/.rbenv/versions/3.0.0/lib/ruby/gems/3.0.0/gems/rails-i18n-6.0.0/lib/rails_i18n/../../rails/locale/pt-BR.yml", "/home/t-ohsuga/.rbenv/versions/3.0.0/lib/ruby/gems/3.0.0/gems/rails-i18n-6.0.0/lib/rails_i18n/../../rails/locale/pt.yml", "/home/t-ohsuga/.rbenv/versions/3.0.0/lib/ruby/gems/3.0.0/gems/rails-i18n-6.0.0/lib/rails_i18n/../../rails/locale/rm.yml", "/home/t-ohsuga/.rbenv/versions/3.0.0/lib/ruby/gems/3.0.0/gems/rails-i18n-6.0.0/lib/rails_i18n/../../rails/locale/ro.yml", "/home/t-ohsuga/.rbenv/versions/3.0.0/lib/ruby/gems/3.0.0/gems/rails-i18n-6.0.0/lib/rails_i18n/../../rails/locale/ru.yml", "/home/t-ohsuga/.rbenv/versions/3.0.0/lib/ruby/gems/3.0.0/gems/rails-i18n-6.0.0/lib/rails_i18n/../../rails/locale/sk.yml", "/home/t-ohsuga/.rbenv/versions/3.0.0/lib/ruby/gems/3.0.0/gems/rails-i18n-6.0.0/lib/rails_i18n/../../rails/locale/sl.yml", "/home/t-ohsuga/.rbenv/versions/3.0.0/lib/ruby/gems/3.0.0/gems/rails-i18n-6.0.0/lib/rails_i18n/../../rails/locale/sq.yml", "/home/t-ohsuga/.rbenv/versions/3.0.0/lib/ruby/gems/3.0.0/gems/rails-i18n-6.0.0/lib/rails_i18n/../../rails/locale/sr.yml", "/home/t-ohsuga/.rbenv/versions/3.0.0/lib/ruby/gems/3.0.0/gems/rails-i18n-6.0.0/lib/rails_i18n/../../rails/locale/sv-SE.yml", "/home/t-ohsuga/.rbenv/versions/3.0.0/lib/ruby/gems/3.0.0/gems/rails-i18n-6.0.0/lib/rails_i18n/../../rails/locale/sv.yml", "/home/t-ohsuga/.rbenv/versions/3.0.0/lib/ruby/gems/3.0.0/gems/rails-i18n-6.0.0/lib/rails_i18n/../../rails/locale/sw.yml", "/home/t-ohsuga/.rbenv/versions/3.0.0/lib/ruby/gems/3.0.0/gems/rails-i18n-6.0.0/lib/rails_i18n/../../rails/locale/ta.yml", "/home/t-ohsuga/.rbenv/versions/3.0.0/lib/ruby/gems/3.0.0/gems/rails-i18n-6.0.0/lib/rails_i18n/../../rails/locale/te.yml", "/home/t-ohsuga/.rbenv/versions/3.0.0/lib/ruby/gems/3.0.0/gems/rails-i18n-6.0.0/lib/rails_i18n/../../rails/locale/th.yml", "/home/t-ohsuga/.rbenv/versions/3.0.0/lib/ruby/gems/3.0.0/gems/rails-i18n-6.0.0/lib/rails_i18n/../../rails/locale/tl.yml", "/home/t-ohsuga/.rbenv/versions/3.0.0/lib/ruby/gems/3.0.0/gems/rails-i18n-6.0.0/lib/rails_i18n/../../rails/locale/tr.yml", "/home/t-ohsuga/.rbenv/versions/3.0.0/lib/ruby/gems/3.0.0/gems/rails-i18n-6.0.0/lib/rails_i18n/../../rails/locale/tt.yml", "/home/t-ohsuga/.rbenv/versions/3.0.0/lib/ruby/gems/3.0.0/gems/rails-i18n-6.0.0/lib/rails_i18n/../../rails/locale/ug.yml", "/home/t-ohsuga/.rbenv/versions/3.0.0/lib/ruby/gems/3.0.0/gems/rails-i18n-6.0.0/lib/rails_i18n/../../rails/locale/uk.yml", "/home/t-ohsuga/.rbenv/versions/3.0.0/lib/ruby/gems/3.0.0/gems/rails-i18n-6.0.0/lib/rails_i18n/../../rails/locale/ur.yml", "/home/t-ohsuga/.rbenv/versions/3.0.0/lib/ruby/gems/3.0.0/gems/rails-i18n-6.0.0/lib/rails_i18n/../../rails/locale/uz.yml", "/home/t-ohsuga/.rbenv/versions/3.0.0/lib/ruby/gems/3.0.0/gems/rails-i18n-6.0.0/lib/rails_i18n/../../rails/locale/vi.yml", "/home/t-ohsuga/.rbenv/versions/3.0.0/lib/ruby/gems/3.0.0/gems/rails-i18n-6.0.0/lib/rails_i18n/../../rails/locale/wo.yml", "/home/t-ohsuga/.rbenv/versions/3.0.0/lib/ruby/gems/3.0.0/gems/rails-i18n-6.0.0/lib/rails_i18n/../../rails/locale/zh-CN.yml", "/home/t-ohsuga/.rbenv/versions/3.0.0/lib/ruby/gems/3.0.0/gems/rails-i18n-6.0.0/lib/rails_i18n/../../rails/locale/zh-HK.yml", "/home/t-ohsuga/.rbenv/versions/3.0.0/lib/ruby/gems/3.0.0/gems/rails-i18n-6.0.0/lib/rails_i18n/../../rails/locale/zh-TW.yml", "/home/t-ohsuga/.rbenv/versions/3.0.0/lib/ruby/gems/3.0.0/gems/rails-i18n-6.0.0/lib/rails_i18n/../../rails/locale/zh-YUE.yml", "/home/t-ohsuga/.rbenv/versions/3.0.0/lib/ruby/gems/3.0.0/gems/rails-i18n-6.0.0/lib/rails_i18n/../../rails/pluralization/ak.rb", "/home/t-ohsuga/.rbenv/versions/3.0.0/lib/ruby/gems/3.0.0/gems/rails-i18n-6.0.0/lib/rails_i18n/../../rails/pluralization/am.rb", "/home/t-ohsuga/.rbenv/versions/3.0.0/lib/ruby/gems/3.0.0/gems/rails-i18n-6.0.0/lib/rails_i18n/../../rails/pluralization/ar.rb", "/home/t-ohsuga/.rbenv/versions/3.0.0/lib/ruby/gems/3.0.0/gems/rails-i18n-6.0.0/lib/rails_i18n/../../rails/pluralization/az.rb", "/home/t-ohsuga/.rbenv/versions/3.0.0/lib/ruby/gems/3.0.0/gems/rails-i18n-6.0.0/lib/rails_i18n/../../rails/pluralization/be.rb", "/home/t-ohsuga/.rbenv/versions/3.0.0/lib/ruby/gems/3.0.0/gems/rails-i18n-6.0.0/lib/rails_i18n/../../rails/pluralization/bg.rb", "/home/t-ohsuga/.rbenv/versions/3.0.0/lib/ruby/gems/3.0.0/gems/rails-i18n-6.0.0/lib/rails_i18n/../../rails/pluralization/bh.rb", "/home/t-ohsuga/.rbenv/versions/3.0.0/lib/ruby/gems/3.0.0/gems/rails-i18n-6.0.0/lib/rails_i18n/../../rails/pluralization/bm.rb", "/home/t-ohsuga/.rbenv/versions/3.0.0/lib/ruby/gems/3.0.0/gems/rails-i18n-6.0.0/lib/rails_i18n/../../rails/pluralization/bn.rb", "/home/t-ohsuga/.rbenv/versions/3.0.0/lib/ruby/gems/3.0.0/gems/rails-i18n-6.0.0/lib/rails_i18n/../../rails/pluralization/bo.rb", "/home/t-ohsuga/.rbenv/versions/3.0.0/lib/ruby/gems/3.0.0/gems/rails-i18n-6.0.0/lib/rails_i18n/../../rails/pluralization/br.rb", "/home/t-ohsuga/.rbenv/versions/3.0.0/lib/ruby/gems/3.0.0/gems/rails-i18n-6.0.0/lib/rails_i18n/../../rails/pluralization/bs.rb", "/home/t-ohsuga/.rbenv/versions/3.0.0/lib/ruby/gems/3.0.0/gems/rails-i18n-6.0.0/lib/rails_i18n/../../rails/pluralization/by.rb", "/home/t-ohsuga/.rbenv/versions/3.0.0/lib/ruby/gems/3.0.0/gems/rails-i18n-6.0.0/lib/rails_i18n/../../rails/pluralization/ca.rb", "/home/t-ohsuga/.rbenv/versions/3.0.0/lib/ruby/gems/3.0.0/gems/rails-i18n-6.0.0/lib/rails_i18n/../../rails/pluralization/cs.rb", "/home/t-ohsuga/.rbenv/versions/3.0.0/lib/ruby/gems/3.0.0/gems/rails-i18n-6.0.0/lib/rails_i18n/../../rails/pluralization/cy.rb", "/home/t-ohsuga/.rbenv/versions/3.0.0/lib/ruby/gems/3.0.0/gems/rails-i18n-6.0.0/lib/rails_i18n/../../rails/pluralization/da.rb", "/home/t-ohsuga/.rbenv/versions/3.0.0/lib/ruby/gems/3.0.0/gems/rails-i18n-6.0.0/lib/rails_i18n/../../rails/pluralization/de-AT.rb", "/home/t-ohsuga/.rbenv/versions/3.0.0/lib/ruby/gems/3.0.0/gems/rails-i18n-6.0.0/lib/rails_i18n/../../rails/pluralization/de-CH.rb", "/home/t-ohsuga/.rbenv/versions/3.0.0/lib/ruby/gems/3.0.0/gems/rails-i18n-6.0.0/lib/rails_i18n/../../rails/pluralization/de-DE.rb", "/home/t-ohsuga/.rbenv/versions/3.0.0/lib/ruby/gems/3.0.0/gems/rails-i18n-6.0.0/lib/rails_i18n/../../rails/pluralization/de.rb", "/home/t-ohsuga/.rbenv/versions/3.0.0/lib/ruby/gems/3.0.0/gems/rails-i18n-6.0.0/lib/rails_i18n/../../rails/pluralization/dz.rb", "/home/t-ohsuga/.rbenv/versions/3.0.0/lib/ruby/gems/3.0.0/gems/rails-i18n-6.0.0/lib/rails_i18n/../../rails/pluralization/el.rb", "/home/t-ohsuga/.rbenv/versions/3.0.0/lib/ruby/gems/3.0.0/gems/rails-i18n-6.0.0/lib/rails_i18n/../../rails/pluralization/en-AU.rb", "/home/t-ohsuga/.rbenv/versions/3.0.0/lib/ruby/gems/3.0.0/gems/rails-i18n-6.0.0/lib/rails_i18n/../../rails/pluralization/en-CA.rb", "/home/t-ohsuga/.rbenv/versions/3.0.0/lib/ruby/gems/3.0.0/gems/rails-i18n-6.0.0/lib/rails_i18n/../../rails/pluralization/en-GB.rb", "/home/t-ohsuga/.rbenv/versions/3.0.0/lib/ruby/gems/3.0.0/gems/rails-i18n-6.0.0/lib/rails_i18n/../../rails/pluralization/en-IN.rb", "/home/t-ohsuga/.rbenv/versions/3.0.0/lib/ruby/gems/3.0.0/gems/rails-i18n-6.0.0/lib/rails_i18n/../../rails/pluralization/en-NZ.rb", "/home/t-ohsuga/.rbenv/versions/3.0.0/lib/ruby/gems/3.0.0/gems/rails-i18n-6.0.0/lib/rails_i18n/../../rails/pluralization/en.rb", "/home/t-ohsuga/.rbenv/versions/3.0.0/lib/ruby/gems/3.0.0/gems/rails-i18n-6.0.0/lib/rails_i18n/../../rails/pluralization/eo.rb", "/home/t-ohsuga/.rbenv/versions/3.0.0/lib/ruby/gems/3.0.0/gems/rails-i18n-6.0.0/lib/rails_i18n/../../rails/pluralization/es-419.rb", "/home/t-ohsuga/.rbenv/versions/3.0.0/lib/ruby/gems/3.0.0/gems/rails-i18n-6.0.0/lib/rails_i18n/../../rails/pluralization/es-AR.rb", "/home/t-ohsuga/.rbenv/versions/3.0.0/lib/ruby/gems/3.0.0/gems/rails-i18n-6.0.0/lib/rails_i18n/../../rails/pluralization/es-CL.rb", "/home/t-ohsuga/.rbenv/versions/3.0.0/lib/ruby/gems/3.0.0/gems/rails-i18n-6.0.0/lib/rails_i18n/../../rails/pluralization/es-CO.rb", "/home/t-ohsuga/.rbenv/versions/3.0.0/lib/ruby/gems/3.0.0/gems/rails-i18n-6.0.0/lib/rails_i18n/../../rails/pluralization/es-CR.rb", "/home/t-ohsuga/.rbenv/versions/3.0.0/lib/ruby/gems/3.0.0/gems/rails-i18n-6.0.0/lib/rails_i18n/../../rails/pluralization/es-EC.rb", "/home/t-ohsuga/.rbenv/versions/3.0.0/lib/ruby/gems/3.0.0/gems/rails-i18n-6.0.0/lib/rails_i18n/../../rails/pluralization/es-ES.rb", "/home/t-ohsuga/.rbenv/versions/3.0.0/lib/ruby/gems/3.0.0/gems/rails-i18n-6.0.0/lib/rails_i18n/../../rails/pluralization/es-MX.rb", "/home/t-ohsuga/.rbenv/versions/3.0.0/lib/ruby/gems/3.0.0/gems/rails-i18n-6.0.0/lib/rails_i18n/../../rails/pluralization/es-NI.rb", "/home/t-ohsuga/.rbenv/versions/3.0.0/lib/ruby/gems/3.0.0/gems/rails-i18n-6.0.0/lib/rails_i18n/../../rails/pluralization/es-PA.rb", "/home/t-ohsuga/.rbenv/versions/3.0.0/lib/ruby/gems/3.0.0/gems/rails-i18n-6.0.0/lib/rails_i18n/../../rails/pluralization/es-PE.rb", "/home/t-ohsuga/.rbenv/versions/3.0.0/lib/ruby/gems/3.0.0/gems/rails-i18n-6.0.0/lib/rails_i18n/../../rails/pluralization/es-US.rb", "/home/t-ohsuga/.rbenv/versions/3.0.0/lib/ruby/gems/3.0.0/gems/rails-i18n-6.0.0/lib/rails_i18n/../../rails/pluralization/es-VE.rb", "/home/t-ohsuga/.rbenv/versions/3.0.0/lib/ruby/gems/3.0.0/gems/rails-i18n-6.0.0/lib/rails_i18n/../../rails/pluralization/es.rb", "/home/t-ohsuga/.rbenv/versions/3.0.0/lib/ruby/gems/3.0.0/gems/rails-i18n-6.0.0/lib/rails_i18n/../../rails/pluralization/et.rb", "/home/t-ohsuga/.rbenv/versions/3.0.0/lib/ruby/gems/3.0.0/gems/rails-i18n-6.0.0/lib/rails_i18n/../../rails/pluralization/eu.rb", "/home/t-ohsuga/.rbenv/versions/3.0.0/lib/ruby/gems/3.0.0/gems/rails-i18n-6.0.0/lib/rails_i18n/../../rails/pluralization/fa.rb", "/home/t-ohsuga/.rbenv/versions/3.0.0/lib/ruby/gems/3.0.0/gems/rails-i18n-6.0.0/lib/rails_i18n/../../rails/pluralization/ff.rb", "/home/t-ohsuga/.rbenv/versions/3.0.0/lib/ruby/gems/3.0.0/gems/rails-i18n-6.0.0/lib/rails_i18n/../../rails/pluralization/fi.rb", "/home/t-ohsuga/.rbenv/versions/3.0.0/lib/ruby/gems/3.0.0/gems/rails-i18n-6.0.0/lib/rails_i18n/../../rails/pluralization/fr-CA.rb", "/home/t-ohsuga/.rbenv/versions/3.0.0/lib/ruby/gems/3.0.0/gems/rails-i18n-6.0.0/lib/rails_i18n/../../rails/pluralization/fr-CH.rb", "/home/t-ohsuga/.rbenv/versions/3.0.0/lib/ruby/gems/3.0.0/gems/rails-i18n-6.0.0/lib/rails_i18n/../../rails/pluralization/fr-FR.rb", "/home/t-ohsuga/.rbenv/versions/3.0.0/lib/ruby/gems/3.0.0/gems/rails-i18n-6.0.0/lib/rails_i18n/../../rails/pluralization/fr.rb", "/home/t-ohsuga/.rbenv/versions/3.0.0/lib/ruby/gems/3.0.0/gems/rails-i18n-6.0.0/lib/rails_i18n/../../rails/pluralization/ga.rb", "/home/t-ohsuga/.rbenv/versions/3.0.0/lib/ruby/gems/3.0.0/gems/rails-i18n-6.0.0/lib/rails_i18n/../../rails/pluralization/gd.rb", "/home/t-ohsuga/.rbenv/versions/3.0.0/lib/ruby/gems/3.0.0/gems/rails-i18n-6.0.0/lib/rails_i18n/../../rails/pluralization/gl.rb", "/home/t-ohsuga/.rbenv/versions/3.0.0/lib/ruby/gems/3.0.0/gems/rails-i18n-6.0.0/lib/rails_i18n/../../rails/pluralization/guw.rb", "/home/t-ohsuga/.rbenv/versions/3.0.0/lib/ruby/gems/3.0.0/gems/rails-i18n-6.0.0/lib/rails_i18n/../../rails/pluralization/gv.rb", "/home/t-ohsuga/.rbenv/versions/3.0.0/lib/ruby/gems/3.0.0/gems/rails-i18n-6.0.0/lib/rails_i18n/../../rails/pluralization/he.rb", "/home/t-ohsuga/.rbenv/versions/3.0.0/lib/ruby/gems/3.0.0/gems/rails-i18n-6.0.0/lib/rails_i18n/../../rails/pluralization/hi-IN.rb", "/home/t-ohsuga/.rbenv/versions/3.0.0/lib/ruby/gems/3.0.0/gems/rails-i18n-6.0.0/lib/rails_i18n/../../rails/pluralization/hi.rb", "/home/t-ohsuga/.rbenv/versions/3.0.0/lib/ruby/gems/3.0.0/gems/rails-i18n-6.0.0/lib/rails_i18n/../../rails/pluralization/hr.rb", "/home/t-ohsuga/.rbenv/versions/3.0.0/lib/ruby/gems/3.0.0/gems/rails-i18n-6.0.0/lib/rails_i18n/../../rails/pluralization/hsb.rb", "/home/t-ohsuga/.rbenv/versions/3.0.0/lib/ruby/gems/3.0.0/gems/rails-i18n-6.0.0/lib/rails_i18n/../../rails/pluralization/hu.rb", "/home/t-ohsuga/.rbenv/versions/3.0.0/lib/ruby/gems/3.0.0/gems/rails-i18n-6.0.0/lib/rails_i18n/../../rails/pluralization/id.rb", "/home/t-ohsuga/.rbenv/versions/3.0.0/lib/ruby/gems/3.0.0/gems/rails-i18n-6.0.0/lib/rails_i18n/../../rails/pluralization/ig.rb", "/home/t-ohsuga/.rbenv/versions/3.0.0/lib/ruby/gems/3.0.0/gems/rails-i18n-6.0.0/lib/rails_i18n/../../rails/pluralization/ii.rb", "/home/t-ohsuga/.rbenv/versions/3.0.0/lib/ruby/gems/3.0.0/gems/rails-i18n-6.0.0/lib/rails_i18n/../../rails/pluralization/is.rb", "/home/t-ohsuga/.rbenv/versions/3.0.0/lib/ruby/gems/3.0.0/gems/rails-i18n-6.0.0/lib/rails_i18n/../../rails/pluralization/it-CH.rb", "/home/t-ohsuga/.rbenv/versions/3.0.0/lib/ruby/gems/3.0.0/gems/rails-i18n-6.0.0/lib/rails_i18n/../../rails/pluralization/it.rb", "/home/t-ohsuga/.rbenv/versions/3.0.0/lib/ruby/gems/3.0.0/gems/rails-i18n-6.0.0/lib/rails_i18n/../../rails/pluralization/iu.rb", "/home/t-ohsuga/.rbenv/versions/3.0.0/lib/ruby/gems/3.0.0/gems/rails-i18n-6.0.0/lib/rails_i18n/../../rails/pluralization/ja.rb", "/home/t-ohsuga/.rbenv/versions/3.0.0/lib/ruby/gems/3.0.0/gems/rails-i18n-6.0.0/lib/rails_i18n/../../rails/pluralization/jv.rb", "/home/t-ohsuga/.rbenv/versions/3.0.0/lib/ruby/gems/3.0.0/gems/rails-i18n-6.0.0/lib/rails_i18n/../../rails/pluralization/ka.rb", "/home/t-ohsuga/.rbenv/versions/3.0.0/lib/ruby/gems/3.0.0/gems/rails-i18n-6.0.0/lib/rails_i18n/../../rails/pluralization/kab.rb", "/home/t-ohsuga/.rbenv/versions/3.0.0/lib/ruby/gems/3.0.0/gems/rails-i18n-6.0.0/lib/rails_i18n/../../rails/pluralization/kde.rb", "/home/t-ohsuga/.rbenv/versions/3.0.0/lib/ruby/gems/3.0.0/gems/rails-i18n-6.0.0/lib/rails_i18n/../../rails/pluralization/kea.rb", "/home/t-ohsuga/.rbenv/versions/3.0.0/lib/ruby/gems/3.0.0/gems/rails-i18n-6.0.0/lib/rails_i18n/../../rails/pluralization/km.rb", "/home/t-ohsuga/.rbenv/versions/3.0.0/lib/ruby/gems/3.0.0/gems/rails-i18n-6.0.0/lib/rails_i18n/../../rails/pluralization/kn.rb", "/home/t-ohsuga/.rbenv/versions/3.0.0/lib/ruby/gems/3.0.0/gems/rails-i18n-6.0.0/lib/rails_i18n/../../rails/pluralization/ko.rb", "/home/t-ohsuga/.rbenv/versions/3.0.0/lib/ruby/gems/3.0.0/gems/rails-i18n-6.0.0/lib/rails_i18n/../../rails/pluralization/ksh.rb", "/home/t-ohsuga/.rbenv/versions/3.0.0/lib/ruby/gems/3.0.0/gems/rails-i18n-6.0.0/lib/rails_i18n/../../rails/pluralization/kw.rb", "/home/t-ohsuga/.rbenv/versions/3.0.0/lib/ruby/gems/3.0.0/gems/rails-i18n-6.0.0/lib/rails_i18n/../../rails/pluralization/lag.rb", "/home/t-ohsuga/.rbenv/versions/3.0.0/lib/ruby/gems/3.0.0/gems/rails-i18n-6.0.0/lib/rails_i18n/../../rails/pluralization/ln.rb", "/home/t-ohsuga/.rbenv/versions/3.0.0/lib/ruby/gems/3.0.0/gems/rails-i18n-6.0.0/lib/rails_i18n/../../rails/pluralization/lo.rb", "/home/t-ohsuga/.rbenv/versions/3.0.0/lib/ruby/gems/3.0.0/gems/rails-i18n-6.0.0/lib/rails_i18n/../../rails/pluralization/lt.rb", "/home/t-ohsuga/.rbenv/versions/3.0.0/lib/ruby/gems/3.0.0/gems/rails-i18n-6.0.0/lib/rails_i18n/../../rails/pluralization/lv.rb", "/home/t-ohsuga/.rbenv/versions/3.0.0/lib/ruby/gems/3.0.0/gems/rails-i18n-6.0.0/lib/rails_i18n/../../rails/pluralization/mg.rb", "/home/t-ohsuga/.rbenv/versions/3.0.0/lib/ruby/gems/3.0.0/gems/rails-i18n-6.0.0/lib/rails_i18n/../../rails/pluralization/mk.rb", "/home/t-ohsuga/.rbenv/versions/3.0.0/lib/ruby/gems/3.0.0/gems/rails-i18n-6.0.0/lib/rails_i18n/../../rails/pluralization/ml.rb", "/home/t-ohsuga/.rbenv/versions/3.0.0/lib/ruby/gems/3.0.0/gems/rails-i18n-6.0.0/lib/rails_i18n/../../rails/pluralization/mn.rb", "/home/t-ohsuga/.rbenv/versions/3.0.0/lib/ruby/gems/3.0.0/gems/rails-i18n-6.0.0/lib/rails_i18n/../../rails/pluralization/mo.rb", "/home/t-ohsuga/.rbenv/versions/3.0.0/lib/ruby/gems/3.0.0/gems/rails-i18n-6.0.0/lib/rails_i18n/../../rails/pluralization/mr-IN.rb", "/home/t-ohsuga/.rbenv/versions/3.0.0/lib/ruby/gems/3.0.0/gems/rails-i18n-6.0.0/lib/rails_i18n/../../rails/pluralization/ms.rb", "/home/t-ohsuga/.rbenv/versions/3.0.0/lib/ruby/gems/3.0.0/gems/rails-i18n-6.0.0/lib/rails_i18n/../../rails/pluralization/mt.rb", "/home/t-ohsuga/.rbenv/versions/3.0.0/lib/ruby/gems/3.0.0/gems/rails-i18n-6.0.0/lib/rails_i18n/../../rails/pluralization/my.rb", "/home/t-ohsuga/.rbenv/versions/3.0.0/lib/ruby/gems/3.0.0/gems/rails-i18n-6.0.0/lib/rails_i18n/../../rails/pluralization/naq.rb", "/home/t-ohsuga/.rbenv/versions/3.0.0/lib/ruby/gems/3.0.0/gems/rails-i18n-6.0.0/lib/rails_i18n/../../rails/pluralization/nb.rb", "/home/t-ohsuga/.rbenv/versions/3.0.0/lib/ruby/gems/3.0.0/gems/rails-i18n-6.0.0/lib/rails_i18n/../../rails/pluralization/ne.rb", "/home/t-ohsuga/.rbenv/versions/3.0.0/lib/ruby/gems/3.0.0/gems/rails-i18n-6.0.0/lib/rails_i18n/../../rails/pluralization/nl.rb", "/home/t-ohsuga/.rbenv/versions/3.0.0/lib/ruby/gems/3.0.0/gems/rails-i18n-6.0.0/lib/rails_i18n/../../rails/pluralization/nn.rb", "/home/t-ohsuga/.rbenv/versions/3.0.0/lib/ruby/gems/3.0.0/gems/rails-i18n-6.0.0/lib/rails_i18n/../../rails/pluralization/nso.rb", "/home/t-ohsuga/.rbenv/versions/3.0.0/lib/ruby/gems/3.0.0/gems/rails-i18n-6.0.0/lib/rails_i18n/../../rails/pluralization/oc.rb", "/home/t-ohsuga/.rbenv/versions/3.0.0/lib/ruby/gems/3.0.0/gems/rails-i18n-6.0.0/lib/rails_i18n/../../rails/pluralization/or.rb", "/home/t-ohsuga/.rbenv/versions/3.0.0/lib/ruby/gems/3.0.0/gems/rails-i18n-6.0.0/lib/rails_i18n/../../rails/pluralization/pa.rb", "/home/t-ohsuga/.rbenv/versions/3.0.0/lib/ruby/gems/3.0.0/gems/rails-i18n-6.0.0/lib/rails_i18n/../../rails/pluralization/pl.rb", "/home/t-ohsuga/.rbenv/versions/3.0.0/lib/ruby/gems/3.0.0/gems/rails-i18n-6.0.0/lib/rails_i18n/../../rails/pluralization/pt.rb", "/home/t-ohsuga/.rbenv/versions/3.0.0/lib/ruby/gems/3.0.0/gems/rails-i18n-6.0.0/lib/rails_i18n/../../rails/pluralization/ro.rb", "/home/t-ohsuga/.rbenv/versions/3.0.0/lib/ruby/gems/3.0.0/gems/rails-i18n-6.0.0/lib/rails_i18n/../../rails/pluralization/root.rb", "/home/t-ohsuga/.rbenv/versions/3.0.0/lib/ruby/gems/3.0.0/gems/rails-i18n-6.0.0/lib/rails_i18n/../../rails/pluralization/ru.rb", "/home/t-ohsuga/.rbenv/versions/3.0.0/lib/ruby/gems/3.0.0/gems/rails-i18n-6.0.0/lib/rails_i18n/../../rails/pluralization/sah.rb", "/home/t-ohsuga/.rbenv/versions/3.0.0/lib/ruby/gems/3.0.0/gems/rails-i18n-6.0.0/lib/rails_i18n/../../rails/pluralization/se.rb", "/home/t-ohsuga/.rbenv/versions/3.0.0/lib/ruby/gems/3.0.0/gems/rails-i18n-6.0.0/lib/rails_i18n/../../rails/pluralization/ses.rb", "/home/t-ohsuga/.rbenv/versions/3.0.0/lib/ruby/gems/3.0.0/gems/rails-i18n-6.0.0/lib/rails_i18n/../../rails/pluralization/sg.rb", "/home/t-ohsuga/.rbenv/versions/3.0.0/lib/ruby/gems/3.0.0/gems/rails-i18n-6.0.0/lib/rails_i18n/../../rails/pluralization/sh.rb", "/home/t-ohsuga/.rbenv/versions/3.0.0/lib/ruby/gems/3.0.0/gems/rails-i18n-6.0.0/lib/rails_i18n/../../rails/pluralization/shi.rb", "/home/t-ohsuga/.rbenv/versions/3.0.0/lib/ruby/gems/3.0.0/gems/rails-i18n-6.0.0/lib/rails_i18n/../../rails/pluralization/sk.rb", "/home/t-ohsuga/.rbenv/versions/3.0.0/lib/ruby/gems/3.0.0/gems/rails-i18n-6.0.0/lib/rails_i18n/../../rails/pluralization/sl.rb", "/home/t-ohsuga/.rbenv/versions/3.0.0/lib/ruby/gems/3.0.0/gems/rails-i18n-6.0.0/lib/rails_i18n/../../rails/pluralization/sma.rb", "/home/t-ohsuga/.rbenv/versions/3.0.0/lib/ruby/gems/3.0.0/gems/rails-i18n-6.0.0/lib/rails_i18n/../../rails/pluralization/smi.rb", "/home/t-ohsuga/.rbenv/versions/3.0.0/lib/ruby/gems/3.0.0/gems/rails-i18n-6.0.0/lib/rails_i18n/../../rails/pluralization/smj.rb", "/home/t-ohsuga/.rbenv/versions/3.0.0/lib/ruby/gems/3.0.0/gems/rails-i18n-6.0.0/lib/rails_i18n/../../rails/pluralization/smn.rb", "/home/t-ohsuga/.rbenv/versions/3.0.0/lib/ruby/gems/3.0.0/gems/rails-i18n-6.0.0/lib/rails_i18n/../../rails/pluralization/sms.rb", "/home/t-ohsuga/.rbenv/versions/3.0.0/lib/ruby/gems/3.0.0/gems/rails-i18n-6.0.0/lib/rails_i18n/../../rails/pluralization/sr.rb", "/home/t-ohsuga/.rbenv/versions/3.0.0/lib/ruby/gems/3.0.0/gems/rails-i18n-6.0.0/lib/rails_i18n/../../rails/pluralization/sv-SE.rb", "/home/t-ohsuga/.rbenv/versions/3.0.0/lib/ruby/gems/3.0.0/gems/rails-i18n-6.0.0/lib/rails_i18n/../../rails/pluralization/sv.rb", "/home/t-ohsuga/.rbenv/versions/3.0.0/lib/ruby/gems/3.0.0/gems/rails-i18n-6.0.0/lib/rails_i18n/../../rails/pluralization/sw.rb", "/home/t-ohsuga/.rbenv/versions/3.0.0/lib/ruby/gems/3.0.0/gems/rails-i18n-6.0.0/lib/rails_i18n/../../rails/pluralization/th.rb", "/home/t-ohsuga/.rbenv/versions/3.0.0/lib/ruby/gems/3.0.0/gems/rails-i18n-6.0.0/lib/rails_i18n/../../rails/pluralization/ti.rb", "/home/t-ohsuga/.rbenv/versions/3.0.0/lib/ruby/gems/3.0.0/gems/rails-i18n-6.0.0/lib/rails_i18n/../../rails/pluralization/tl.rb", "/home/t-ohsuga/.rbenv/versions/3.0.0/lib/ruby/gems/3.0.0/gems/rails-i18n-6.0.0/lib/rails_i18n/../../rails/pluralization/to.rb", "/home/t-ohsuga/.rbenv/versions/3.0.0/lib/ruby/gems/3.0.0/gems/rails-i18n-6.0.0/lib/rails_i18n/../../rails/pluralization/tr.rb", "/home/t-ohsuga/.rbenv/versions/3.0.0/lib/ruby/gems/3.0.0/gems/rails-i18n-6.0.0/lib/rails_i18n/../../rails/pluralization/tzm.rb", "/home/t-ohsuga/.rbenv/versions/3.0.0/lib/ruby/gems/3.0.0/gems/rails-i18n-6.0.0/lib/rails_i18n/../../rails/pluralization/uk.rb", "/home/t-ohsuga/.rbenv/versions/3.0.0/lib/ruby/gems/3.0.0/gems/rails-i18n-6.0.0/lib/rails_i18n/../../rails/pluralization/ur.rb", "/home/t-ohsuga/.rbenv/versions/3.0.0/lib/ruby/gems/3.0.0/gems/rails-i18n-6.0.0/lib/rails_i18n/../../rails/pluralization/vi.rb", "/home/t-ohsuga/.rbenv/versions/3.0.0/lib/ruby/gems/3.0.0/gems/rails-i18n-6.0.0/lib/rails_i18n/../../rails/pluralization/wa.rb", "/home/t-ohsuga/.rbenv/versions/3.0.0/lib/ruby/gems/3.0.0/gems/rails-i18n-6.0.0/lib/rails_i18n/../../rails/pluralization/wo.rb", "/home/t-ohsuga/.rbenv/versions/3.0.0/lib/ruby/gems/3.0.0/gems/rails-i18n-6.0.0/lib/rails_i18n/../../rails/pluralization/yo.rb", "/home/t-ohsuga/.rbenv/versions/3.0.0/lib/ruby/gems/3.0.0/gems/rails-i18n-6.0.0/lib/rails_i18n/../../rails/pluralization/zh-CN.rb", "/home/t-ohsuga/.rbenv/versions/3.0.0/lib/ruby/gems/3.0.0/gems/rails-i18n-6.0.0/lib/rails_i18n/../../rails/pluralization/zh-HK.rb", "/home/t-ohsuga/.rbenv/versions/3.0.0/lib/ruby/gems/3.0.0/gems/rails-i18n-6.0.0/lib/rails_i18n/../../rails/pluralization/zh-TW.rb", "/home/t-ohsuga/.rbenv/versions/3.0.0/lib/ruby/gems/3.0.0/gems/rails-i18n-6.0.0/lib/rails_i18n/../../rails/pluralization/zh-YUE.rb", "/home/t-ohsuga/.rbenv/versions/3.0.0/lib/ruby/gems/3.0.0/gems/rails-i18n-6.0.0/lib/rails_i18n/../../rails/pluralization/zh.rb", "/home/t-ohsuga/.rbenv/versions/3.0.0/lib/ruby/gems/3.0.0/gems/rails-i18n-6.0.0/lib/rails_i18n/../../rails/transliteration/ru.rb", "/home/t-ohsuga/.rbenv/versions/3.0.0/lib/ruby/gems/3.0.0/gems/rails-i18n-6.0.0/lib/rails_i18n/../../rails/transliteration/uk.rb", "/home/t-ohsuga/.rbenv/versions/3.0.0/lib/ruby/gems/3.0.0/gems/rails-i18n-6.0.0/lib/rails_i18n/../../rails/transliteration/az.yml", "/home/t-ohsuga/.rbenv/versions/3.0.0/lib/ruby/gems/3.0.0/gems/rails-i18n-6.0.0/lib/rails_i18n/../../rails/transliteration/bg.yml", "/home/t-ohsuga/.rbenv/versions/3.0.0/lib/ruby/gems/3.0.0/gems/rails-i18n-6.0.0/lib/rails_i18n/../../rails/transliteration/ca.yml", "/home/t-ohsuga/.rbenv/versions/3.0.0/lib/ruby/gems/3.0.0/gems/rails-i18n-6.0.0/lib/rails_i18n/../../rails/transliteration/de.yml", "/home/t-ohsuga/.rbenv/versions/3.0.0/lib/ruby/gems/3.0.0/gems/rails-i18n-6.0.0/lib/rails_i18n/../../rails/transliteration/el.yml", "/home/t-ohsuga/.rbenv/versions/3.0.0/lib/ruby/gems/3.0.0/gems/rails-i18n-6.0.0/lib/rails_i18n/../../rails/transliteration/es.yml", "/home/t-ohsuga/.rbenv/versions/3.0.0/lib/ruby/gems/3.0.0/gems/rails-i18n-6.0.0/lib/rails_i18n/../../rails/transliteration/fa.yml", "/home/t-ohsuga/.rbenv/versions/3.0.0/lib/ruby/gems/3.0.0/gems/rails-i18n-6.0.0/lib/rails_i18n/../../rails/transliteration/fr.yml", "/home/t-ohsuga/.rbenv/versions/3.0.0/lib/ruby/gems/3.0.0/gems/rails-i18n-6.0.0/lib/rails_i18n/../../rails/transliteration/hu.yml", "/home/t-ohsuga/.rbenv/versions/3.0.0/lib/ruby/gems/3.0.0/gems/rails-i18n-6.0.0/lib/rails_i18n/../../rails/transliteration/oc.yml", "/home/t-ohsuga/.rbenv/versions/3.0.0/lib/ruby/gems/3.0.0/gems/rails-i18n-6.0.0/lib/rails_i18n/../../rails/transliteration/pl.yml", "/home/t-ohsuga/.rbenv/versions/3.0.0/lib/ruby/gems/3.0.0/gems/rails-i18n-6.0.0/lib/rails_i18n/../../rails/transliteration/pt.yml", "/home/t-ohsuga/.rbenv/versions/3.0.0/lib/ruby/gems/3.0.0/gems/rails-i18n-6.0.0/lib/rails_i18n/../../rails/transliteration/ro.yml", "/home/t-ohsuga/.rbenv/versions/3.0.0/lib/ruby/gems/3.0.0/gems/rails-i18n-6.0.0/lib/rails_i18n/../../rails/transliteration/vi.yml", "/home/t-ohsuga/.rbenv/versions/3.0.0/lib/ruby/gems/3.0.0/gems/active_storage_validations-0.9.5/config/locales/de.yml", "/home/t-ohsuga/.rbenv/versions/3.0.0/lib/ruby/gems/3.0.0/gems/active_storage_validations-0.9.5/config/locales/en.yml", "/home/t-ohsuga/.rbenv/versions/3.0.0/lib/ruby/gems/3.0.0/gems/active_storage_validations-0.9.5/config/locales/es.yml", "/home/t-ohsuga/.rbenv/versions/3.0.0/lib/ruby/gems/3.0.0/gems/active_storage_validations-0.9.5/config/locales/fr.yml", "/home/t-ohsuga/.rbenv/versions/3.0.0/lib/ruby/gems/3.0.0/gems/active_storage_validations-0.9.5/config/locales/it.yml", "/home/t-ohsuga/.rbenv/versions/3.0.0/lib/ruby/gems/3.0.0/gems/active_storage_validations-0.9.5/config/locales/ja.yml", "/home/t-ohsuga/.rbenv/versions/3.0.0/lib/ruby/gems/3.0.0/gems/active_storage_validations-0.9.5/config/locales/nl.yml", "/home/t-ohsuga/.rbenv/versions/3.0.0/lib/ruby/gems/3.0.0/gems/active_storage_validations-0.9.5/config/locales/pl.yml", "/home/t-ohsuga/.rbenv/versions/3.0.0/lib/ruby/gems/3.0.0/gems/active_storage_validations-0.9.5/config/locales/pt-BR.yml", "/home/t-ohsuga/.rbenv/versions/3.0.0/lib/ruby/gems/3.0.0/gems/active_storage_validations-0.9.5/config/locales/ru.yml", "/home/t-ohsuga/.rbenv/versions/3.0.0/lib/ruby/gems/3.0.0/gems/active_storage_validations-0.9.5/config/locales/tr.yml", "/home/t-ohsuga/.rbenv/versions/3.0.0/lib/ruby/gems/3.0.0/gems/active_storage_validations-0.9.5/config/locales/uk.yml", "/home/t-ohsuga/.rbenv/versions/3.0.0/lib/ruby/gems/3.0.0/gems/active_storage_validations-0.9.5/config/locales/vi.yml", "/home/t-ohsuga/.rbenv/versions/3.0.0/lib/ruby/gems/3.0.0/gems/kaminari-core-1.2.1/config/locales/kaminari.yml", "/home/t-ohsuga/rails_awesome_events/config/locales/en.yml", "/home/t-ohsuga/rails_awesome_events/config/locales/ja.yml", "/home/t-ohsuga/rails_awesome_events/config/locales/kaminari_ja.yml", "/home/t-ohsuga/.rbenv/versions/3.0.0/lib/ruby/gems/3.0.0/gems/active_storage_validations-0.9.5/config/locales/de.yml", "/home/t-ohsuga/.rbenv/versions/3.0.0/lib/ruby/gems/3.0.0/gems/active_storage_validations-0.9.5/config/locales/en.yml", "/home/t-ohsuga/.rbenv/versions/3.0.0/lib/ruby/gems/3.0.0/gems/active_storage_validations-0.9.5/config/locales/es.yml", "/home/t-ohsuga/.rbenv/versions/3.0.0/lib/ruby/gems/3.0.0/gems/active_storage_validations-0.9.5/config/locales/fr.yml", "/home/t-ohsuga/.rbenv/versions/3.0.0/lib/ruby/gems/3.0.0/gems/active_storage_validations-0.9.5/config/locales/it.yml", "/home/t-ohsuga/.rbenv/versions/3.0.0/lib/ruby/gems/3.0.0/gems/active_storage_validations-0.9.5/config/locales/ja.yml", "/home/t-ohsuga/.rbenv/versions/3.0.0/lib/ruby/gems/3.0.0/gems/active_storage_validations-0.9.5/config/locales/nl.yml", "/home/t-ohsuga/.rbenv/versions/3.0.0/lib/ruby/gems/3.0.0/gems/active_storage_validations-0.9.5/config/locales/pl.yml", "/home/t-ohsuga/.rbenv/versions/3.0.0/lib/ruby/gems/3.0.0/gems/active_storage_validations-0.9.5/config/locales/pt-BR.yml", "/home/t-ohsuga/.rbenv/versions/3.0.0/lib/ruby/gems/3.0.0/gems/active_storage_validations-0.9.5/config/locales/ru.yml", "/home/t-ohsuga/.rbenv/versions/3.0.0/lib/ruby/gems/3.0.0/gems/active_storage_validations-0.9.5/config/locales/tr.yml", "/home/t-ohsuga/.rbenv/versions/3.0.0/lib/ruby/gems/3.0.0/gems/active_storage_validations-0.9.5/config/locales/uk.yml", "/home/t-ohsuga/.rbenv/versions/3.0.0/lib/ruby/gems/3.0.0/gems/active_storage_validations-0.9.5/config/locales/vi.yml", "/home/t-ohsuga/.rbenv/versions/3.0.0/lib/ruby/gems/3.0.0/gems/kaminari-core-1.2.1/config/locales/kaminari.yml", "/home/t-ohsuga/rails_awesome_events/config/locales/en.yml", "/home/t-ohsuga/rails_awesome_events/config/locales/ja.yml", "/home/t-ohsuga/rails_awesome_events/config/locales/kaminari_ja.yml"], @last_update_at=2021-07-04 15:01:44.7881044 +0900>, #<ActiveSupport::FileUpdateChecker:0x000055ac5b2aa208 @files=[], @glob="{/home/t-ohsuga/rails_awesome_events/test/factories/**/*.{rb}}", @block=#<Proc:0x000055ac5b2aa1b8 /home/t-ohsuga/.rbenv/versions/3.0.0/lib/ruby/gems/3.0.0/gems/factory_bot_rails-6.2.0/lib/factory_bot_rails/reloader.rb:23>, @watched=nil, @updated_at=nil, @last_watched=["/home/t-ohsuga/rails_awesome_events/test/factories/events.rb", "/home/t-ohsuga/rails_awesome_events/test/factories/users.rb"], @last_update_at=2021-06-20 16:49:03.4126789 +0900>, #<Rails::Application::RoutesReloader:0x000055ac5b7b6440 @paths=["/home/t-ohsuga/rails_awesome_events/config/routes.rb", "/home/t-ohsuga/.rbenv/versions/3.0.0/lib/ruby/gems/3.0.0/gems/activestorage-6.1.3.2/config/routes.rb"], @route_sets=[#<ActionDispatch::Routing::RouteSet:0x000055ac5b7c2740>, #<ActionDispatch::Routing::RouteSet:0x000055ac59237a98>, #<ActionDispatch::Routing::RouteSet:0x000055ac5b7b45a0>, #<ActionDispatch::Routing::RouteSet:0x000055ac5b7af500>, #<ActionDispatch::Routing::RouteSet:0x000055ac5b7ae498>, #<ActionDispatch::Routing::RouteSet:0x000055ac5b7ad200>, #<ActionDispatch::Routing::RouteSet:0x000055ac5b78fe58>, #<ActionDispatch::Routing::RouteSet:0x000055ac5b78eaf8>], @external_routes=[#<Pathname:/home/t-ohsuga/rails_awesome_events/config/routes>, #<Pathname:/home/t-ohsuga/.rbenv/versions/3.0.0/lib/ruby/gems/3.0.0/gems/kaminari-core-1.2.1/config/routes>, #<Pathname:/home/t-ohsuga/.rbenv/versions/3.0.0/lib/ruby/gems/3.0.0/gems/active_storage_validations-0.9.5/config/routes>, #<Pathname:/home/t-ohsuga/.rbenv/versions/3.0.0/lib/ruby/gems/3.0.0/gems/hamlit-rails-0.2.3/config/routes>, #<Pathname:/home/t-ohsuga/.rbenv/versions/3.0.0/lib/ruby/gems/3.0.0/gems/turbolinks-5.2.1/config/routes>, #<Pathname:/home/t-ohsuga/.rbenv/versions/3.0.0/lib/ruby/gems/3.0.0/gems/webpacker-5.4.0/config/routes>, #<Pathname:/home/t-ohsuga/.rbenv/versions/3.0.0/lib/ruby/gems/3.0.0/gems/activestorage-6.1.3.2/config/routes>, #<Pathname:/home/t-ohsuga/.rbenv/versions/3.0.0/lib/ruby/gems/3.0.0/gems/actionview-6.1.3.2/config/routes>], @eager_load=false, @updater=#<ActiveSupport::FileUpdateChecker:0x000055ac5b218268 @files=["/home/t-ohsuga/rails_awesome_events/config/routes.rb", "/home/t-ohsuga/.rbenv/versions/3.0.0/lib/ruby/gems/3.0.0/gems/activestorage-6.1.3.2/config/routes.rb"], @glob="{/home/t-ohsuga/rails_awesome_events/config/routes/**/*.{rb},/home/t-ohsuga/.rbenv/versions/3.0.0/lib/ruby/gems/3.0.0/gems/kaminari-core-1.2.1/config/routes/**/*.{rb},/home/t-ohsuga/.rbenv/versions/3.0.0/lib/ruby/gems/3.0.0/gems/active_storage_validations-0.9.5/config/routes/**/*.{rb},/home/t-ohsuga/.rbenv/versions/3.0.0/lib/ruby/gems/3.0.0/gems/hamlit-rails-0.2.3/config/routes/**/*.{rb},/home/t-ohsuga/.rbenv/versions/3.0.0/lib/ruby/gems/3.0.0/gems/turbolinks-5.2.1/config/routes/**/*.{rb},/home/t-ohsuga/.rbenv/versions/3.0.0/lib/ruby/gems/3.0.0/gems/webpacker-5.4.0/config/routes/**/*.{rb},/home/t-ohsuga/.rbenv/versions/3.0.0/lib/ruby/gems/3.0.0/gems/activestorage-6.1.3.2/config/routes/**/*.{rb},/home/t-ohsuga/.rbenv/versions/3.0.0/lib/ruby/gems/3.0.0/gems/actionview-6.1.3.2/config/routes/**/*.{rb}}", @block=#<Proc:0x000055ac5b2181f0 /home/t-ohsuga/.rbenv/versions/3.0.0/lib/ruby/gems/3.0.0/gems/railties-6.1.3.2/lib/rails/application/routes_reloader.rb:35>, @watched=nil, @updated_at=nil, @last_watched=["/home/t-ohsuga/rails_awesome_events/config/routes.rb", "/home/t-ohsuga/.rbenv/versions/3.0.0/lib/ruby/gems/3.0.0/gems/activestorage-6.1.3.2/config/routes.rb"], @last_update_at=2021-07-04 16:44:50 +0900>>, #<ActiveSupport::FileUpdateChecker:0x000055ac582f8410 @files=["/home/t-ohsuga/rails_awesome_events/db/schema.rb", "/home/t-ohsuga/rails_awesome_events/db/structure.sql"], @glob="{/home/t-ohsuga/rails_awesome_events/app/controllers/**/*.{rb},/home/t-ohsuga/rails_awesome_events/app/controllers/concerns/**/*.{rb},/home/t-ohsuga/rails_awesome_events/app/forms/**/*.{rb},/home/t-ohsuga/rails_awesome_events/app/helpers/**/*.{rb},/home/t-ohsuga/rails_awesome_events/app/jobs/**/*.{rb},/home/t-ohsuga/rails_awesome_events/app/models/**/*.{rb},/home/t-ohsuga/rails_awesome_events/app/models/concerns/**/*.{rb},/home/t-ohsuga/.rbenv/versions/3.0.0/lib/ruby/gems/3.0.0/gems/activestorage-6.1.3.2/app/controllers/**/*.{rb},/home/t-ohsuga/.rbenv/versions/3.0.0/lib/ruby/gems/3.0.0/gems/activestorage-6.1.3.2/app/controllers/concerns/**/*.{rb},/home/t-ohsuga/.rbenv/versions/3.0.0/lib/ruby/gems/3.0.0/gems/activestorage-6.1.3.2/app/jobs/**/*.{rb},/home/t-ohsuga/.rbenv/versions/3.0.0/lib/ruby/gems/3.0.0/gems/activestorage-6.1.3.2/app/models/**/*.{rb}}", @block=#<Proc:0x000055ac58cba110 /home/t-ohsuga/.rbenv/versions/3.0.0/lib/ruby/gems/3.0.0/gems/railties-6.1.3.2/lib/rails/application/finisher.rb:215 (lambda)>, @watched=nil, @updated_at=nil, @last_watched=["/home/t-ohsuga/rails_awesome_events/db/schema.rb", "/home/t-ohsuga/rails_awesome_events/app/controllers/application_controller.rb", "/home/t-ohsuga/rails_awesome_events/app/controllers/events_controller.rb", "/home/t-ohsuga/rails_awesome_events/app/controllers/retirements_controller.rb", "/home/t-ohsuga/rails_awesome_events/app/controllers/sessions_controller.rb", "/home/t-ohsuga/rails_awesome_events/app/controllers/status_controller.rb", "/home/t-ohsuga/rails_awesome_events/app/controllers/tickets_controller.rb", "/home/t-ohsuga/rails_awesome_events/app/controllers/welcome_controller.rb", "/home/t-ohsuga/rails_awesome_events/app/forms/event_search_form.rb", "/home/t-ohsuga/rails_awesome_events/app/helpers/application_helper.rb", "/home/t-ohsuga/rails_awesome_events/app/helpers/events_helper.rb", "/home/t-ohsuga/rails_awesome_events/app/helpers/retirements_helper.rb", "/home/t-ohsuga/rails_awesome_events/app/helpers/sessions_helper.rb", "/home/t-ohsuga/rails_awesome_events/app/helpers/status_helper.rb", "/home/t-ohsuga/rails_awesome_events/app/helpers/tickets_helper.rb", "/home/t-ohsuga/rails_awesome_events/app/helpers/welcome_helper.rb", "/home/t-ohsuga/rails_awesome_events/app/jobs/application_job.rb", "/home/t-ohsuga/rails_awesome_events/app/models/application_record.rb", "/home/t-ohsuga/rails_awesome_events/app/models/event.rb", "/home/t-ohsuga/rails_awesome_events/app/models/ticket.rb", "/home/t-ohsuga/rails_awesome_events/app/models/user.rb", "/home/t-ohsuga/.rbenv/versions/3.0.0/lib/ruby/gems/3.0.0/gems/activestorage-6.1.3.2/app/controllers/active_storage/base_controller.rb", "/home/t-ohsuga/.rbenv/versions/3.0.0/lib/ruby/gems/3.0.0/gems/activestorage-6.1.3.2/app/controllers/active_storage/blobs/proxy_controller.rb", "/home/t-ohsuga/.rbenv/versions/3.0.0/lib/ruby/gems/3.0.0/gems/activestorage-6.1.3.2/app/controllers/active_storage/blobs/redirect_controller.rb", "/home/t-ohsuga/.rbenv/versions/3.0.0/lib/ruby/gems/3.0.0/gems/activestorage-6.1.3.2/app/controllers/active_storage/direct_uploads_controller.rb", "/home/t-ohsuga/.rbenv/versions/3.0.0/lib/ruby/gems/3.0.0/gems/activestorage-6.1.3.2/app/controllers/active_storage/disk_controller.rb", "/home/t-ohsuga/.rbenv/versions/3.0.0/lib/ruby/gems/3.0.0/gems/activestorage-6.1.3.2/app/controllers/active_storage/representations/proxy_controller.rb", "/home/t-ohsuga/.rbenv/versions/3.0.0/lib/ruby/gems/3.0.0/gems/activestorage-6.1.3.2/app/controllers/active_storage/representations/redirect_controller.rb", "/home/t-ohsuga/.rbenv/versions/3.0.0/lib/ruby/gems/3.0.0/gems/activestorage-6.1.3.2/app/controllers/concerns/active_storage/file_server.rb", "/home/t-ohsuga/.rbenv/versions/3.0.0/lib/ruby/gems/3.0.0/gems/activestorage-6.1.3.2/app/controllers/concerns/active_storage/set_blob.rb", "/home/t-ohsuga/.rbenv/versions/3.0.0/lib/ruby/gems/3.0.0/gems/activestorage-6.1.3.2/app/controllers/concerns/active_storage/set_current.rb", "/home/t-ohsuga/.rbenv/versions/3.0.0/lib/ruby/gems/3.0.0/gems/activestorage-6.1.3.2/app/controllers/concerns/active_storage/set_headers.rb", "/home/t-ohsuga/.rbenv/versions/3.0.0/lib/ruby/gems/3.0.0/gems/activestorage-6.1.3.2/app/controllers/concerns/active_storage/file_server.rb", "/home/t-ohsuga/.rbenv/versions/3.0.0/lib/ruby/gems/3.0.0/gems/activestorage-6.1.3.2/app/controllers/concerns/active_storage/set_blob.rb", "/home/t-ohsuga/.rbenv/versions/3.0.0/lib/ruby/gems/3.0.0/gems/activestorage-6.1.3.2/app/controllers/concerns/active_storage/set_current.rb", "/home/t-ohsuga/.rbenv/versions/3.0.0/lib/ruby/gems/3.0.0/gems/activestorage-6.1.3.2/app/controllers/concerns/active_storage/set_headers.rb", "/home/t-ohsuga/.rbenv/versions/3.0.0/lib/ruby/gems/3.0.0/gems/activestorage-6.1.3.2/app/jobs/active_storage/analyze_job.rb", "/home/t-ohsuga/.rbenv/versions/3.0.0/lib/ruby/gems/3.0.0/gems/activestorage-6.1.3.2/app/jobs/active_storage/base_job.rb", "/home/t-ohsuga/.rbenv/versions/3.0.0/lib/ruby/gems/3.0.0/gems/activestorage-6.1.3.2/app/jobs/active_storage/mirror_job.rb", "/home/t-ohsuga/.rbenv/versions/3.0.0/lib/ruby/gems/3.0.0/gems/activestorage-6.1.3.2/app/jobs/active_storage/purge_job.rb", "/home/t-ohsuga/.rbenv/versions/3.0.0/lib/ruby/gems/3.0.0/gems/activestorage-6.1.3.2/app/models/active_storage/attachment.rb", "/home/t-ohsuga/.rbenv/versions/3.0.0/lib/ruby/gems/3.0.0/gems/activestorage-6.1.3.2/app/models/active_storage/blob/analyzable.rb", "/home/t-ohsuga/.rbenv/versions/3.0.0/lib/ruby/gems/3.0.0/gems/activestorage-6.1.3.2/app/models/active_storage/blob/identifiable.rb", "/home/t-ohsuga/.rbenv/versions/3.0.0/lib/ruby/gems/3.0.0/gems/activestorage-6.1.3.2/app/models/active_storage/blob/representable.rb", "/home/t-ohsuga/.rbenv/versions/3.0.0/lib/ruby/gems/3.0.0/gems/activestorage-6.1.3.2/app/models/active_storage/blob.rb", "/home/t-ohsuga/.rbenv/versions/3.0.0/lib/ruby/gems/3.0.0/gems/activestorage-6.1.3.2/app/models/active_storage/current.rb", "/home/t-ohsuga/.rbenv/versions/3.0.0/lib/ruby/gems/3.0.0/gems/activestorage-6.1.3.2/app/models/active_storage/filename.rb", "/home/t-ohsuga/.rbenv/versions/3.0.0/lib/ruby/gems/3.0.0/gems/activestorage-6.1.3.2/app/models/active_storage/preview.rb", "/home/t-ohsuga/.rbenv/versions/3.0.0/lib/ruby/gems/3.0.0/gems/activestorage-6.1.3.2/app/models/active_storage/record.rb", "/home/t-ohsuga/.rbenv/versions/3.0.0/lib/ruby/gems/3.0.0/gems/activestorage-6.1.3.2/app/models/active_storage/variant.rb", "/home/t-ohsuga/.rbenv/versions/3.0.0/lib/ruby/gems/3.0.0/gems/activestorage-6.1.3.2/app/models/active_storage/variant_record.rb", "/home/t-ohsuga/.rbenv/versions/3.0.0/lib/ruby/gems/3.0.0/gems/activestorage-6.1.3.2/app/models/active_storage/variant_with_record.rb", "/home/t-ohsuga/.rbenv/versions/3.0.0/lib/ruby/gems/3.0.0/gems/activestorage-6.1.3.2/app/models/active_storage/variation.rb"], @last_update_at=2021-07-04 16:33:58.31 +0900>], @routes_reloader=#<Rails::Application::RoutesReloader:0x000055ac5b7b6440 @paths=["/home/t-ohsuga/rails_awesome_events/config/routes.rb", "/home/t-ohsuga/.rbenv/versions/3.0.0/lib/ruby/gems/3.0.0/gems/activestorage-6.1.3.2/config/routes.rb"], @route_sets=[#<ActionDispatch::Routing::RouteSet:0x000055ac5b7c2740>, #<ActionDispatch::Routing::RouteSet:0x000055ac59237a98>, #<ActionDispatch::Routing::RouteSet:0x000055ac5b7b45a0>, #<ActionDispatch::Routing::RouteSet:0x000055ac5b7af500>, #<ActionDispatch::Routing::RouteSet:0x000055ac5b7ae498>, #<ActionDispatch::Routing::RouteSet:0x000055ac5b7ad200>, #<ActionDispatch::Routing::RouteSet:0x000055ac5b78fe58>, #<ActionDispatch::Routing::RouteSet:0x000055ac5b78eaf8>], @external_routes=[#<Pathname:/home/t-ohsuga/rails_awesome_events/config/routes>, #<Pathname:/home/t-ohsuga/.rbenv/versions/3.0.0/lib/ruby/gems/3.0.0/gems/kaminari-core-1.2.1/config/routes>, #<Pathname:/home/t-ohsuga/.rbenv/versions/3.0.0/lib/ruby/gems/3.0.0/gems/active_storage_validations-0.9.5/config/routes>, #<Pathname:/home/t-ohsuga/.rbenv/versions/3.0.0/lib/ruby/gems/3.0.0/gems/hamlit-rails-0.2.3/config/routes>, #<Pathname:/home/t-ohsuga/.rbenv/versions/3.0.0/lib/ruby/gems/3.0.0/gems/turbolinks-5.2.1/config/routes>, #<Pathname:/home/t-ohsuga/.rbenv/versions/3.0.0/lib/ruby/gems/3.0.0/gems/webpacker-5.4.0/config/routes>, #<Pathname:/home/t-ohsuga/.rbenv/versions/3.0.0/lib/ruby/gems/3.0.0/gems/activestorage-6.1.3.2/config/routes>, #<Pathname:/home/t-ohsuga/.rbenv/versions/3.0.0/lib/ruby/gems/3.0.0/gems/actionview-6.1.3.2/config/routes>], @eager_load=false, @updater=#<ActiveSupport::FileUpdateChecker:0x000055ac5b218268 @files=["/home/t-ohsuga/rails_awesome_events/config/routes.rb", "/home/t-ohsuga/.rbenv/versions/3.0.0/lib/ruby/gems/3.0.0/gems/activestorage-6.1.3.2/config/routes.rb"], @glob="{/home/t-ohsuga/rails_awesome_events/config/routes/**/*.{rb},/home/t-ohsuga/.rbenv/versions/3.0.0/lib/ruby/gems/3.0.0/gems/kaminari-core-1.2.1/config/routes/**/*.{rb},/home/t-ohsuga/.rbenv/versions/3.0.0/lib/ruby/gems/3.0.0/gems/active_storage_validations-0.9.5/config/routes/**/*.{rb},/home/t-ohsuga/.rbenv/versions/3.0.0/lib/ruby/gems/3.0.0/gems/hamlit-rails-0.2.3/config/routes/**/*.{rb},/home/t-ohsuga/.rbenv/versions/3.0.0/lib/ruby/gems/3.0.0/gems/turbolinks-5.2.1/config/routes/**/*.{rb},/home/t-ohsuga/.rbenv/versions/3.0.0/lib/ruby/gems/3.0.0/gems/webpacker-5.4.0/config/routes/**/*.{rb},/home/t-ohsuga/.rbenv/versions/3.0.0/lib/ruby/gems/3.0.0/gems/activestorage-6.1.3.2/config/routes/**/*.{rb},/home/t-ohsuga/.rbenv/versions/3.0.0/lib/ruby/gems/3.0.0/gems/actionview-6.1.3.2/config/routes/**/*.{rb}}", @block=#<Proc:0x000055ac5b2181f0 /home/t-ohsuga/.rbenv/versions/3.0.0/lib/ruby/gems/3.0.0/gems/railties-6.1.3.2/lib/rails/application/routes_reloader.rb:35>, @watched=nil, @updated_at=nil, @last_watched=["/home/t-ohsuga/rails_awesome_events/config/routes.rb", "/home/t-ohsuga/.rbenv/versions/3.0.0/lib/ruby/gems/3.0.0/gems/activestorage-6.1.3.2/config/routes.rb"], @last_update_at=2021-07-04 16:44:50 +0900>>, @app_env_config=nil, @ordered_railties=[[#<I18n::Railtie:0x000055ac58b4bc70 @config=#<Rails::Railtie::Configuration:0x000055ac5937d1a0>, @initializers=[]>, #<ActiveSupport::Railtie:0x000055ac5937c318 @config=#<Rails::Railtie::Configuration:0x000055ac5937c250>, @initializers=[#<Rails::Initializable::Initializer:0x000055ac59e872a8 @name="active_support.set_authenticated_message_encryption", @context=#<ActiveSupport::Railtie:0x000055ac5937c318 ...>, @options={:group=>:default}, @block=#<Proc:0x000055ac5937c0c0 /home/t-ohsuga/.rbenv/versions/3.0.0/lib/ruby/gems/3.0.0/gems/activesupport-6.1.3.2/lib/active_support/railtie.rb:12>>, #<Rails::Initializable::Initializer:0x000055ac59e871b8 @name="active_support.reset_all_current_attributes_instances", @context=#<ActiveSupport::Railtie:0x000055ac5937c318 ...>, @options={:after=>"active_support.set_authenticated_message_encryption", :group=>:default}, @block=#<Proc:0x000055ac59387f10 /home/t-ohsuga/.rbenv/versions/3.0.0/lib/ruby/gems/3.0.0/gems/activesupport-6.1.3.2/lib/active_support/railtie.rb:21>>, #<Rails::Initializable::Initializer:0x000055ac59e87118 @name="active_support.deprecation_behavior", @context=#<ActiveSupport::Railtie:0x000055ac5937c318 ...>, @options={:after=>"active_support.reset_all_current_attributes_instances", :group=>:default}, @block=#<Proc:0x000055ac59387d58 /home/t-ohsuga/.rbenv/versions/3.0.0/lib/ruby/gems/3.0.0/gems/activesupport-6.1.3.2/lib/active_support/railtie.rb:32>>, #<Rails::Initializable::Initializer:0x000055ac59e870a0 @name="active_support.initialize_time_zone", @context=#<ActiveSupport::Railtie:0x000055ac5937c318 ...>, @options={:after=>"active_support.deprecation_behavior", :group=>:default}, @block=#<Proc:0x000055ac59387c68 /home/t-ohsuga/.rbenv/versions/3.0.0/lib/ruby/gems/3.0.0/gems/activesupport-6.1.3.2/lib/active_support/railtie.rb:48>>, #<Rails::Initializable::Initializer:0x000055ac59e86fb0 @name="active_support.initialize_beginning_of_week", @context=#<ActiveSupport::Railtie:0x000055ac5937c318 ...>, @options={:after=>"active_support.initialize_time_zone", :group=>:default}, @block=#<Proc:0x000055ac59387b78 /home/t-ohsuga/.rbenv/versions/3.0.0/lib/ruby/gems/3.0.0/gems/activesupport-6.1.3.2/lib/active_support/railtie.rb:60>>, #<Rails::Initializable::Initializer:0x000055ac59e86e98 @name="active_support.require_master_key", @context=#<ActiveSupport::Railtie:0x000055ac5937c318 ...>, @options={:after=>"active_support.initialize_beginning_of_week", :group=>:default}, @block=#<Proc:0x000055ac59387a88 /home/t-ohsuga/.rbenv/versions/3.0.0/lib/ruby/gems/3.0.0/gems/activesupport-6.1.3.2/lib/active_support/railtie.rb:67>>, #<Rails::Initializable::Initializer:0x000055ac59e86e20 @name="active_support.set_configs", @context=#<ActiveSupport::Railtie:0x000055ac5937c318 ...>, @options={:after=>"active_support.require_master_key", :group=>:default}, @block=#<Proc:0x000055ac59387998 /home/t-ohsuga/.rbenv/versions/3.0.0/lib/ruby/gems/3.0.0/gems/activesupport-6.1.3.2/lib/active_support/railtie.rb:78>>, #<Rails::Initializable::Initializer:0x000055ac59e86d58 @name="active_support.set_hash_digest_class", @context=#<ActiveSupport::Railtie:0x000055ac5937c318 ...>, @options={:after=>"active_support.set_configs", :group=>:default}, @block=#<Proc:0x000055ac593878a8 /home/t-ohsuga/.rbenv/versions/3.0.0/lib/ruby/gems/3.0.0/gems/activesupport-6.1.3.2/lib/active_support/railtie.rb:85>>]>, #<ActionDispatch::Railtie:0x000055ac58e2c2c8 @config=#<Rails::Railtie::Configuration:0x000055ac58e2c200>, @initializers=[#<Rails::Initializable::Initializer:0x000055ac59e86308 @name="action_dispatch.configure", @context=#<ActionDispatch::Railtie:0x000055ac58e2c2c8 ...>, @options={:group=>:default}, @block=#<Proc:0x000055ac58e3adf0 /home/t-ohsuga/.rbenv/versions/3.0.0/lib/ruby/gems/3.0.0/gems/actionpack-6.1.3.2/lib/action_dispatch/railtie.rb:41>>]>, #<ActiveModel::Railtie:0x000055ac58e511b8 @config=#<Rails::Railtie::Configuration:0x000055ac58e510f0>, @initializers=[#<Rails::Initializable::Initializer:0x000055ac59e85688 @name="active_model.secure_password", @context=#<ActiveModel::Railtie:0x000055ac58e511b8 ...>, @options={:group=>:default}, @block=#<Proc:0x000055ac58e50f60 /home/t-ohsuga/.rbenv/versions/3.0.0/lib/ruby/gems/3.0.0/gems/activemodel-6.1.3.2/lib/active_model/railtie.rb:12>>, #<Rails::Initializable::Initializer:0x000055ac59e854d0 @name="active_model.i18n_customize_full_message", @context=#<ActiveModel::Railtie:0x000055ac58e511b8 ...>, @options={:after=>"active_model.secure_password", :group=>:default}, @block=#<Proc:0x000055ac58e50e70 /home/t-ohsuga/.rbenv/versions/3.0.0/lib/ruby/gems/3.0.0/gems/activemodel-6.1.3.2/lib/active_model/railtie.rb:16>>]>, #<GlobalID::Railtie:0x000055ac59452e90 @config=#<Rails::Railtie::Configuration:0x000055ac59452dc8>, @initializers=[#<Rails::Initializable::Initializer:0x000055ac59e84828 @name="global_id", @context=#<GlobalID::Railtie:0x000055ac59452e90 ...>, @options={:group=>:default}, @block=#<Proc:0x000055ac59452c10 /home/t-ohsuga/.rbenv/versions/3.0.0/lib/ruby/gems/3.0.0/gems/globalid-0.4.2/lib/global_id/railtie.rb:16>>]>, #<ActiveJob::Railtie:0x000055ac5945bce8 @config=#<Rails::Railtie::Configuration:0x000055ac5945bc20>, @initializers=[#<Rails::Initializable::Initializer:0x000055ac59e84030 @name="active_job.logger", @context=#<ActiveJob::Railtie:0x000055ac5945bce8 ...>, @options={:group=>:default}, @block=#<Proc:0x000055ac5945b9a0 /home/t-ohsuga/.rbenv/versions/3.0.0/lib/ruby/gems/3.0.0/gems/activejob-6.1.3.2/lib/active_job/railtie.rb:12>>, #<Rails::Initializable::Initializer:0x000055ac59e77ec0 @name="active_job.custom_serializers", @context=#<ActiveJob::Railtie:0x000055ac5945bce8 ...>, @options={:after=>"active_job.logger", :group=>:default}, @block=#<Proc:0x000055ac5945b8b0 /home/t-ohsuga/.rbenv/versions/3.0.0/lib/ruby/gems/3.0.0/gems/activejob-6.1.3.2/lib/active_job/railtie.rb:16>>, #<Rails::Initializable::Initializer:0x000055ac59e77cb8 @name="active_job.set_configs", @context=#<ActiveJob::Railtie:0x000055ac5945bce8 ...>, @options={:after=>"active_job.custom_serializers", :group=>:default}, @block=#<Proc:0x000055ac5945b7c0 /home/t-ohsuga/.rbenv/versions/3.0.0/lib/ruby/gems/3.0.0/gems/activejob-6.1.3.2/lib/active_job/railtie.rb:23>>, #<Rails::Initializable::Initializer:0x000055ac59e77c18 @name="active_job.set_reloader_hook", @context=#<ActiveJob::Railtie:0x000055ac5945bce8 ...>, @options={:after=>"active_job.set_configs", :group=>:default}, @block=#<Proc:0x000055ac5945b6d0 /home/t-ohsuga/.rbenv/versions/3.0.0/lib/ruby/gems/3.0.0/gems/activejob-6.1.3.2/lib/active_job/railtie.rb:43>>]>, #<ActionController::Railtie:0x000055ac5923d6a0 @config=#<Rails::Railtie::Configuration:0x000055ac5923d5b0>, @initializers=[#<Rails::Initializable::Initializer:0x000055ac59e773a8 @name="action_controller.assets_config", @context=#<ActionController::Railtie:0x000055ac5923d6a0 ...>, @options={:group=>:all}, @block=#<Proc:0x000055ac5923d3f8 /home/t-ohsuga/.rbenv/versions/3.0.0/lib/ruby/gems/3.0.0/gems/actionpack-6.1.3.2/lib/action_controller/railtie.rb:16>>, #<Rails::Initializable::Initializer:0x000055ac59e77290 @name="action_controller.set_helpers_path", @context=#<ActionController::Railtie:0x000055ac5923d6a0 ...>, @options={:after=>"action_controller.assets_config", :group=>:default}, @block=#<Proc:0x000055ac5923d2e0 /home/t-ohsuga/.rbenv/versions/3.0.0/lib/ruby/gems/3.0.0/gems/actionpack-6.1.3.2/lib/action_controller/railtie.rb:20>>, #<Rails::Initializable::Initializer:0x000055ac59e77150 @name="action_controller.parameters_config", @context=#<ActionController::Railtie:0x000055ac5923d6a0 ...>, @options={:after=>"action_controller.set_helpers_path", :group=>:default}, @block=#<Proc:0x000055ac5923d1f0 /home/t-ohsuga/.rbenv/versions/3.0.0/lib/ruby/gems/3.0.0/gems/actionpack-6.1.3.2/lib/action_controller/railtie.rb:24>>, #<Rails::Initializable::Initializer:0x000055ac59e77038 @name="action_controller.set_configs", @context=#<ActionController::Railtie:0x000055ac5923d6a0 ...>, @options={:after=>"action_controller.parameters_config", :group=>:default}, @block=#<Proc:0x000055ac5923d100 /home/t-ohsuga/.rbenv/versions/3.0.0/lib/ruby/gems/3.0.0/gems/actionpack-6.1.3.2/lib/action_controller/railtie.rb:39>>, #<Rails::Initializable::Initializer:0x000055ac59e76f98 @name="action_controller.compile_config_methods", @context=#<ActionController::Railtie:0x000055ac5923d6a0 ...>, @options={:after=>"action_controller.set_configs", :group=>:default}, @block=#<Proc:0x000055ac5923d010 /home/t-ohsuga/.rbenv/versions/3.0.0/lib/ruby/gems/3.0.0/gems/actionpack-6.1.3.2/lib/action_controller/railtie.rb:69>>, #<Rails::Initializable::Initializer:0x000055ac59e76ef8 @name="action_controller.request_forgery_protection", @context=#<ActionController::Railtie:0x000055ac5923d6a0 ...>, @options={:after=>"action_controller.compile_config_methods", :group=>:default}, @block=#<Proc:0x000055ac5923cf20 /home/t-ohsuga/.rbenv/versions/3.0.0/lib/ruby/gems/3.0.0/gems/actionpack-6.1.3.2/lib/action_controller/railtie.rb:75>>, #<Rails::Initializable::Initializer:0x000055ac59e76e30 @name="action_controller.eager_load_actions", @context=#<ActionController::Railtie:0x000055ac5923d6a0 ...>, @options={:after=>"action_controller.request_forgery_protection", :group=>:default}, @block=#<Proc:0x000055ac5923ce30 /home/t-ohsuga/.rbenv/versions/3.0.0/lib/ruby/gems/3.0.0/gems/actionpack-6.1.3.2/lib/action_controller/railtie.rb:83>>]>, #<ActiveRecord::Railtie:0x000055ac5923cac0 @config=#<Rails::Railtie::Configuration:0x000055ac5923c9f8>, @initializers=[#<Rails::Initializable::Initializer:0x000055ac59e764d0 @name="active_record.initialize_timezone", @context=#<ActiveRecord::Railtie:0x000055ac5923cac0 ...>, @options={:group=>:default}, @block=#<Proc:0x000055ac59237bd8 /home/t-ohsuga/.rbenv/versions/3.0.0/lib/ruby/gems/3.0.0/gems/activerecord-6.1.3.2/lib/active_record/railtie.rb:70>>, #<Rails::Initializable::Initializer:0x000055ac59e762f0 @name="active_record.logger", @context=#<ActiveRecord::Railtie:0x000055ac5923cac0 ...>, @options={:after=>"active_record.initialize_timezone", :group=>:default}, @block=#<Proc:0x000055ac59237ae8 /home/t-ohsuga/.rbenv/versions/3.0.0/lib/ruby/gems/3.0.0/gems/activerecord-6.1.3.2/lib/active_record/railtie.rb:77>>, #<Rails::Initializable::Initializer:0x000055ac59e762a0 @name="active_record.backtrace_cleaner", @context=#<ActiveRecord::Railtie:0x000055ac5923cac0 ...>, @options={:after=>"active_record.logger", :group=>:default}, @block=#<Proc:0x000055ac592379f8 /home/t-ohsuga/.rbenv/versions/3.0.0/lib/ruby/gems/3.0.0/gems/activerecord-6.1.3.2/lib/active_record/railtie.rb:81>>, #<Rails::Initializable::Initializer:0x000055ac59e761b0 @name="active_record.migration_error", @context=#<ActiveRecord::Railtie:0x000055ac5923cac0 ...>, @options={:after=>"active_record.backtrace_cleaner", :group=>:default}, @block=#<Proc:0x000055ac59237908 /home/t-ohsuga/.rbenv/versions/3.0.0/lib/ruby/gems/3.0.0/gems/activerecord-6.1.3.2/lib/active_record/railtie.rb:85>>, #<Rails::Initializable::Initializer:0x000055ac59e75e40 @name="active_record.database_selector", @context=#<ActiveRecord::Railtie:0x000055ac5923cac0 ...>, @options={:after=>"active_record.migration_error", :group=>:default}, @block=#<Proc:0x000055ac59237818 /home/t-ohsuga/.rbenv/versions/3.0.0/lib/ruby/gems/3.0.0/gems/activerecord-6.1.3.2/lib/active_record/railtie.rb:93>>, #<Rails::Initializable::Initializer:0x000055ac59e75b98 @name="Check for cache versioning support", @context=#<ActiveRecord::Railtie:0x000055ac5923cac0 ...>, @options={:after=>"active_record.database_selector", :group=>:default}, @block=#<Proc:0x000055ac59237728 /home/t-ohsuga/.rbenv/versions/3.0.0/lib/ruby/gems/3.0.0/gems/activerecord-6.1.3.2/lib/active_record/railtie.rb:101>>, #<Rails::Initializable::Initializer:0x000055ac59e75940 @name="active_record.check_schema_cache_dump", @context=#<ActiveRecord::Railtie:0x000055ac5923cac0 ...>, @options={:after=>"Check for cache versioning support", :group=>:default}, @block=#<Proc:0x000055ac59237638 /home/t-ohsuga/.rbenv/versions/3.0.0/lib/ruby/gems/3.0.0/gems/activerecord-6.1.3.2/lib/active_record/railtie.rb:126>>, #<Rails::Initializable::Initializer:0x000055ac59e75850 @name="active_record.define_attribute_methods", @context=#<ActiveRecord::Railtie:0x000055ac5923cac0 ...>, @options={:after=>"active_record.check_schema_cache_dump", :group=>:default}, @block=#<Proc:0x000055ac59237548 /home/t-ohsuga/.rbenv/versions/3.0.0/lib/ruby/gems/3.0.0/gems/activerecord-6.1.3.2/lib/active_record/railtie.rb:163>>, #<Rails::Initializable::Initializer:0x000055ac59e757d8 @name="active_record.warn_on_records_fetched_greater_than", @context=#<ActiveRecord::Railtie:0x000055ac5923cac0 ...>, @options={:after=>"active_record.define_attribute_methods", :group=>:default}, @block=#<Proc:0x000055ac59237458 /home/t-ohsuga/.rbenv/versions/3.0.0/lib/ruby/gems/3.0.0/gems/activerecord-6.1.3.2/lib/active_record/railtie.rb:196>>, #<Rails::Initializable::Initializer:0x000055ac59e75760 @name="active_record.set_configs", @context=#<ActiveRecord::Railtie:0x000055ac5923cac0 ...>, @options={:after=>"active_record.warn_on_records_fetched_greater_than", :group=>:default}, @block=#<Proc:0x000055ac59237368 /home/t-ohsuga/.rbenv/versions/3.0.0/lib/ruby/gems/3.0.0/gems/activerecord-6.1.3.2/lib/active_record/railtie.rb:204>>, #<Rails::Initializable::Initializer:0x000055ac59e75418 @name="active_record.initialize_database", @context=#<ActiveRecord::Railtie:0x000055ac5923cac0 ...>, @options={:after=>"active_record.set_configs", :group=>:default}, @block=#<Proc:0x000055ac59237278 /home/t-ohsuga/.rbenv/versions/3.0.0/lib/ruby/gems/3.0.0/gems/activerecord-6.1.3.2/lib/active_record/railtie.rb:216>>, #<Rails::Initializable::Initializer:0x000055ac59e751e8 @name="active_record.log_runtime", @context=#<ActiveRecord::Railtie:0x000055ac5923cac0 ...>, @options={:after=>"active_record.initialize_database", :group=>:default}, @block=#<Proc:0x000055ac59237188 /home/t-ohsuga/.rbenv/versions/3.0.0/lib/ruby/gems/3.0.0/gems/activerecord-6.1.3.2/lib/active_record/railtie.rb:227>>, #<Rails::Initializable::Initializer:0x000055ac59e74f18 @name="active_record.set_reloader_hooks", @context=#<ActiveRecord::Railtie:0x000055ac5923cac0 ...>, @options={:after=>"active_record.log_runtime", :group=>:default}, @block=#<Proc:0x000055ac59237098 /home/t-ohsuga/.rbenv/versions/3.0.0/lib/ruby/gems/3.0.0/gems/activerecord-6.1.3.2/lib/active_record/railtie.rb:234>>, #<Rails::Initializable::Initializer:0x000055ac59e745b8 @name="active_record.set_executor_hooks", @context=#<ActiveRecord::Railtie:0x000055ac5923cac0 ...>, @options={:after=>"active_record.set_reloader_hooks", :group=>:default}, @block=#<Proc:0x000055ac59236fa8 /home/t-ohsuga/.rbenv/versions/3.0.0/lib/ruby/gems/3.0.0/gems/activerecord-6.1.3.2/lib/active_record/railtie.rb:245>>, #<Rails::Initializable::Initializer:0x000055ac59e74360 @name="active_record.add_watchable_files", @context=#<ActiveRecord::Railtie:0x000055ac5923cac0 ...>, @options={:after=>"active_record.set_executor_hooks", :group=>:default}, @block=#<Proc:0x000055ac59236eb8 /home/t-ohsuga/.rbenv/versions/3.0.0/lib/ruby/gems/3.0.0/gems/activerecord-6.1.3.2/lib/active_record/railtie.rb:249>>, #<Rails::Initializable::Initializer:0x000055ac59e77308 @name="active_record.clear_active_connections", @context=#<ActiveRecord::Railtie:0x000055ac5923cac0 ...>, @options={:after=>"active_record.add_watchable_files", :group=>:default}, @block=#<Proc:0x000055ac59236dc8 /home/t-ohsuga/.rbenv/versions/3.0.0/lib/ruby/gems/3.0.0/gems/activerecord-6.1.3.2/lib/active_record/railtie.rb:254>>, #<Rails::Initializable::Initializer:0x000055ac59e5fcf8 @name="active_record.set_filter_attributes", @context=#<ActiveRecord::Railtie:0x000055ac5923cac0 ...>, @options={:after=>"active_record.clear_active_connections", :group=>:default}, @block=#<Proc:0x000055ac59236cd8 /home/t-ohsuga/.rbenv/versions/3.0.0/lib/ruby/gems/3.0.0/gems/activerecord-6.1.3.2/lib/active_record/railtie.rb:271>>, #<Rails::Initializable::Initializer:0x000055ac59e5fc08 @name="active_record.set_signed_id_verifier_secret", @context=#<ActiveRecord::Railtie:0x000055ac5923cac0 ...>, @options={:after=>"active_record.set_filter_attributes", :group=>:default}, @block=#<Proc:0x000055ac59236be8 /home/t-ohsuga/.rbenv/versions/3.0.0/lib/ruby/gems/3.0.0/gems/activerecord-6.1.3.2/lib/active_record/railtie.rb:277>>]>, #<Sprockets::Railtie:0x000055ac59e2d168 @config=#<Rails::Railtie::Configuration:0x000055ac59e2d078>, @initializers=[#<Rails::Initializable::Initializer:0x000055ac59e5f4b0 @name=:set_default_precompile, @context=#<Sprockets::Railtie:0x000055ac59e2d168 ...>, @options={:group=>:default}, @block=#<Proc:0x000055ac59e2c998 /home/t-ohsuga/.rbenv/versions/3.0.0/lib/ruby/gems/3.0.0/gems/sprockets-rails-3.2.2/lib/sprockets/railtie.rb:104>>, #<Rails::Initializable::Initializer:0x000055ac59e5f3c0 @name=:quiet_assets, @context=#<Sprockets::Railtie:0x000055ac59e2d168 ...>, @options={:after=>:set_default_precompile, :group=>:default}, @block=#<Proc:0x000055ac59e2c880 /home/t-ohsuga/.rbenv/versions/3.0.0/lib/ruby/gems/3.0.0/gems/sprockets-rails-3.2.2/lib/sprockets/railtie.rb:113>>]>, #<Rails::TestUnitRailtie:0x000055ac59f53998 @config=#<Rails::Railtie::Configuration:0x000055ac59f538d0>, @initializers=[#<Rails::Initializable::Initializer:0x000055ac59e5ea60 @name="test_unit.line_filtering", @context=#<Rails::TestUnitRailtie:0x000055ac59f53998 ...>, @options={:group=>:default}, @block=#<Proc:0x000055ac59f535d8 /home/t-ohsuga/.rbenv/versions/3.0.0/lib/ruby/gems/3.0.0/gems/railties-6.1.3.2/lib/rails/test_unit/railtie.rb:19>>]>, #<SassC::Rails::Railtie:0x000055ac5a258c60 @config=#<Rails::Railtie::Configuration:0x000055ac5a258b98>, @initializers=[#<Rails::Initializable::Initializer:0x000055ac59e5d610 @name=:setup_sass, @context=#<SassC::Rails::Railtie:0x000055ac5a258c60 ...>, @options={:group=>:all}, @block=#<Proc:0x000055ac5a2584b8 /home/t-ohsuga/.rbenv/versions/3.0.0/lib/ruby/gems/3.0.0/gems/sassc-rails-2.1.2/lib/sassc/rails/railtie.rb:34>>, #<Rails::Initializable::Initializer:0x000055ac59e5d160 @name=:setup_compression, @context=#<SassC::Rails::Railtie:0x000055ac5a258c60 ...>, @options={:group=>:all, :after=>:setup_sass}, @block=#<Proc:0x000055ac5a2583a0 /home/t-ohsuga/.rbenv/versions/3.0.0/lib/ruby/gems/3.0.0/gems/sassc-rails-2.1.2/lib/sassc/rails/railtie.rb:72>>]>, #<Jbuilder::Railtie:0x000055ac5a134460 @initializers=[#<Rails::Initializable::Initializer:0x000055ac59e49d40 @name=:jbuilder, @context=#<Jbuilder::Railtie:0x000055ac5a134460 ...>, @options={:group=>:default}, @block=#<Proc:0x000055ac5a4d5ee8 /home/t-ohsuga/.rbenv/versions/3.0.0/lib/ruby/gems/3.0.0/gems/jbuilder-2.11.2/lib/jbuilder/railtie.rb:6>>]>, #<FactoryBotRails::Railtie:0x000055ac587d1ef0 @config=#<Rails::Railtie::Configuration:0x000055ac587ca088>, @initializers=[#<Rails::Initializable::Initializer:0x000055ac59e49228 @name="factory_bot.set_fixture_replacement", @context=#<FactoryBotRails::Railtie:0x000055ac587d1ef0 ...>, @options={:group=>:default}, @block=#<Proc:0x000055ac5879c3e0 /home/t-ohsuga/.rbenv/versions/3.0.0/lib/ruby/gems/3.0.0/gems/factory_bot_rails-6.2.0/lib/factory_bot_rails/railtie.rb:13>>, #<Rails::Initializable::Initializer:0x000055ac59e49098 @name="factory_bot.set_factory_paths", @context=#<FactoryBotRails::Railtie:0x000055ac587d1ef0 ...>, @options={:after=>"factory_bot.set_fixture_replacement", :group=>:default}, @block=#<Proc:0x000055ac5876a980 /home/t-ohsuga/.rbenv/versions/3.0.0/lib/ruby/gems/3.0.0/gems/factory_bot_rails-6.2.0/lib/factory_bot_rails/railtie.rb:17>>]>, #<Webdrivers::Railtie:0x000055ac5a1341e0 @initializers=[]>, #<Hamlit::Railtie:0x000055ac5a134118 @initializers=[#<Rails::Initializable::Initializer:0x000055ac59e3bc90 @name=:hamlit, @context=#<Hamlit::Railtie:0x000055ac5a134118 ...>, @options={:before=>:load_config_initializers, :group=>:default}, @block=#<Proc:0x000055ac5af51d40 /home/t-ohsuga/.rbenv/versions/3.0.0/lib/ruby/gems/3.0.0/gems/hamlit-2.15.0/lib/hamlit/railtie.rb:6>>]>, #<Haml::Rails::Railtie:0x000055ac5af50670 @config=#<Rails::Railtie::Configuration:0x000055ac5af50580>, @initializers=[#<Rails::Initializable::Initializer:0x000055ac59e3ad40 @name="hamlit_rails.configure_template_digestor", @context=#<Haml::Rails::Railtie:0x000055ac5af50670 ...>, @options={:group=>:default}, @block=#<Proc:0x000055ac5af503f0 /home/t-ohsuga/.rbenv/versions/3.0.0/lib/ruby/gems/3.0.0/gems/hamlit-rails-0.2.3/lib/hamlit-rails.rb:16>>, #<Rails::Initializable::Initializer:0x000055ac59e3aca0 @name="hamlit_rails.configure_source_annotation", @context=#<Haml::Rails::Railtie:0x000055ac5af50670 ...>, @options={:after=>"hamlit_rails.configure_template_digestor", :group=>:default}, @block=#<Proc:0x000055ac5af63f90 /home/t-ohsuga/.rbenv/versions/3.0.0/lib/ruby/gems/3.0.0/gems/hamlit-rails-0.2.3/lib/hamlit-rails.rb:45>>]>, #<OmniAuth::RailsCsrfProtection::Railtie:0x000055ac5a1348e8 @initializers=[#<Rails::Initializable::Initializer:0x000055ac59e39828 @name="omniauth-rails_csrf_protection.initialize", @context=#<OmniAuth::RailsCsrfProtection::Railtie:0x000055ac5a1348e8 ...>, @options={:group=>:default}, @block=#<Proc:0x000055ac5b384098 /home/t-ohsuga/.rbenv/versions/3.0.0/lib/ruby/gems/3.0.0/gems/omniauth-rails_csrf_protection-0.1.2/lib/omniauth/rails_csrf_protection/railtie.rb:6>>]>, #<RailsI18n::Railtie:0x000055ac5a12fdc0 @initializers=[#<Rails::Initializable::Initializer:0x000055ac59e39120 @name="rails-i18n", @context=#<RailsI18n::Railtie:0x000055ac5a12fdc0 ...>, @options={:group=>:default}, @block=#<Proc:0x000055ac5b39e2e0 /home/t-ohsuga/.rbenv/versions/3.0.0/lib/ruby/gems/3.0.0/gems/rails-i18n-6.0.0/lib/rails_i18n/railtie.rb:5>>]>, #<ActiveStorageValidations::Railtie:0x000055ac5a12fcd0 @initializers=[]>, #<Kaminari::Railtie:0x000055ac5a12fb90 @initializers=[#<Rails::Initializable::Initializer:0x000055ac59e38270 @name="kaminari", @context=#<Kaminari::Railtie:0x000055ac5a12fb90 ...>, @options={:group=>:default}, @block=#<Proc:0x000055ac5b4ab0e8 /home/t-ohsuga/.rbenv/versions/3.0.0/lib/ruby/gems/3.0.0/gems/kaminari-core-1.2.1/lib/kaminari/railtie.rb:6>>]>, #<Hashie::Railtie:0x000055ac5a12f988 @initializers=[#<Rails::Initializable::Initializer:0x000055ac59e2f1e8 @name="hashie.configure_logger", @context=#<Hashie::Railtie:0x000055ac5a12f988 ...>, @options={:after=>"initialize_logger", :group=>:default}, @block=#<Proc:0x000055ac5b7b69b8 /home/t-ohsuga/.rbenv/versions/3.0.0/lib/ruby/gems/3.0.0/gems/hashie-4.1.0/lib/hashie/railtie.rb:7>>, #<Rails::Initializable::Initializer:0x000055ac59e2f0d0 @name="hashie.patch_hash_except", @context=#<Hashie::Railtie:0x000055ac5a12f988 ...>, @options={:after=>"load_active_support", :group=>:default}, @block=#<Proc:0x000055ac5b7b6850 /home/t-ohsuga/.rbenv/versions/3.0.0/lib/ruby/gems/3.0.0/gems/hashie-4.1.0/lib/hashie/railtie.rb:11>>]>, #<Searckick::Railtie:0x000055ac5a12f8e8 @initializers=[]>, #<ActionView::Railtie:0x000055ac592454e0 @_all_autoload_paths=[], @_all_load_paths=["/home/t-ohsuga/.rbenv/versions/3.0.0/lib/ruby/gems/3.0.0/gems/actionview-6.1.3.2/lib"], @app=nil, @config=#<Rails::Engine::Configuration:0x000055ac5923eeb0 @root=#<Pathname:/home/t-ohsuga/.rbenv/versions/3.0.0/lib/ruby/gems/3.0.0/gems/actionview-6.1.3.2>, @generators=#<Rails::Configuration::Generators:0x000055ac5923ebe0 @aliases={}, @options={}, @fallbacks={}, @templates=[], @colorize_logging=true, @api_only=false, @hidden_namespaces=["sass"], @after_generate_callbacks=[]>, @middleware=#<Rails::Configuration::MiddlewareStackProxy:0x000055ac5923ea50 @operations=[], @delete_operations=[]>, @javascript_path="javascript", @paths=#<Rails::Paths::Root:0x000055ac5a25baf0 @path=#<Pathname:/home/t-ohsuga/.rbenv/versions/3.0.0/lib/ruby/gems/3.0.0/gems/actionview-6.1.3.2>, @root={"app"=>#<Rails::Paths::Path:0x000055ac5a25b848 @paths=["app"], @current="app", @root=#<Rails::Paths::Root:0x000055ac5a25baf0 ...>, @glob="{*,*/concerns}", @exclude=["assets", "javascript"], @autoload_once=false, @eager_load=true, @autoload=false, @load_path=false>, "app/assets"=>#<Rails::Paths::Path:0x000055ac5a25b208 @paths=["app/assets"], @current="app/assets", @root=#<Rails::Paths::Root:0x000055ac5a25baf0 ...>, @glob="*", @exclude=nil, @autoload_once=false, @eager_load=false, @autoload=false, @load_path=false>, "app/controllers"=>#<Rails::Paths::Path:0x000055ac5a25b0a0 @paths=["app/controllers"], @current="app/controllers", @root=#<Rails::Paths::Root:0x000055ac5a25baf0 ...>, @glob=nil, @exclude=nil, @autoload_once=false, @eager_load=true, @autoload=false, @load_path=false>, "app/channels"=>#<Rails::Paths::Path:0x000055ac5a25afd8 @paths=["app/channels"], @current="app/channels", @root=#<Rails::Paths::Root:0x000055ac5a25baf0 ...>, @glob="**/*_channel.rb", @exclude=nil, @autoload_once=false, @eager_load=true, @autoload=false, @load_path=false>, "app/helpers"=>#<Rails::Paths::Path:0x000055ac5a25aee8 @paths=["app/helpers"], @current="app/helpers", @root=#<Rails::Paths::Root:0x000055ac5a25baf0 ...>, @glob=nil, @exclude=nil, @autoload_once=false, @eager_load=true, @autoload=false, @load_path=false>, "app/models"=>#<Rails::Paths::Path:0x000055ac5a25ae20 @paths=["app/models"], @current="app/models", @root=#<Rails::Paths::Root:0x000055ac5a25baf0 ...>, @glob=nil, @exclude=nil, @autoload_once=false, @eager_load=true, @autoload=false, @load_path=false>, "app/mailers"=>#<Rails::Paths::Path:0x000055ac5a25ad08 @paths=["app/mailers"], @current="app/mailers", @root=#<Rails::Paths::Root:0x000055ac5a25baf0 ...>, @glob=nil, @exclude=nil, @autoload_once=false, @eager_load=true, @autoload=false, @load_path=false>, "app/views"=>#<Rails::Paths::Path:0x000055ac5a25abf0 @paths=["app/views"], @current="app/views", @root=#<Rails::Paths::Root:0x000055ac5a25baf0 ...>, @glob=nil, @exclude=nil, @autoload_once=false, @eager_load=false, @autoload=false, @load_path=false>, "lib"=>#<Rails::Paths::Path:0x000055ac5a25ab50 @paths=["lib"], @current="lib", @root=#<Rails::Paths::Root:0x000055ac5a25baf0 ...>, @glob=nil, @exclude=nil, @autoload_once=false, @eager_load=false, @autoload=false, @load_path=true>, "lib/assets"=>#<Rails::Paths::Path:0x000055ac5a25a808 @paths=["lib/assets"], @current="lib/assets", @root=#<Rails::Paths::Root:0x000055ac5a25baf0 ...>, @glob="*", @exclude=nil, @autoload_once=false, @eager_load=false, @autoload=false, @load_path=false>, "lib/tasks"=>#<Rails::Paths::Path:0x000055ac5a25a628 @paths=["lib/tasks"], @current="lib/tasks", @root=#<Rails::Paths::Root:0x000055ac5a25baf0 ...>, @glob="**/*.rake", @exclude=nil, @autoload_once=false, @eager_load=false, @autoload=false, @load_path=false>, "config"=>#<Rails::Paths::Path:0x000055ac5a25a588 @paths=["config"], @current="config", @root=#<Rails::Paths::Root:0x000055ac5a25baf0 ...>, @glob=nil, @exclude=nil, @autoload_once=false, @eager_load=false, @autoload=false, @load_path=false>, "config/environments"=>#<Rails::Paths::Path:0x000055ac5a25a498 @paths=["config/environments"], @current="config/environments", @root=#<Rails::Paths::Root:0x000055ac5a25baf0 ...>, @glob="test.rb", @exclude=nil, @autoload_once=false, @eager_load=false, @autoload=false, @load_path=false>, "config/initializers"=>#<Rails::Paths::Path:0x000055ac5a25a3d0 @paths=["config/initializers"], @current="config/initializers", @root=#<Rails::Paths::Root:0x000055ac5a25baf0 ...>, @glob="**/*.rb", @exclude=nil, @autoload_once=false, @eager_load=false, @autoload=false, @load_path=false>, "config/locales"=>#<Rails::Paths::Path:0x000055ac5a25a1c8 @paths=["config/locales"], @current="config/locales", @root=#<Rails::Paths::Root:0x000055ac5a25baf0 ...>, @glob="*.{rb,yml}", @exclude=nil, @autoload_once=false, @eager_load=false, @autoload=false, @load_path=false>, "config/routes.rb"=>#<Rails::Paths::Path:0x000055ac5a25a100 @paths=["config/routes.rb"], @current="config/routes.rb", @root=#<Rails::Paths::Root:0x000055ac5a25baf0 ...>, @glob=nil, @exclude=nil, @autoload_once=false, @eager_load=false, @autoload=false, @load_path=false>, "config/routes"=>#<Rails::Paths::Path:0x000055ac5a259f20 @paths=["config/routes"], @current="config/routes", @root=#<Rails::Paths::Root:0x000055ac5a25baf0 ...>, @glob="**/*.rb", @exclude=nil, @autoload_once=false, @eager_load=false, @autoload=false, @load_path=false>, "db"=>#<Rails::Paths::Path:0x000055ac5a259e58 @paths=["db"], @current="db", @root=#<Rails::Paths::Root:0x000055ac5a25baf0 ...>, @glob=nil, @exclude=nil, @autoload_once=false, @eager_load=false, @autoload=false, @load_path=false>, "db/migrate"=>#<Rails::Paths::Path:0x000055ac5a259db8 @paths=["db/migrate"], @current="db/migrate", @root=#<Rails::Paths::Root:0x000055ac5a25baf0 ...>, @glob=nil, @exclude=nil, @autoload_once=false, @eager_load=false, @autoload=false, @load_path=false>, "db/seeds.rb"=>#<Rails::Paths::Path:0x000055ac5a259c50 @paths=["db/seeds.rb"], @current="db/seeds.rb", @root=#<Rails::Paths::Root:0x000055ac5a25baf0 ...>, @glob=nil, @exclude=nil, @autoload_once=false, @eager_load=false, @autoload=false, @load_path=false>, "vendor"=>#<Rails::Paths::Path:0x000055ac5a259b38 @paths=["vendor"], @current="vendor", @root=#<Rails::Paths::Root:0x000055ac5a25baf0 ...>, @glob=nil, @exclude=nil, @autoload_once=false, @eager_load=false, @autoload=false, @load_path=true>, "vendor/assets"=>#<Rails::Paths::Path:0x000055ac5a259a20 @paths=["vendor/assets"], @current="vendor/assets", @root=#<Rails::Paths::Root:0x000055ac5a25baf0 ...>, @glob="*", @exclude=nil, @autoload_once=false, @eager_load=false, @autoload=false, @load_path=false>}>, @autoload_paths=[], @eager_load_paths=[], @autoload_once_paths=[]>, @env_config=nil, @helpers=nil, @routes=#<ActionDispatch::Routing::RouteSet:0x000055ac5b7c2740>, @app_build_lock=#<Thread::Mutex:0x000055ac59245490>, @initializers=[#<Rails::Initializable::Initializer:0x000055ac59e2c7e0 @name=:load_environment_config, @context=#<ActionView::Railtie:0x000055ac592454e0 ...>, @options={:before=>:load_environment_hook, :group=>:all}, @block=#<Proc:0x000055ac58fb6620 /home/t-ohsuga/.rbenv/versions/3.0.0/lib/ruby/gems/3.0.0/gems/railties-6.1.3.2/lib/rails/engine.rb:569>>, #<Rails::Initializable::Initializer:0x000055ac59e2c790 @name=:set_load_path, @context=#<ActionView::Railtie:0x000055ac592454e0 ...>, @options={:before=>:bootstrap_hook, :after=>:load_environment_config, :group=>:default}, @block=#<Proc:0x000055ac58fb6418 /home/t-ohsuga/.rbenv/versions/3.0.0/lib/ruby/gems/3.0.0/gems/railties-6.1.3.2/lib/rails/engine.rb:575>>, #<Rails::Initializable::Initializer:0x000055ac59e2c628 @name=:set_autoload_paths, @context=#<ActionView::Railtie:0x000055ac592454e0 ...>, @options={:before=>:bootstrap_hook, :after=>:set_load_path, :group=>:default}, @block=#<Proc:0x000055ac58fb6210 /home/t-ohsuga/.rbenv/versions/3.0.0/lib/ruby/gems/3.0.0/gems/railties-6.1.3.2/lib/rails/engine.rb:587>>, #<Rails::Initializable::Initializer:0x000055ac59e2c560 @name=:set_eager_load_paths, @context=#<ActionView::Railtie:0x000055ac592454e0 ...>, @options={:before=>:bootstrap_hook, :after=>:set_autoload_paths, :group=>:default}, @block=#<Proc:0x000055ac58fb60f8 /home/t-ohsuga/.rbenv/versions/3.0.0/lib/ruby/gems/3.0.0/gems/railties-6.1.3.2/lib/rails/engine.rb:595>>, #<Rails::Initializable::Initializer:0x000055ac59e2c510 @name=:add_routing_paths, @context=#<ActionView::Railtie:0x000055ac592454e0 ...>, @options={:after=>:set_eager_load_paths, :group=>:default}, @block=#<Proc:0x000055ac58fb5fb8 /home/t-ohsuga/.rbenv/versions/3.0.0/lib/ruby/gems/3.0.0/gems/railties-6.1.3.2/lib/rails/engine.rb:600>>, #<Rails::Initializable::Initializer:0x000055ac59e2c498 @name=:add_locales, @context=#<ActionView::Railtie:0x000055ac592454e0 ...>, @options={:after=>:add_routing_paths, :group=>:default}, @block=#<Proc:0x000055ac58fb5ea0 /home/t-ohsuga/.rbenv/versions/3.0.0/lib/ruby/gems/3.0.0/gems/railties-6.1.3.2/lib/rails/engine.rb:614>>, #<Rails::Initializable::Initializer:0x000055ac59e2c448 @name=:add_view_paths, @context=#<ActionView::Railtie:0x000055ac592454e0 ...>, @options={:after=>:add_locales, :group=>:default}, @block=#<Proc:0x000055ac58fb5d10 /home/t-ohsuga/.rbenv/versions/3.0.0/lib/ruby/gems/3.0.0/gems/railties-6.1.3.2/lib/rails/engine.rb:618>>, #<Rails::Initializable::Initializer:0x000055ac59e2c178 @name=:prepend_helpers_path, @context=#<ActionView::Railtie:0x000055ac592454e0 ...>, @options={:after=>:add_view_paths, :group=>:default}, @block=#<Proc:0x000055ac58fb5bf8 /home/t-ohsuga/.rbenv/versions/3.0.0/lib/ruby/gems/3.0.0/gems/railties-6.1.3.2/lib/rails/engine.rb:626>>, #<Rails::Initializable::Initializer:0x000055ac59e2fa80 @name=:load_config_initializers, @context=#<ActionView::Railtie:0x000055ac592454e0 ...>, @options={:after=>:prepend_helpers_path, :group=>:default}, @block=#<Proc:0x000055ac58fb5ab8 /home/t-ohsuga/.rbenv/versions/3.0.0/lib/ruby/gems/3.0.0/gems/railties-6.1.3.2/lib/rails/engine.rb:632>>, #<Rails::Initializable::Initializer:0x000055ac59e23c58 @name=:wrap_executor_around_load_seed, @context=#<ActionView::Railtie:0x000055ac592454e0 ...>, @options={:after=>:load_config_initializers, :group=>:default}, @block=#<Proc:0x000055ac58fb59a0 /home/t-ohsuga/.rbenv/versions/3.0.0/lib/ruby/gems/3.0.0/gems/railties-6.1.3.2/lib/rails/engine.rb:638>>, #<Rails::Initializable::Initializer:0x000055ac59e23b40 @name=:engines_blank_point, @context=#<ActionView::Railtie:0x000055ac592454e0 ...>, @options={:after=>:wrap_executor_around_load_seed, :group=>:default}, @block=#<Proc:0x000055ac58fb57e8 /home/t-ohsuga/.rbenv/versions/3.0.0/lib/ruby/gems/3.0.0/gems/railties-6.1.3.2/lib/rails/engine.rb:644>>, #<Rails::Initializable::Initializer:0x000055ac59e23a00 @name=:append_assets_path, @context=#<ActionView::Railtie:0x000055ac592454e0 ...>, @options={:group=>:all, :after=>:engines_blank_point}, @block=#<Proc:0x000055ac59e2d7a8 /home/t-ohsuga/.rbenv/versions/3.0.0/lib/ruby/gems/3.0.0/gems/sprockets-rails-3.2.2/lib/sprockets/railtie.rb:57>>, #<Rails::Initializable::Initializer:0x000055ac59e23960 @name="action_view.logger", @context=#<ActionView::Railtie:0x000055ac592454e0 ...>, @options={:group=>:default}, @block=#<Proc:0x000055ac5923e028 /home/t-ohsuga/.rbenv/versions/3.0.0/lib/ruby/gems/3.0.0/gems/actionview-6.1.3.2/lib/action_view/railtie.rb:58>>, #<Rails::Initializable::Initializer:0x000055ac59e238c0 @name="action_view.caching", @context=#<ActionView::Railtie:0x000055ac592454e0 ...>, @options={:after=>"action_view.logger", :group=>:default}, @block=#<Proc:0x000055ac5923de98 /home/t-ohsuga/.rbenv/versions/3.0.0/lib/ruby/gems/3.0.0/gems/actionview-6.1.3.2/lib/action_view/railtie.rb:62>>, #<Rails::Initializable::Initializer:0x000055ac59e23848 @name="action_view.setup_action_pack", @context=#<ActionView::Railtie:0x000055ac592454e0 ...>, @options={:after=>"action_view.caching", :group=>:default}, @block=#<Proc:0x000055ac5923dd08 /home/t-ohsuga/.rbenv/versions/3.0.0/lib/ruby/gems/3.0.0/gems/actionview-6.1.3.2/lib/action_view/railtie.rb:70>>, #<Rails::Initializable::Initializer:0x000055ac59e237a8 @name="action_view.collection_caching", @context=#<ActionView::Railtie:0x000055ac592454e0 ...>, @options={:after=>"action_controller.set_configs", :group=>:default}, @block=#<Proc:0x000055ac5923dbf0 /home/t-ohsuga/.rbenv/versions/3.0.0/lib/ruby/gems/3.0.0/gems/actionview-6.1.3.2/lib/action_view/railtie.rb:76>>]>, #<ActiveStorage::Engine:0x000055ac596a2fb0 @_all_autoload_paths=["/home/t-ohsuga/.rbenv/versions/3.0.0/lib/ruby/gems/3.0.0/gems/activestorage-6.1.3.2/app/controllers", "/home/t-ohsuga/.rbenv/versions/3.0.0/lib/ruby/gems/3.0.0/gems/activestorage-6.1.3.2/app/controllers/concerns", "/home/t-ohsuga/.rbenv/versions/3.0.0/lib/ruby/gems/3.0.0/gems/activestorage-6.1.3.2/app/jobs", "/home/t-ohsuga/.rbenv/versions/3.0.0/lib/ruby/gems/3.0.0/gems/activestorage-6.1.3.2/app/models"], @_all_load_paths=["/home/t-ohsuga/.rbenv/versions/3.0.0/lib/ruby/gems/3.0.0/gems/activestorage-6.1.3.2/lib", "/home/t-ohsuga/.rbenv/versions/3.0.0/lib/ruby/gems/3.0.0/gems/activestorage-6.1.3.2/app/controllers", "/home/t-ohsuga/.rbenv/versions/3.0.0/lib/ruby/gems/3.0.0/gems/activestorage-6.1.3.2/app/controllers/concerns", "/home/t-ohsuga/.rbenv/versions/3.0.0/lib/ruby/gems/3.0.0/gems/activestorage-6.1.3.2/app/jobs", "/home/t-ohsuga/.rbenv/versions/3.0.0/lib/ruby/gems/3.0.0/gems/activestorage-6.1.3.2/app/models"], @app=nil, @config=#<Rails::Engine::Configuration:0x000055ac5923c458 @root=#<Pathname:/home/t-ohsuga/.rbenv/versions/3.0.0/lib/ruby/gems/3.0.0/gems/activestorage-6.1.3.2>, @generators=#<Rails::Configuration::Generators:0x000055ac5923c3b8 @aliases={}, @options={:rails=>{:orm=>:active_record}, :active_record=>{:migration=>true, :timestamps=>true}}, @fallbacks={}, @templates=[], @colorize_logging=true, @api_only=false, @hidden_namespaces=["sass"], @after_generate_callbacks=[]>, @middleware=#<Rails::Configuration::MiddlewareStackProxy:0x000055ac59237f70 @operations=[], @delete_operations=[]>, @javascript_path="javascript", @paths=#<Rails::Paths::Root:0x000055ac5a2590e8 @path=#<Pathname:/home/t-ohsuga/.rbenv/versions/3.0.0/lib/ruby/gems/3.0.0/gems/activestorage-6.1.3.2>, @root={"app"=>#<Rails::Paths::Path:0x000055ac5a258ff8 @paths=["app"], @current="app", @root=#<Rails::Paths::Root:0x000055ac5a2590e8 ...>, @glob="{*,*/concerns}", @exclude=["assets", "javascript"], @autoload_once=false, @eager_load=true, @autoload=false, @load_path=false>, "app/assets"=>#<Rails::Paths::Path:0x000055ac5a258f30 @paths=["app/assets"], @current="app/assets", @root=#<Rails::Paths::Root:0x000055ac5a2590e8 ...>, @glob="*", @exclude=nil, @autoload_once=false, @eager_load=false, @autoload=false, @load_path=false>, "app/controllers"=>#<Rails::Paths::Path:0x000055ac5a258af8 @paths=["app/controllers"], @current="app/controllers", @root=#<Rails::Paths::Root:0x000055ac5a2590e8 ...>, @glob=nil, @exclude=nil, @autoload_once=false, @eager_load=true, @autoload=false, @load_path=false>, "app/channels"=>#<Rails::Paths::Path:0x000055ac5a258a80 @paths=["app/channels"], @current="app/channels", @root=#<Rails::Paths::Root:0x000055ac5a2590e8 ...>, @glob="**/*_channel.rb", @exclude=nil, @autoload_once=false, @eager_load=true, @autoload=false, @load_path=false>, "app/helpers"=>#<Rails::Paths::Path:0x000055ac5a258990 @paths=["app/helpers"], @current="app/helpers", @root=#<Rails::Paths::Root:0x000055ac5a2590e8 ...>, @glob=nil, @exclude=nil, @autoload_once=false, @eager_load=true, @autoload=false, @load_path=false>, "app/models"=>#<Rails::Paths::Path:0x000055ac5a2588a0 @paths=["app/models"], @current="app/models", @root=#<Rails::Paths::Root:0x000055ac5a2590e8 ...>, @glob=nil, @exclude=nil, @autoload_once=false, @eager_load=true, @autoload=false, @load_path=false>, "app/mailers"=>#<Rails::Paths::Path:0x000055ac5a258800 @paths=["app/mailers"], @current="app/mailers", @root=#<Rails::Paths::Root:0x000055ac5a2590e8 ...>, @glob=nil, @exclude=nil, @autoload_once=false, @eager_load=true, @autoload=false, @load_path=false>, "app/views"=>#<Rails::Paths::Path:0x000055ac5a258738 @paths=["app/views"], @current="app/views", @root=#<Rails::Paths::Root:0x000055ac5a2590e8 ...>, @glob=nil, @exclude=nil, @autoload_once=false, @eager_load=false, @autoload=false, @load_path=false>, "lib"=>#<Rails::Paths::Path:0x000055ac5a258698 @paths=["lib"], @current="lib", @root=#<Rails::Paths::Root:0x000055ac5a2590e8 ...>, @glob=nil, @exclude=nil, @autoload_once=false, @eager_load=false, @autoload=false, @load_path=true>, "lib/assets"=>#<Rails::Paths::Path:0x000055ac5a2585d0 @paths=["lib/assets"], @current="lib/assets", @root=#<Rails::Paths::Root:0x000055ac5a2590e8 ...>, @glob="*", @exclude=nil, @autoload_once=false, @eager_load=false, @autoload=false, @load_path=false>, "lib/tasks"=>#<Rails::Paths::Path:0x000055ac5a258350 @paths=["lib/tasks"], @current="lib/tasks", @root=#<Rails::Paths::Root:0x000055ac5a2590e8 ...>, @glob="**/*.rake", @exclude=nil, @autoload_once=false, @eager_load=false, @autoload=false, @load_path=false>, "config"=>#<Rails::Paths::Path:0x000055ac5a258288 @paths=["config"], @current="config", @root=#<Rails::Paths::Root:0x000055ac5a2590e8 ...>, @glob=nil, @exclude=nil, @autoload_once=false, @eager_load=false, @autoload=false, @load_path=false>, "config/environments"=>#<Rails::Paths::Path:0x000055ac5a258198 @paths=["config/environments"], @current="config/environments", @root=#<Rails::Paths::Root:0x000055ac5a2590e8 ...>, @glob="test.rb", @exclude=nil, @autoload_once=false, @eager_load=false, @autoload=false, @load_path=false>, "config/initializers"=>#<Rails::Paths::Path:0x000055ac5a2580f8 @paths=["config/initializers"], @current="config/initializers", @root=#<Rails::Paths::Root:0x000055ac5a2590e8 ...>, @glob="**/*.rb", @exclude=nil, @autoload_once=false, @eager_load=false, @autoload=false, @load_path=false>, "config/locales"=>#<Rails::Paths::Path:0x000055ac5a258008 @paths=["config/locales"], @current="config/locales", @root=#<Rails::Paths::Root:0x000055ac5a2590e8 ...>, @glob="*.{rb,yml}", @exclude=nil, @autoload_once=false, @eager_load=false, @autoload=false, @load_path=false>, "config/routes.rb"=>#<Rails::Paths::Path:0x000055ac5a24ff98 @paths=["config/routes.rb"], @current="config/routes.rb", @root=#<Rails::Paths::Root:0x000055ac5a2590e8 ...>, @glob=nil, @exclude=nil, @autoload_once=false, @eager_load=false, @autoload=false, @load_path=false>, "config/routes"=>#<Rails::Paths::Path:0x000055ac5a24fd40 @paths=["config/routes"], @current="config/routes", @root=#<Rails::Paths::Root:0x000055ac5a2590e8 ...>, @glob="**/*.rb", @exclude=nil, @autoload_once=false, @eager_load=false, @autoload=false, @load_path=false>, "db"=>#<Rails::Paths::Path:0x000055ac5a24fbb0 @paths=["db"], @current="db", @root=#<Rails::Paths::Root:0x000055ac5a2590e8 ...>, @glob=nil, @exclude=nil, @autoload_once=false, @eager_load=false, @autoload=false, @load_path=false>, "db/migrate"=>#<Rails::Paths::Path:0x000055ac5a24f9a8 @paths=["db/migrate"], @current="db/migrate", @root=#<Rails::Paths::Root:0x000055ac5a2590e8 ...>, @glob=nil, @exclude=nil, @autoload_once=false, @eager_load=false, @autoload=false, @load_path=false>, "db/seeds.rb"=>#<Rails::Paths::Path:0x000055ac5a24f908 @paths=["db/seeds.rb"], @current="db/seeds.rb", @root=#<Rails::Paths::Root:0x000055ac5a2590e8 ...>, @glob=nil, @exclude=nil, @autoload_once=false, @eager_load=false, @autoload=false, @load_path=false>, "vendor"=>#<Rails::Paths::Path:0x000055ac5a24f750 @paths=["vendor"], @current="vendor", @root=#<Rails::Paths::Root:0x000055ac5a2590e8 ...>, @glob=nil, @exclude=nil, @autoload_once=false, @eager_load=false, @autoload=false, @load_path=true>, "vendor/assets"=>#<Rails::Paths::Path:0x000055ac5a24f6d8 @paths=["vendor/assets"], @current="vendor/assets", @root=#<Rails::Paths::Root:0x000055ac5a2590e8 ...>, @glob="*", @exclude=nil, @autoload_once=false, @eager_load=false, @autoload=false, @load_path=false>}>, @autoload_paths=[], @eager_load_paths=["/home/t-ohsuga/.rbenv/versions/3.0.0/lib/ruby/gems/3.0.0/gems/activestorage-6.1.3.2/app/controllers", "/home/t-ohsuga/.rbenv/versions/3.0.0/lib/ruby/gems/3.0.0/gems/activestorage-6.1.3.2/app/controllers/concerns", "/home/t-ohsuga/.rbenv/versions/3.0.0/lib/ruby/gems/3.0.0/gems/activestorage-6.1.3.2/app/jobs", "/home/t-ohsuga/.rbenv/versions/3.0.0/lib/ruby/gems/3.0.0/gems/activestorage-6.1.3.2/app/models"], @autoload_once_paths=[]>, @env_config=nil, @helpers=nil, @routes=#<ActionDispatch::Routing::RouteSet:0x000055ac59237a98>, @app_build_lock=#<Thread::Mutex:0x000055ac596a2f88>, @initializers=[#<Rails::Initializable::Initializer:0x000055ac59e22e98 @name=:load_environment_config, @context=#<ActiveStorage::Engine:0x000055ac596a2fb0 ...>, @options={:before=>:load_environment_hook, :group=>:all}, @block=#<Proc:0x000055ac58fb6620 /home/t-ohsuga/.rbenv/versions/3.0.0/lib/ruby/gems/3.0.0/gems/railties-6.1.3.2/lib/rails/engine.rb:569>>, #<Rails::Initializable::Initializer:0x000055ac59e22e48 @name=:set_load_path, @context=#<ActiveStorage::Engine:0x000055ac596a2fb0 ...>, @options={:before=>:bootstrap_hook, :after=>:load_environment_config, :group=>:default}, @block=#<Proc:0x000055ac58fb6418 /home/t-ohsuga/.rbenv/versions/3.0.0/lib/ruby/gems/3.0.0/gems/railties-6.1.3.2/lib/rails/engine.rb:575>>, #<Rails::Initializable::Initializer:0x000055ac59e22da8 @name=:set_autoload_paths, @context=#<ActiveStorage::Engine:0x000055ac596a2fb0 ...>, @options={:before=>:bootstrap_hook, :after=>:set_load_path, :group=>:default}, @block=#<Proc:0x000055ac58fb6210 /home/t-ohsuga/.rbenv/versions/3.0.0/lib/ruby/gems/3.0.0/gems/railties-6.1.3.2/lib/rails/engine.rb:587>>, #<Rails::Initializable::Initializer:0x000055ac59e22d30 @name=:set_eager_load_paths, @context=#<ActiveStorage::Engine:0x000055ac596a2fb0 ...>, @options={:before=>:bootstrap_hook, :after=>:set_autoload_paths, :group=>:default}, @block=#<Proc:0x000055ac58fb60f8 /home/t-ohsuga/.rbenv/versions/3.0.0/lib/ruby/gems/3.0.0/gems/railties-6.1.3.2/lib/rails/engine.rb:595>>, #<Rails::Initializable::Initializer:0x000055ac59e22c90 @name=:add_routing_paths, @context=#<ActiveStorage::Engine:0x000055ac596a2fb0 ...>, @options={:after=>:set_eager_load_paths, :group=>:default}, @block=#<Proc:0x000055ac58fb5fb8 /home/t-ohsuga/.rbenv/versions/3.0.0/lib/ruby/gems/3.0.0/gems/railties-6.1.3.2/lib/rails/engine.rb:600>>, #<Rails::Initializable::Initializer:0x000055ac59e22bf0 @name=:add_locales, @context=#<ActiveStorage::Engine:0x000055ac596a2fb0 ...>, @options={:after=>:add_routing_paths, :group=>:default}, @block=#<Proc:0x000055ac58fb5ea0 /home/t-ohsuga/.rbenv/versions/3.0.0/lib/ruby/gems/3.0.0/gems/railties-6.1.3.2/lib/rails/engine.rb:614>>, #<Rails::Initializable::Initializer:0x000055ac59e22b78 @name=:add_view_paths, @context=#<ActiveStorage::Engine:0x000055ac596a2fb0 ...>, @options={:after=>:add_locales, :group=>:default}, @block=#<Proc:0x000055ac58fb5d10 /home/t-ohsuga/.rbenv/versions/3.0.0/lib/ruby/gems/3.0.0/gems/railties-6.1.3.2/lib/rails/engine.rb:618>>, #<Rails::Initializable::Initializer:0x000055ac59e22b28 @name=:prepend_helpers_path, @context=#<ActiveStorage::Engine:0x000055ac596a2fb0 ...>, @options={:after=>:add_view_paths, :group=>:default}, @block=#<Proc:0x000055ac58fb5bf8 /home/t-ohsuga/.rbenv/versions/3.0.0/lib/ruby/gems/3.0.0/gems/railties-6.1.3.2/lib/rails/engine.rb:626>>, #<Rails::Initializable::Initializer:0x000055ac59e229e8 @name=:load_config_initializers, @context=#<ActiveStorage::Engine:0x000055ac596a2fb0 ...>, @options={:after=>:prepend_helpers_path, :group=>:default}, @block=#<Proc:0x000055ac58fb5ab8 /home/t-ohsuga/.rbenv/versions/3.0.0/lib/ruby/gems/3.0.0/gems/railties-6.1.3.2/lib/rails/engine.rb:632>>, #<Rails::Initializable::Initializer:0x000055ac59e22970 @name=:wrap_executor_around_load_seed, @context=#<ActiveStorage::Engine:0x000055ac596a2fb0 ...>, @options={:after=>:load_config_initializers, :group=>:default}, @block=#<Proc:0x000055ac58fb59a0 /home/t-ohsuga/.rbenv/versions/3.0.0/lib/ruby/gems/3.0.0/gems/railties-6.1.3.2/lib/rails/engine.rb:638>>, #<Rails::Initializable::Initializer:0x000055ac59e228d0 @name=:engines_blank_point, @context=#<ActiveStorage::Engine:0x000055ac596a2fb0 ...>, @options={:after=>:wrap_executor_around_load_seed, :group=>:default}, @block=#<Proc:0x000055ac58fb57e8 /home/t-ohsuga/.rbenv/versions/3.0.0/lib/ruby/gems/3.0.0/gems/railties-6.1.3.2/lib/rails/engine.rb:644>>, #<Rails::Initializable::Initializer:0x000055ac59e22858 @name=:append_assets_path, @context=#<ActiveStorage::Engine:0x000055ac596a2fb0 ...>, @options={:group=>:all, :after=>:engines_blank_point}, @block=#<Proc:0x000055ac59e2d7a8 /home/t-ohsuga/.rbenv/versions/3.0.0/lib/ruby/gems/3.0.0/gems/sprockets-rails-3.2.2/lib/sprockets/railtie.rb:57>>, #<Rails::Initializable::Initializer:0x000055ac59e227e0 @name="active_storage.configs", @context=#<ActiveStorage::Engine:0x000055ac596a2fb0 ...>, @options={:group=>:default}, @block=#<Proc:0x000055ac59235518 /home/t-ohsuga/.rbenv/versions/3.0.0/lib/ruby/gems/3.0.0/gems/activestorage-6.1.3.2/lib/active_storage/engine.rb:78>>, #<Rails::Initializable::Initializer:0x000055ac59e22718 @name="active_storage.attached", @context=#<ActiveStorage::Engine:0x000055ac596a2fb0 ...>, @options={:after=>"active_storage.configs", :group=>:default}, @block=#<Proc:0x000055ac592353b0 /home/t-ohsuga/.rbenv/versions/3.0.0/lib/ruby/gems/3.0.0/gems/activestorage-6.1.3.2/lib/active_storage/engine.rb:101>>, #<Rails::Initializable::Initializer:0x000055ac59e226a0 @name="active_storage.verifier", @context=#<ActiveStorage::Engine:0x000055ac596a2fb0 ...>, @options={:after=>"active_storage.attached", :group=>:default}, @block=#<Proc:0x000055ac59235298 /home/t-ohsuga/.rbenv/versions/3.0.0/lib/ruby/gems/3.0.0/gems/activestorage-6.1.3.2/lib/active_storage/engine.rb:109>>, #<Rails::Initializable::Initializer:0x000055ac59e22588 @name="active_storage.services", @context=#<ActiveStorage::Engine:0x000055ac596a2fb0 ...>, @options={:after=>"active_storage.verifier", :group=>:default}, @block=#<Proc:0x000055ac59235130 /home/t-ohsuga/.rbenv/versions/3.0.0/lib/ruby/gems/3.0.0/gems/activestorage-6.1.3.2/lib/active_storage/engine.rb:115>>, #<Rails::Initializable::Initializer:0x000055ac59e22498 @name="active_storage.queues", @context=#<ActiveStorage::Engine:0x000055ac596a2fb0 ...>, @options={:after=>"active_storage.services", :group=>:default}, @block=#<Proc:0x000055ac59234f78 /home/t-ohsuga/.rbenv/versions/3.0.0/lib/ruby/gems/3.0.0/gems/activestorage-6.1.3.2/lib/active_storage/engine.rb:134>>, #<Rails::Initializable::Initializer:0x000055ac59e22420 @name="active_storage.reflection", @context=#<ActiveStorage::Engine:0x000055ac596a2fb0 ...>, @options={:after=>"active_storage.queues", :group=>:default}, @block=#<Proc:0x000055ac59234e60 /home/t-ohsuga/.rbenv/versions/3.0.0/lib/ruby/gems/3.0.0/gems/activestorage-6.1.3.2/lib/active_storage/engine.rb:140>>]>, #<Webpacker::Engine:0x000055ac5a451620 @_all_autoload_paths=[], @_all_load_paths=["/home/t-ohsuga/.rbenv/versions/3.0.0/lib/ruby/gems/3.0.0/gems/webpacker-5.4.0/lib"], @app=nil, @config=#<Rails::Engine::Configuration:0x000055ac5a451210 @root=#<Pathname:/home/t-ohsuga/.rbenv/versions/3.0.0/lib/ruby/gems/3.0.0/gems/webpacker-5.4.0>, @generators=#<Rails::Configuration::Generators:0x000055ac5a4511c0 @aliases={}, @options={:rails=>{:orm=>:active_record, :test_framework=>:test_unit, :integration_tool=>:test_unit, :system_tests=>:test_unit, :stylesheet_engine=>:scss}, :active_record=>{:migration=>true, :timestamps=>true}, :test_unit=>{:fixture=>true, :fixture_replacement=>nil}}, @fallbacks={}, @templates=[], @colorize_logging=true, @api_only=false, @hidden_namespaces=["sass"], @after_generate_callbacks=[]>, @middleware=#<Rails::Configuration::MiddlewareStackProxy:0x000055ac5a450f18 @operations=[], @delete_operations=[]>, @javascript_path="javascript", @paths=#<Rails::Paths::Root:0x000055ac5a24ec60 @path=#<Pathname:/home/t-ohsuga/.rbenv/versions/3.0.0/lib/ruby/gems/3.0.0/gems/webpacker-5.4.0>, @root={"app"=>#<Rails::Paths::Path:0x000055ac5a24eaa8 @paths=["app"], @current="app", @root=#<Rails::Paths::Root:0x000055ac5a24ec60 ...>, @glob="{*,*/concerns}", @exclude=["assets", "javascript"], @autoload_once=false, @eager_load=true, @autoload=false, @load_path=false>, "app/assets"=>#<Rails::Paths::Path:0x000055ac5a24e558 @paths=["app/assets"], @current="app/assets", @root=#<Rails::Paths::Root:0x000055ac5a24ec60 ...>, @glob="*", @exclude=nil, @autoload_once=false, @eager_load=false, @autoload=false, @load_path=false>, "app/controllers"=>#<Rails::Paths::Path:0x000055ac5a24e288 @paths=["app/controllers"], @current="app/controllers", @root=#<Rails::Paths::Root:0x000055ac5a24ec60 ...>, @glob=nil, @exclude=nil, @autoload_once=false, @eager_load=true, @autoload=false, @load_path=false>, "app/channels"=>#<Rails::Paths::Path:0x000055ac5a24d2e8 @paths=["app/channels"], @current="app/channels", @root=#<Rails::Paths::Root:0x000055ac5a24ec60 ...>, @glob="**/*_channel.rb", @exclude=nil, @autoload_once=false, @eager_load=true, @autoload=false, @load_path=false>, "app/helpers"=>#<Rails::Paths::Path:0x000055ac5a24d1d0 @paths=["app/helpers"], @current="app/helpers", @root=#<Rails::Paths::Root:0x000055ac5a24ec60 ...>, @glob=nil, @exclude=nil, @autoload_once=false, @eager_load=true, @autoload=false, @load_path=false>, "app/models"=>#<Rails::Paths::Path:0x000055ac5a24d158 @paths=["app/models"], @current="app/models", @root=#<Rails::Paths::Root:0x000055ac5a24ec60 ...>, @glob=nil, @exclude=nil, @autoload_once=false, @eager_load=true, @autoload=false, @load_path=false>, "app/mailers"=>#<Rails::Paths::Path:0x000055ac5a24d0b8 @paths=["app/mailers"], @current="app/mailers", @root=#<Rails::Paths::Root:0x000055ac5a24ec60 ...>, @glob=nil, @exclude=nil, @autoload_once=false, @eager_load=true, @autoload=false, @load_path=false>, "app/views"=>#<Rails::Paths::Path:0x000055ac5a24d040 @paths=["app/views"], @current="app/views", @root=#<Rails::Paths::Root:0x000055ac5a24ec60 ...>, @glob=nil, @exclude=nil, @autoload_once=false, @eager_load=false, @autoload=false, @load_path=false>, "lib"=>#<Rails::Paths::Path:0x000055ac5a24cfc8 @paths=["lib"], @current="lib", @root=#<Rails::Paths::Root:0x000055ac5a24ec60 ...>, @glob=nil, @exclude=nil, @autoload_once=false, @eager_load=false, @autoload=false, @load_path=true>, "lib/assets"=>#<Rails::Paths::Path:0x000055ac5a24cf28 @paths=["lib/assets"], @current="lib/assets", @root=#<Rails::Paths::Root:0x000055ac5a24ec60 ...>, @glob="*", @exclude=nil, @autoload_once=false, @eager_load=false, @autoload=false, @load_path=false>, "lib/tasks"=>#<Rails::Paths::Path:0x000055ac5a24ceb0 @paths=["lib/tasks"], @current="lib/tasks", @root=#<Rails::Paths::Root:0x000055ac5a24ec60 ...>, @glob="**/*.rake", @exclude=nil, @autoload_once=false, @eager_load=false, @autoload=false, @load_path=false>, "config"=>#<Rails::Paths::Path:0x000055ac5a24ce10 @paths=["config"], @current="config", @root=#<Rails::Paths::Root:0x000055ac5a24ec60 ...>, @glob=nil, @exclude=nil, @autoload_once=false, @eager_load=false, @autoload=false, @load_path=false>, "config/environments"=>#<Rails::Paths::Path:0x000055ac5a24cd20 @paths=["config/environments"], @current="config/environments", @root=#<Rails::Paths::Root:0x000055ac5a24ec60 ...>, @glob="test.rb", @exclude=nil, @autoload_once=false, @eager_load=false, @autoload=false, @load_path=false>, "config/initializers"=>#<Rails::Paths::Path:0x000055ac5a24cca8 @paths=["config/initializers"], @current="config/initializers", @root=#<Rails::Paths::Root:0x000055ac5a24ec60 ...>, @glob="**/*.rb", @exclude=nil, @autoload_once=false, @eager_load=false, @autoload=false, @load_path=false>, "config/locales"=>#<Rails::Paths::Path:0x000055ac5a24cb90 @paths=["config/locales"], @current="config/locales", @root=#<Rails::Paths::Root:0x000055ac5a24ec60 ...>, @glob="*.{rb,yml}", @exclude=nil, @autoload_once=false, @eager_load=false, @autoload=false, @load_path=false>, "config/routes.rb"=>#<Rails::Paths::Path:0x000055ac5a24ca50 @paths=["config/routes.rb"], @current="config/routes.rb", @root=#<Rails::Paths::Root:0x000055ac5a24ec60 ...>, @glob=nil, @exclude=nil, @autoload_once=false, @eager_load=false, @autoload=false, @load_path=false>, "config/routes"=>#<Rails::Paths::Path:0x000055ac5a24c910 @paths=["config/routes"], @current="config/routes", @root=#<Rails::Paths::Root:0x000055ac5a24ec60 ...>, @glob="**/*.rb", @exclude=nil, @autoload_once=false, @eager_load=false, @autoload=false, @load_path=false>, "db"=>#<Rails::Paths::Path:0x000055ac5a24c898 @paths=["db"], @current="db", @root=#<Rails::Paths::Root:0x000055ac5a24ec60 ...>, @glob=nil, @exclude=nil, @autoload_once=false, @eager_load=false, @autoload=false, @load_path=false>, "db/migrate"=>#<Rails::Paths::Path:0x000055ac5a24c7a8 @paths=["db/migrate"], @current="db/migrate", @root=#<Rails::Paths::Root:0x000055ac5a24ec60 ...>, @glob=nil, @exclude=nil, @autoload_once=false, @eager_load=false, @autoload=false, @load_path=false>, "db/seeds.rb"=>#<Rails::Paths::Path:0x000055ac5a24c6e0 @paths=["db/seeds.rb"], @current="db/seeds.rb", @root=#<Rails::Paths::Root:0x000055ac5a24ec60 ...>, @glob=nil, @exclude=nil, @autoload_once=false, @eager_load=false, @autoload=false, @load_path=false>, "vendor"=>#<Rails::Paths::Path:0x000055ac5a24c618 @paths=["vendor"], @current="vendor", @root=#<Rails::Paths::Root:0x000055ac5a24ec60 ...>, @glob=nil, @exclude=nil, @autoload_once=false, @eager_load=false, @autoload=false, @load_path=true>, "vendor/assets"=>#<Rails::Paths::Path:0x000055ac5a24c578 @paths=["vendor/assets"], @current="vendor/assets", @root=#<Rails::Paths::Root:0x000055ac5a24ec60 ...>, @glob="*", @exclude=nil, @autoload_once=false, @eager_load=false, @autoload=false, @load_path=false>}>, @autoload_paths=[], @eager_load_paths=[], @autoload_once_paths=[]>, @env_config=nil, @helpers=nil, @routes=#<ActionDispatch::Routing::RouteSet:0x000055ac5b7b45a0>, @app_build_lock=#<Thread::Mutex:0x000055ac5a4515f8>, @initializers=[#<Rails::Initializable::Initializer:0x000055ac59e20a08 @name=:load_environment_config, @context=#<Webpacker::Engine:0x000055ac5a451620 ...>, @options={:before=>:load_environment_hook, :group=>:all}, @block=#<Proc:0x000055ac58fb6620 /home/t-ohsuga/.rbenv/versions/3.0.0/lib/ruby/gems/3.0.0/gems/railties-6.1.3.2/lib/rails/engine.rb:569>>, #<Rails::Initializable::Initializer:0x000055ac59e20800 @name=:set_load_path, @context=#<Webpacker::Engine:0x000055ac5a451620 ...>, @options={:before=>:bootstrap_hook, :after=>:load_environment_config, :group=>:default}, @block=#<Proc:0x000055ac58fb6418 /home/t-ohsuga/.rbenv/versions/3.0.0/lib/ruby/gems/3.0.0/gems/railties-6.1.3.2/lib/rails/engine.rb:575>>, #<Rails::Initializable::Initializer:0x000055ac59e204b8 @name=:set_autoload_paths, @context=#<Webpacker::Engine:0x000055ac5a451620 ...>, @options={:before=>:bootstrap_hook, :after=>:set_load_path, :group=>:default}, @block=#<Proc:0x000055ac58fb6210 /home/t-ohsuga/.rbenv/versions/3.0.0/lib/ruby/gems/3.0.0/gems/railties-6.1.3.2/lib/rails/engine.rb:587>>, #<Rails::Initializable::Initializer:0x000055ac59e20260 @name=:set_eager_load_paths, @context=#<Webpacker::Engine:0x000055ac5a451620 ...>, @options={:before=>:bootstrap_hook, :after=>:set_autoload_paths, :group=>:default}, @block=#<Proc:0x000055ac58fb60f8 /home/t-ohsuga/.rbenv/versions/3.0.0/lib/ruby/gems/3.0.0/gems/railties-6.1.3.2/lib/rails/engine.rb:595>>, #<Rails::Initializable::Initializer:0x000055ac59e20058 @name=:add_routing_paths, @context=#<Webpacker::Engine:0x000055ac5a451620 ...>, @options={:after=>:set_eager_load_paths, :group=>:default}, @block=#<Proc:0x000055ac58fb5fb8 /home/t-ohsuga/.rbenv/versions/3.0.0/lib/ruby/gems/3.0.0/gems/railties-6.1.3.2/lib/rails/engine.rb:600>>, #<Rails::Initializable::Initializer:0x000055ac59e21728 @name=:add_locales, @context=#<Webpacker::Engine:0x000055ac5a451620 ...>, @options={:after=>:add_routing_paths, :group=>:default}, @block=#<Proc:0x000055ac58fb5ea0 /home/t-ohsuga/.rbenv/versions/3.0.0/lib/ruby/gems/3.0.0/gems/railties-6.1.3.2/lib/rails/engine.rb:614>>, #<Rails::Initializable::Initializer:0x000055ac59e23ca8 @name=:add_view_paths, @context=#<Webpacker::Engine:0x000055ac5a451620 ...>, @options={:after=>:add_locales, :group=>:default}, @block=#<Proc:0x000055ac58fb5d10 /home/t-ohsuga/.rbenv/versions/3.0.0/lib/ruby/gems/3.0.0/gems/railties-6.1.3.2/lib/rails/engine.rb:618>>, #<Rails::Initializable::Initializer:0x000055ac59e13ee8 @name=:prepend_helpers_path, @context=#<Webpacker::Engine:0x000055ac5a451620 ...>, @options={:after=>:add_view_paths, :group=>:default}, @block=#<Proc:0x000055ac58fb5bf8 /home/t-ohsuga/.rbenv/versions/3.0.0/lib/ruby/gems/3.0.0/gems/railties-6.1.3.2/lib/rails/engine.rb:626>>, #<Rails::Initializable::Initializer:0x000055ac59e13d58 @name=:load_config_initializers, @context=#<Webpacker::Engine:0x000055ac5a451620 ...>, @options={:after=>:prepend_helpers_path, :group=>:default}, @block=#<Proc:0x000055ac58fb5ab8 /home/t-ohsuga/.rbenv/versions/3.0.0/lib/ruby/gems/3.0.0/gems/railties-6.1.3.2/lib/rails/engine.rb:632>>, #<Rails::Initializable::Initializer:0x000055ac59e13c90 @name=:wrap_executor_around_load_seed, @context=#<Webpacker::Engine:0x000055ac5a451620 ...>, @options={:after=>:load_config_initializers, :group=>:default}, @block=#<Proc:0x000055ac58fb59a0 /home/t-ohsuga/.rbenv/versions/3.0.0/lib/ruby/gems/3.0.0/gems/railties-6.1.3.2/lib/rails/engine.rb:638>>, #<Rails::Initializable::Initializer:0x000055ac59e13b50 @name=:engines_blank_point, @context=#<Webpacker::Engine:0x000055ac5a451620 ...>, @options={:after=>:wrap_executor_around_load_seed, :group=>:default}, @block=#<Proc:0x000055ac58fb57e8 /home/t-ohsuga/.rbenv/versions/3.0.0/lib/ruby/gems/3.0.0/gems/railties-6.1.3.2/lib/rails/engine.rb:644>>, #<Rails::Initializable::Initializer:0x000055ac59e139c0 @name=:append_assets_path, @context=#<Webpacker::Engine:0x000055ac5a451620 ...>, @options={:group=>:all, :after=>:engines_blank_point}, @block=#<Proc:0x000055ac59e2d7a8 /home/t-ohsuga/.rbenv/versions/3.0.0/lib/ruby/gems/3.0.0/gems/sprockets-rails-3.2.2/lib/sprockets/railtie.rb:57>>, #<Rails::Initializable::Initializer:0x000055ac59e13920 @name="webpacker.proxy", @context=#<Webpacker::Engine:0x000055ac5a451620 ...>, @options={:group=>:default}, @block=#<Proc:0x000055ac5a450d38 /home/t-ohsuga/.rbenv/versions/3.0.0/lib/ruby/gems/3.0.0/gems/webpacker-5.4.0/lib/webpacker/railtie.rb:10>>, #<Rails::Initializable::Initializer:0x000055ac59e13880 @name="webpacker.helper", @context=#<Webpacker::Engine:0x000055ac5a451620 ...>, @options={:after=>"webpacker.proxy", :group=>:default}, @block=#<Proc:0x000055ac5a450c20 /home/t-ohsuga/.rbenv/versions/3.0.0/lib/ruby/gems/3.0.0/gems/webpacker-5.4.0/lib/webpacker/railtie.rb:19>>, #<Rails::Initializable::Initializer:0x000055ac59e13718 @name="webpacker.logger", @context=#<Webpacker::Engine:0x000055ac5a451620 ...>, @options={:after=>"webpacker.helper", :group=>:default}, @block=#<Proc:0x000055ac5a450b08 /home/t-ohsuga/.rbenv/versions/3.0.0/lib/ruby/gems/3.0.0/gems/webpacker-5.4.0/lib/webpacker/railtie.rb:29>>, #<Rails::Initializable::Initializer:0x000055ac59e13650 @name="webpacker.bootstrap", @context=#<Webpacker::Engine:0x000055ac5a451620 ...>, @options={:after=>"webpacker.logger", :group=>:default}, @block=#<Proc:0x000055ac5a4509f0 /home/t-ohsuga/.rbenv/versions/3.0.0/lib/ruby/gems/3.0.0/gems/webpacker-5.4.0/lib/webpacker/railtie.rb:39>>, #<Rails::Initializable::Initializer:0x000055ac59e13588 @name="webpacker.set_source", @context=#<Webpacker::Engine:0x000055ac5a451620 ...>, @options={:after=>"webpacker.bootstrap", :group=>:default}, @block=#<Proc:0x000055ac5a4508d8 /home/t-ohsuga/.rbenv/versions/3.0.0/lib/ruby/gems/3.0.0/gems/webpacker-5.4.0/lib/webpacker/railtie.rb:50>>]>, #<Turbolinks::Engine:0x000055ac5a477c30 @_all_autoload_paths=[], @_all_load_paths=["/home/t-ohsuga/.rbenv/versions/3.0.0/lib/ruby/gems/3.0.0/gems/turbolinks-5.2.1/lib"], @app=nil, @config=#<Rails::Engine::Configuration:0x000055ac5a477910 @root=#<Pathname:/home/t-ohsuga/.rbenv/versions/3.0.0/lib/ruby/gems/3.0.0/gems/turbolinks-5.2.1>, @generators=#<Rails::Configuration::Generators:0x000055ac5a4778e8 @aliases={}, @options={:rails=>{:orm=>:active_record, :test_framework=>:test_unit, :integration_tool=>:test_unit, :system_tests=>:test_unit, :stylesheet_engine=>:scss}, :active_record=>{:migration=>true, :timestamps=>true}, :test_unit=>{:fixture=>true, :fixture_replacement=>nil}}, @fallbacks={}, @templates=[], @colorize_logging=true, @api_only=false, @hidden_namespaces=["sass"], @after_generate_callbacks=[]>, @middleware=#<Rails::Configuration::MiddlewareStackProxy:0x000055ac5a4777a8 @operations=[], @delete_operations=[]>, @javascript_path="javascript", @paths=#<Rails::Paths::Root:0x000055ac5a247d48 @path=#<Pathname:/home/t-ohsuga/.rbenv/versions/3.0.0/lib/ruby/gems/3.0.0/gems/turbolinks-5.2.1>, @root={"app"=>#<Rails::Paths::Path:0x000055ac5a247c58 @paths=["app"], @current="app", @root=#<Rails::Paths::Root:0x000055ac5a247d48 ...>, @glob="{*,*/concerns}", @exclude=["assets", "javascript"], @autoload_once=false, @eager_load=true, @autoload=false, @load_path=false>, "app/assets"=>#<Rails::Paths::Path:0x000055ac5a2479d8 @paths=["app/assets"], @current="app/assets", @root=#<Rails::Paths::Root:0x000055ac5a247d48 ...>, @glob="*", @exclude=nil, @autoload_once=false, @eager_load=false, @autoload=false, @load_path=false>, "app/controllers"=>#<Rails::Paths::Path:0x000055ac5a247960 @paths=["app/controllers"], @current="app/controllers", @root=#<Rails::Paths::Root:0x000055ac5a247d48 ...>, @glob=nil, @exclude=nil, @autoload_once=false, @eager_load=true, @autoload=false, @load_path=false>, "app/channels"=>#<Rails::Paths::Path:0x000055ac5a247898 @paths=["app/channels"], @current="app/channels", @root=#<Rails::Paths::Root:0x000055ac5a247d48 ...>, @glob="**/*_channel.rb", @exclude=nil, @autoload_once=false, @eager_load=true, @autoload=false, @load_path=false>, "app/helpers"=>#<Rails::Paths::Path:0x000055ac5a2476b8 @paths=["app/helpers"], @current="app/helpers", @root=#<Rails::Paths::Root:0x000055ac5a247d48 ...>, @glob=nil, @exclude=nil, @autoload_once=false, @eager_load=true, @autoload=false, @load_path=false>, "app/models"=>#<Rails::Paths::Path:0x000055ac5a247618 @paths=["app/models"], @current="app/models", @root=#<Rails::Paths::Root:0x000055ac5a247d48 ...>, @glob=nil, @exclude=nil, @autoload_once=false, @eager_load=true, @autoload=false, @load_path=false>, "app/mailers"=>#<Rails::Paths::Path:0x000055ac5a247410 @paths=["app/mailers"], @current="app/mailers", @root=#<Rails::Paths::Root:0x000055ac5a247d48 ...>, @glob=nil, @exclude=nil, @autoload_once=false, @eager_load=true, @autoload=false, @load_path=false>, "app/views"=>#<Rails::Paths::Path:0x000055ac5a247348 @paths=["app/views"], @current="app/views", @root=#<Rails::Paths::Root:0x000055ac5a247d48 ...>, @glob=nil, @exclude=nil, @autoload_once=false, @eager_load=false, @autoload=false, @load_path=false>, "lib"=>#<Rails::Paths::Path:0x000055ac5a247168 @paths=["lib"], @current="lib", @root=#<Rails::Paths::Root:0x000055ac5a247d48 ...>, @glob=nil, @exclude=nil, @autoload_once=false, @eager_load=false, @autoload=false, @load_path=true>, "lib/assets"=>#<Rails::Paths::Path:0x000055ac5a2470c8 @paths=["lib/assets"], @current="lib/assets", @root=#<Rails::Paths::Root:0x000055ac5a247d48 ...>, @glob="*", @exclude=nil, @autoload_once=false, @eager_load=false, @autoload=false, @load_path=false>, "lib/tasks"=>#<Rails::Paths::Path:0x000055ac5a246fb0 @paths=["lib/tasks"], @current="lib/tasks", @root=#<Rails::Paths::Root:0x000055ac5a247d48 ...>, @glob="**/*.rake", @exclude=nil, @autoload_once=false, @eager_load=false, @autoload=false, @load_path=false>, "config"=>#<Rails::Paths::Path:0x000055ac5a246e70 @paths=["config"], @current="config", @root=#<Rails::Paths::Root:0x000055ac5a247d48 ...>, @glob=nil, @exclude=nil, @autoload_once=false, @eager_load=false, @autoload=false, @load_path=false>, "config/environments"=>#<Rails::Paths::Path:0x000055ac5a246d58 @paths=["config/environments"], @current="config/environments", @root=#<Rails::Paths::Root:0x000055ac5a247d48 ...>, @glob="test.rb", @exclude=nil, @autoload_once=false, @eager_load=false, @autoload=false, @load_path=false>, "config/initializers"=>#<Rails::Paths::Path:0x000055ac5a246b78 @paths=["config/initializers"], @current="config/initializers", @root=#<Rails::Paths::Root:0x000055ac5a247d48 ...>, @glob="**/*.rb", @exclude=nil, @autoload_once=false, @eager_load=false, @autoload=false, @load_path=false>, "config/locales"=>#<Rails::Paths::Path:0x000055ac5a246ad8 @paths=["config/locales"], @current="config/locales", @root=#<Rails::Paths::Root:0x000055ac5a247d48 ...>, @glob="*.{rb,yml}", @exclude=nil, @autoload_once=false, @eager_load=false, @autoload=false, @load_path=false>, "config/routes.rb"=>#<Rails::Paths::Path:0x000055ac5a2468d0 @paths=["config/routes.rb"], @current="config/routes.rb", @root=#<Rails::Paths::Root:0x000055ac5a247d48 ...>, @glob=nil, @exclude=nil, @autoload_once=false, @eager_load=false, @autoload=false, @load_path=false>, "config/routes"=>#<Rails::Paths::Path:0x000055ac5a246830 @paths=["config/routes"], @current="config/routes", @root=#<Rails::Paths::Root:0x000055ac5a247d48 ...>, @glob="**/*.rb", @exclude=nil, @autoload_once=false, @eager_load=false, @autoload=false, @load_path=false>, "db"=>#<Rails::Paths::Path:0x000055ac5a246510 @paths=["db"], @current="db", @root=#<Rails::Paths::Root:0x000055ac5a247d48 ...>, @glob=nil, @exclude=nil, @autoload_once=false, @eager_load=false, @autoload=false, @load_path=false>, "db/migrate"=>#<Rails::Paths::Path:0x000055ac5a2463f8 @paths=["db/migrate"], @current="db/migrate", @root=#<Rails::Paths::Root:0x000055ac5a247d48 ...>, @glob=nil, @exclude=nil, @autoload_once=false, @eager_load=false, @autoload=false, @load_path=false>, "db/seeds.rb"=>#<Rails::Paths::Path:0x000055ac5a2460d8 @paths=["db/seeds.rb"], @current="db/seeds.rb", @root=#<Rails::Paths::Root:0x000055ac5a247d48 ...>, @glob=nil, @exclude=nil, @autoload_once=false, @eager_load=false, @autoload=false, @load_path=false>, "vendor"=>#<Rails::Paths::Path:0x000055ac5a245f98 @paths=["vendor"], @current="vendor", @root=#<Rails::Paths::Root:0x000055ac5a247d48 ...>, @glob=nil, @exclude=nil, @autoload_once=false, @eager_load=false, @autoload=false, @load_path=true>, "vendor/assets"=>#<Rails::Paths::Path:0x000055ac5a245e80 @paths=["vendor/assets"], @current="vendor/assets", @root=#<Rails::Paths::Root:0x000055ac5a247d48 ...>, @glob="*", @exclude=nil, @autoload_once=false, @eager_load=false, @autoload=false, @load_path=false>}>, @autoload_paths=[], @eager_load_paths=[], @autoload_once_paths=[]>, @env_config=nil, @helpers=nil, @routes=#<ActionDispatch::Routing::RouteSet:0x000055ac5b7af500>, @app_build_lock=#<Thread::Mutex:0x000055ac5a477c08>, @initializers=[#<Rails::Initializable::Initializer:0x000055ac59e124a8 @name=:load_environment_config, @context=#<Turbolinks::Engine:0x000055ac5a477c30 ...>, @options={:before=>:load_environment_hook, :group=>:all}, @block=#<Proc:0x000055ac58fb6620 /home/t-ohsuga/.rbenv/versions/3.0.0/lib/ruby/gems/3.0.0/gems/railties-6.1.3.2/lib/rails/engine.rb:569>>, #<Rails::Initializable::Initializer:0x000055ac59e12458 @name=:set_load_path, @context=#<Turbolinks::Engine:0x000055ac5a477c30 ...>, @options={:before=>:bootstrap_hook, :after=>:load_environment_config, :group=>:default}, @block=#<Proc:0x000055ac58fb6418 /home/t-ohsuga/.rbenv/versions/3.0.0/lib/ruby/gems/3.0.0/gems/railties-6.1.3.2/lib/rails/engine.rb:575>>, #<Rails::Initializable::Initializer:0x000055ac59e123e0 @name=:set_autoload_paths, @context=#<Turbolinks::Engine:0x000055ac5a477c30 ...>, @options={:before=>:bootstrap_hook, :after=>:set_load_path, :group=>:default}, @block=#<Proc:0x000055ac58fb6210 /home/t-ohsuga/.rbenv/versions/3.0.0/lib/ruby/gems/3.0.0/gems/railties-6.1.3.2/lib/rails/engine.rb:587>>, #<Rails::Initializable::Initializer:0x000055ac59e122a0 @name=:set_eager_load_paths, @context=#<Turbolinks::Engine:0x000055ac5a477c30 ...>, @options={:before=>:bootstrap_hook, :after=>:set_autoload_paths, :group=>:default}, @block=#<Proc:0x000055ac58fb60f8 /home/t-ohsuga/.rbenv/versions/3.0.0/lib/ruby/gems/3.0.0/gems/railties-6.1.3.2/lib/rails/engine.rb:595>>, #<Rails::Initializable::Initializer:0x000055ac59e12200 @name=:add_routing_paths, @context=#<Turbolinks::Engine:0x000055ac5a477c30 ...>, @options={:after=>:set_eager_load_paths, :group=>:default}, @block=#<Proc:0x000055ac58fb5fb8 /home/t-ohsuga/.rbenv/versions/3.0.0/lib/ruby/gems/3.0.0/gems/railties-6.1.3.2/lib/rails/engine.rb:600>>, #<Rails::Initializable::Initializer:0x000055ac59e12160 @name=:add_locales, @context=#<Turbolinks::Engine:0x000055ac5a477c30 ...>, @options={:after=>:add_routing_paths, :group=>:default}, @block=#<Proc:0x000055ac58fb5ea0 /home/t-ohsuga/.rbenv/versions/3.0.0/lib/ruby/gems/3.0.0/gems/railties-6.1.3.2/lib/rails/engine.rb:614>>, #<Rails::Initializable::Initializer:0x000055ac59e12098 @name=:add_view_paths, @context=#<Turbolinks::Engine:0x000055ac5a477c30 ...>, @options={:after=>:add_locales, :group=>:default}, @block=#<Proc:0x000055ac58fb5d10 /home/t-ohsuga/.rbenv/versions/3.0.0/lib/ruby/gems/3.0.0/gems/railties-6.1.3.2/lib/rails/engine.rb:618>>, #<Rails::Initializable::Initializer:0x000055ac59e11ff8 @name=:prepend_helpers_path, @context=#<Turbolinks::Engine:0x000055ac5a477c30 ...>, @options={:after=>:add_view_paths, :group=>:default}, @block=#<Proc:0x000055ac58fb5bf8 /home/t-ohsuga/.rbenv/versions/3.0.0/lib/ruby/gems/3.0.0/gems/railties-6.1.3.2/lib/rails/engine.rb:626>>, #<Rails::Initializable::Initializer:0x000055ac59e11f30 @name=:load_config_initializers, @context=#<Turbolinks::Engine:0x000055ac5a477c30 ...>, @options={:after=>:prepend_helpers_path, :group=>:default}, @block=#<Proc:0x000055ac58fb5ab8 /home/t-ohsuga/.rbenv/versions/3.0.0/lib/ruby/gems/3.0.0/gems/railties-6.1.3.2/lib/rails/engine.rb:632>>, #<Rails::Initializable::Initializer:0x000055ac59e11ee0 @name=:wrap_executor_around_load_seed, @context=#<Turbolinks::Engine:0x000055ac5a477c30 ...>, @options={:after=>:load_config_initializers, :group=>:default}, @block=#<Proc:0x000055ac58fb59a0 /home/t-ohsuga/.rbenv/versions/3.0.0/lib/ruby/gems/3.0.0/gems/railties-6.1.3.2/lib/rails/engine.rb:638>>, #<Rails::Initializable::Initializer:0x000055ac59e11e68 @name=:engines_blank_point, @context=#<Turbolinks::Engine:0x000055ac5a477c30 ...>, @options={:after=>:wrap_executor_around_load_seed, :group=>:default}, @block=#<Proc:0x000055ac58fb57e8 /home/t-ohsuga/.rbenv/versions/3.0.0/lib/ruby/gems/3.0.0/gems/railties-6.1.3.2/lib/rails/engine.rb:644>>, #<Rails::Initializable::Initializer:0x000055ac59e11e18 @name=:append_assets_path, @context=#<Turbolinks::Engine:0x000055ac5a477c30 ...>, @options={:group=>:all, :after=>:engines_blank_point}, @block=#<Proc:0x000055ac59e2d7a8 /home/t-ohsuga/.rbenv/versions/3.0.0/lib/ruby/gems/3.0.0/gems/sprockets-rails-3.2.2/lib/sprockets/railtie.rb:57>>, #<Rails::Initializable::Initializer:0x000055ac59e11dc8 @name=:turbolinks, @context=#<Turbolinks::Engine:0x000055ac5a477c30 ...>, @options={:group=>:default}, @block=#<Proc:0x000055ac5a4772d0 /home/t-ohsuga/.rbenv/versions/3.0.0/lib/ruby/gems/3.0.0/gems/turbolinks-5.2.1/lib/turbolinks.rb:20>>]>, #<Haml::Rails::Engine:0x000055ac5af511b0 @_all_autoload_paths=[], @_all_load_paths=["/home/t-ohsuga/.rbenv/versions/3.0.0/lib/ruby/gems/3.0.0/gems/hamlit-rails-0.2.3/lib"], @app=nil, @config=#<Rails::Engine::Configuration:0x000055ac5af50df0 @root=#<Pathname:/home/t-ohsuga/.rbenv/versions/3.0.0/lib/ruby/gems/3.0.0/gems/hamlit-rails-0.2.3>, @generators=#<Rails::Configuration::Generators:0x000055ac5af50d28 @aliases={}, @options={:rails=>{:orm=>:active_record, :test_framework=>:test_unit, :integration_tool=>:test_unit, :system_tests=>:test_unit, :stylesheet_engine=>:scss}, :active_record=>{:migration=>true, :timestamps=>true}, :test_unit=>{:fixture=>true, :fixture_replacement=>nil}}, @fallbacks={}, @templates=[], @colorize_logging=true, @api_only=false, @hidden_namespaces=["sass"], @after_generate_callbacks=[]>, @middleware=#<Rails::Configuration::MiddlewareStackProxy:0x000055ac5af509e0 @operations=[], @delete_operations=[]>, @javascript_path="javascript", @paths=#<Rails::Paths::Root:0x000055ac5a2455c0 @path=#<Pathname:/home/t-ohsuga/.rbenv/versions/3.0.0/lib/ruby/gems/3.0.0/gems/hamlit-rails-0.2.3>, @root={"app"=>#<Rails::Paths::Path:0x000055ac5a2452c8 @paths=["app"], @current="app", @root=#<Rails::Paths::Root:0x000055ac5a2455c0 ...>, @glob="{*,*/concerns}", @exclude=["assets", "javascript"], @autoload_once=false, @eager_load=true, @autoload=false, @load_path=false>, "app/assets"=>#<Rails::Paths::Path:0x000055ac5a2450e8 @paths=["app/assets"], @current="app/assets", @root=#<Rails::Paths::Root:0x000055ac5a2455c0 ...>, @glob="*", @exclude=nil, @autoload_once=false, @eager_load=false, @autoload=false, @load_path=false>, "app/controllers"=>#<Rails::Paths::Path:0x000055ac5a245020 @paths=["app/controllers"], @current="app/controllers", @root=#<Rails::Paths::Root:0x000055ac5a2455c0 ...>, @glob=nil, @exclude=nil, @autoload_once=false, @eager_load=true, @autoload=false, @load_path=false>, "app/channels"=>#<Rails::Paths::Path:0x000055ac5a244e68 @paths=["app/channels"], @current="app/channels", @root=#<Rails::Paths::Root:0x000055ac5a2455c0 ...>, @glob="**/*_channel.rb", @exclude=nil, @autoload_once=false, @eager_load=true, @autoload=false, @load_path=false>, "app/helpers"=>#<Rails::Paths::Path:0x000055ac5a244d50 @paths=["app/helpers"], @current="app/helpers", @root=#<Rails::Paths::Root:0x000055ac5a2455c0 ...>, @glob=nil, @exclude=nil, @autoload_once=false, @eager_load=true, @autoload=false, @load_path=false>, "app/models"=>#<Rails::Paths::Path:0x000055ac5a244be8 @paths=["app/models"], @current="app/models", @root=#<Rails::Paths::Root:0x000055ac5a2455c0 ...>, @glob=nil, @exclude=nil, @autoload_once=false, @eager_load=true, @autoload=false, @load_path=false>, "app/mailers"=>#<Rails::Paths::Path:0x000055ac5a244a30 @paths=["app/mailers"], @current="app/mailers", @root=#<Rails::Paths::Root:0x000055ac5a2455c0 ...>, @glob=nil, @exclude=nil, @autoload_once=false, @eager_load=true, @autoload=false, @load_path=false>, "app/views"=>#<Rails::Paths::Path:0x000055ac5a244990 @paths=["app/views"], @current="app/views", @root=#<Rails::Paths::Root:0x000055ac5a2455c0 ...>, @glob=nil, @exclude=nil, @autoload_once=false, @eager_load=false, @autoload=false, @load_path=false>, "lib"=>#<Rails::Paths::Path:0x000055ac5a2447d8 @paths=["lib"], @current="lib", @root=#<Rails::Paths::Root:0x000055ac5a2455c0 ...>, @glob=nil, @exclude=nil, @autoload_once=false, @eager_load=false, @autoload=false, @load_path=true>, "lib/assets"=>#<Rails::Paths::Path:0x000055ac5a2446c0 @paths=["lib/assets"], @current="lib/assets", @root=#<Rails::Paths::Root:0x000055ac5a2455c0 ...>, @glob="*", @exclude=nil, @autoload_once=false, @eager_load=false, @autoload=false, @load_path=false>, "lib/tasks"=>#<Rails::Paths::Path:0x000055ac5a244530 @paths=["lib/tasks"], @current="lib/tasks", @root=#<Rails::Paths::Root:0x000055ac5a2455c0 ...>, @glob="**/*.rake", @exclude=nil, @autoload_once=false, @eager_load=false, @autoload=false, @load_path=false>, "config"=>#<Rails::Paths::Path:0x000055ac5a2444b8 @paths=["config"], @current="config", @root=#<Rails::Paths::Root:0x000055ac5a2455c0 ...>, @glob=nil, @exclude=nil, @autoload_once=false, @eager_load=false, @autoload=false, @load_path=false>, "config/environments"=>#<Rails::Paths::Path:0x000055ac5a244300 @paths=["config/environments"], @current="config/environments", @root=#<Rails::Paths::Root:0x000055ac5a2455c0 ...>, @glob="test.rb", @exclude=nil, @autoload_once=false, @eager_load=false, @autoload=false, @load_path=false>, "config/initializers"=>#<Rails::Paths::Path:0x000055ac5a244260 @paths=["config/initializers"], @current="config/initializers", @root=#<Rails::Paths::Root:0x000055ac5a2455c0 ...>, @glob="**/*.rb", @exclude=nil, @autoload_once=false, @eager_load=false, @autoload=false, @load_path=false>, "config/locales"=>#<Rails::Paths::Path:0x000055ac5a2440a8 @paths=["config/locales"], @current="config/locales", @root=#<Rails::Paths::Root:0x000055ac5a2455c0 ...>, @glob="*.{rb,yml}", @exclude=nil, @autoload_once=false, @eager_load=false, @autoload=false, @load_path=false>, "config/routes.rb"=>#<Rails::Paths::Path:0x000055ac5a244008 @paths=["config/routes.rb"], @current="config/routes.rb", @root=#<Rails::Paths::Root:0x000055ac5a2455c0 ...>, @glob=nil, @exclude=nil, @autoload_once=false, @eager_load=false, @autoload=false, @load_path=false>, "config/routes"=>#<Rails::Paths::Path:0x000055ac5a237f38 @paths=["config/routes"], @current="config/routes", @root=#<Rails::Paths::Root:0x000055ac5a2455c0 ...>, @glob="**/*.rb", @exclude=nil, @autoload_once=false, @eager_load=false, @autoload=false, @load_path=false>, "db"=>#<Rails::Paths::Path:0x000055ac5a237e48 @paths=["db"], @current="db", @root=#<Rails::Paths::Root:0x000055ac5a2455c0 ...>, @glob=nil, @exclude=nil, @autoload_once=false, @eager_load=false, @autoload=false, @load_path=false>, "db/migrate"=>#<Rails::Paths::Path:0x000055ac5a237da8 @paths=["db/migrate"], @current="db/migrate", @root=#<Rails::Paths::Root:0x000055ac5a2455c0 ...>, @glob=nil, @exclude=nil, @autoload_once=false, @eager_load=false, @autoload=false, @load_path=false>, "db/seeds.rb"=>#<Rails::Paths::Path:0x000055ac5a237d08 @paths=["db/seeds.rb"], @current="db/seeds.rb", @root=#<Rails::Paths::Root:0x000055ac5a2455c0 ...>, @glob=nil, @exclude=nil, @autoload_once=false, @eager_load=false, @autoload=false, @load_path=false>, "vendor"=>#<Rails::Paths::Path:0x000055ac5a237bf0 @paths=["vendor"], @current="vendor", @root=#<Rails::Paths::Root:0x000055ac5a2455c0 ...>, @glob=nil, @exclude=nil, @autoload_once=false, @eager_load=false, @autoload=false, @load_path=true>, "vendor/assets"=>#<Rails::Paths::Path:0x000055ac5a237a88 @paths=["vendor/assets"], @current="vendor/assets", @root=#<Rails::Paths::Root:0x000055ac5a2455c0 ...>, @glob="*", @exclude=nil, @autoload_once=false, @eager_load=false, @autoload=false, @load_path=false>}>, @autoload_paths=[], @eager_load_paths=[], @autoload_once_paths=[]>, @env_config=nil, @helpers=nil, @routes=#<ActionDispatch::Routing::RouteSet:0x000055ac5b7ae498>, @app_build_lock=#<Thread::Mutex:0x000055ac5af51188>, @initializers=[#<Rails::Initializable::Initializer:0x000055ac59e110d0 @name=:load_environment_config, @context=#<Haml::Rails::Engine:0x000055ac5af511b0 ...>, @options={:before=>:load_environment_hook, :group=>:all}, @block=#<Proc:0x000055ac58fb6620 /home/t-ohsuga/.rbenv/versions/3.0.0/lib/ruby/gems/3.0.0/gems/railties-6.1.3.2/lib/rails/engine.rb:569>>, #<Rails::Initializable::Initializer:0x000055ac59e10fe0 @name=:set_load_path, @context=#<Haml::Rails::Engine:0x000055ac5af511b0 ...>, @options={:before=>:bootstrap_hook, :after=>:load_environment_config, :group=>:default}, @block=#<Proc:0x000055ac58fb6418 /home/t-ohsuga/.rbenv/versions/3.0.0/lib/ruby/gems/3.0.0/gems/railties-6.1.3.2/lib/rails/engine.rb:575>>, #<Rails::Initializable::Initializer:0x000055ac59e10f40 @name=:set_autoload_paths, @context=#<Haml::Rails::Engine:0x000055ac5af511b0 ...>, @options={:before=>:bootstrap_hook, :after=>:set_load_path, :group=>:default}, @block=#<Proc:0x000055ac58fb6210 /home/t-ohsuga/.rbenv/versions/3.0.0/lib/ruby/gems/3.0.0/gems/railties-6.1.3.2/lib/rails/engine.rb:587>>, #<Rails::Initializable::Initializer:0x000055ac59e10e00 @name=:set_eager_load_paths, @context=#<Haml::Rails::Engine:0x000055ac5af511b0 ...>, @options={:before=>:bootstrap_hook, :after=>:set_autoload_paths, :group=>:default}, @block=#<Proc:0x000055ac58fb60f8 /home/t-ohsuga/.rbenv/versions/3.0.0/lib/ruby/gems/3.0.0/gems/railties-6.1.3.2/lib/rails/engine.rb:595>>, #<Rails::Initializable::Initializer:0x000055ac59e10cc0 @name=:add_routing_paths, @context=#<Haml::Rails::Engine:0x000055ac5af511b0 ...>, @options={:after=>:set_eager_load_paths, :group=>:default}, @block=#<Proc:0x000055ac58fb5fb8 /home/t-ohsuga/.rbenv/versions/3.0.0/lib/ruby/gems/3.0.0/gems/railties-6.1.3.2/lib/rails/engine.rb:600>>, #<Rails::Initializable::Initializer:0x000055ac59e10c48 @name=:add_locales, @context=#<Haml::Rails::Engine:0x000055ac5af511b0 ...>, @options={:after=>:add_routing_paths, :group=>:default}, @block=#<Proc:0x000055ac58fb5ea0 /home/t-ohsuga/.rbenv/versions/3.0.0/lib/ruby/gems/3.0.0/gems/railties-6.1.3.2/lib/rails/engine.rb:614>>, #<Rails::Initializable::Initializer:0x000055ac59e10b58 @name=:add_view_paths, @context=#<Haml::Rails::Engine:0x000055ac5af511b0 ...>, @options={:after=>:add_locales, :group=>:default}, @block=#<Proc:0x000055ac58fb5d10 /home/t-ohsuga/.rbenv/versions/3.0.0/lib/ruby/gems/3.0.0/gems/railties-6.1.3.2/lib/rails/engine.rb:618>>, #<Rails::Initializable::Initializer:0x000055ac59e10a18 @name=:prepend_helpers_path, @context=#<Haml::Rails::Engine:0x000055ac5af511b0 ...>, @options={:after=>:add_view_paths, :group=>:default}, @block=#<Proc:0x000055ac58fb5bf8 /home/t-ohsuga/.rbenv/versions/3.0.0/lib/ruby/gems/3.0.0/gems/railties-6.1.3.2/lib/rails/engine.rb:626>>, #<Rails::Initializable::Initializer:0x000055ac59e109a0 @name=:load_config_initializers, @context=#<Haml::Rails::Engine:0x000055ac5af511b0 ...>, @options={:after=>:prepend_helpers_path, :group=>:default}, @block=#<Proc:0x000055ac58fb5ab8 /home/t-ohsuga/.rbenv/versions/3.0.0/lib/ruby/gems/3.0.0/gems/railties-6.1.3.2/lib/rails/engine.rb:632>>, #<Rails::Initializable::Initializer:0x000055ac59e10608 @name=:wrap_executor_around_load_seed, @context=#<Haml::Rails::Engine:0x000055ac5af511b0 ...>, @options={:after=>:load_config_initializers, :group=>:default}, @block=#<Proc:0x000055ac58fb59a0 /home/t-ohsuga/.rbenv/versions/3.0.0/lib/ruby/gems/3.0.0/gems/railties-6.1.3.2/lib/rails/engine.rb:638>>, #<Rails::Initializable::Initializer:0x000055ac59e10590 @name=:engines_blank_point, @context=#<Haml::Rails::Engine:0x000055ac5af511b0 ...>, @options={:after=>:wrap_executor_around_load_seed, :group=>:default}, @block=#<Proc:0x000055ac58fb57e8 /home/t-ohsuga/.rbenv/versions/3.0.0/lib/ruby/gems/3.0.0/gems/railties-6.1.3.2/lib/rails/engine.rb:644>>, #<Rails::Initializable::Initializer:0x000055ac59e104a0 @name=:append_assets_path, @context=#<Haml::Rails::Engine:0x000055ac5af511b0 ...>, @options={:group=>:all, :after=>:engines_blank_point}, @block=#<Proc:0x000055ac59e2d7a8 /home/t-ohsuga/.rbenv/versions/3.0.0/lib/ruby/gems/3.0.0/gems/sprockets-rails-3.2.2/lib/sprockets/railtie.rb:57>>]>, #<ActiveStorageValidations::Engine:0x000055ac5a12f500 @_all_autoload_paths=[], @_all_load_paths=["/home/t-ohsuga/.rbenv/versions/3.0.0/lib/ruby/gems/3.0.0/gems/active_storage_validations-0.9.5/lib"], @app=nil, @config=#<Rails::Engine::Configuration:0x000055ac5a236b60 @root=#<Pathname:/home/t-ohsuga/.rbenv/versions/3.0.0/lib/ruby/gems/3.0.0/gems/active_storage_validations-0.9.5>, @generators=#<Rails::Configuration::Generators:0x000055ac5a236ac0 @aliases={}, @options={:rails=>{:orm=>:active_record, :test_framework=>:test_unit, :integration_tool=>:test_unit, :system_tests=>:test_unit, :stylesheet_engine=>:scss, :template_engine=>:haml}, :active_record=>{:migration=>true, :timestamps=>true}, :test_unit=>{:fixture=>true, :fixture_replacement=>nil}}, @fallbacks={}, @templates=[], @colorize_logging=true, @api_only=false, @hidden_namespaces=["sass"], @after_generate_callbacks=[]>, @middleware=#<Rails::Configuration::MiddlewareStackProxy:0x000055ac5a236840 @operations=[], @delete_operations=[]>, @javascript_path="javascript", @paths=#<Rails::Paths::Root:0x000055ac5a236728 @path=#<Pathname:/home/t-ohsuga/.rbenv/versions/3.0.0/lib/ruby/gems/3.0.0/gems/active_storage_validations-0.9.5>, @root={"app"=>#<Rails::Paths::Path:0x000055ac5a2364f8 @paths=["app"], @current="app", @root=#<Rails::Paths::Root:0x000055ac5a236728 ...>, @glob="{*,*/concerns}", @exclude=["assets", "javascript"], @autoload_once=false, @eager_load=true, @autoload=false, @load_path=false>, "app/assets"=>#<Rails::Paths::Path:0x000055ac5a2363e0 @paths=["app/assets"], @current="app/assets", @root=#<Rails::Paths::Root:0x000055ac5a236728 ...>, @glob="*", @exclude=nil, @autoload_once=false, @eager_load=false, @autoload=false, @load_path=false>, "app/controllers"=>#<Rails::Paths::Path:0x000055ac5a2362f0 @paths=["app/controllers"], @current="app/controllers", @root=#<Rails::Paths::Root:0x000055ac5a236728 ...>, @glob=nil, @exclude=nil, @autoload_once=false, @eager_load=true, @autoload=false, @load_path=false>, "app/channels"=>#<Rails::Paths::Path:0x000055ac5a236228 @paths=["app/channels"], @current="app/channels", @root=#<Rails::Paths::Root:0x000055ac5a236728 ...>, @glob="**/*_channel.rb", @exclude=nil, @autoload_once=false, @eager_load=true, @autoload=false, @load_path=false>, "app/helpers"=>#<Rails::Paths::Path:0x000055ac5a236138 @paths=["app/helpers"], @current="app/helpers", @root=#<Rails::Paths::Root:0x000055ac5a236728 ...>, @glob=nil, @exclude=nil, @autoload_once=false, @eager_load=true, @autoload=false, @load_path=false>, "app/models"=>#<Rails::Paths::Path:0x000055ac5a236048 @paths=["app/models"], @current="app/models", @root=#<Rails::Paths::Root:0x000055ac5a236728 ...>, @glob=nil, @exclude=nil, @autoload_once=false, @eager_load=true, @autoload=false, @load_path=false>, "app/mailers"=>#<Rails::Paths::Path:0x000055ac5a235e68 @paths=["app/mailers"], @current="app/mailers", @root=#<Rails::Paths::Root:0x000055ac5a236728 ...>, @glob=nil, @exclude=nil, @autoload_once=false, @eager_load=true, @autoload=false, @load_path=false>, "app/views"=>#<Rails::Paths::Path:0x000055ac5a235d28 @paths=["app/views"], @current="app/views", @root=#<Rails::Paths::Root:0x000055ac5a236728 ...>, @glob=nil, @exclude=nil, @autoload_once=false, @eager_load=false, @autoload=false, @load_path=false>, "lib"=>#<Rails::Paths::Path:0x000055ac5a235c88 @paths=["lib"], @current="lib", @root=#<Rails::Paths::Root:0x000055ac5a236728 ...>, @glob=nil, @exclude=nil, @autoload_once=false, @eager_load=false, @autoload=false, @load_path=true>, "lib/assets"=>#<Rails::Paths::Path:0x000055ac5a235af8 @paths=["lib/assets"], @current="lib/assets", @root=#<Rails::Paths::Root:0x000055ac5a236728 ...>, @glob="*", @exclude=nil, @autoload_once=false, @eager_load=false, @autoload=false, @load_path=false>, "lib/tasks"=>#<Rails::Paths::Path:0x000055ac5a235940 @paths=["lib/tasks"], @current="lib/tasks", @root=#<Rails::Paths::Root:0x000055ac5a236728 ...>, @glob="**/*.rake", @exclude=nil, @autoload_once=false, @eager_load=false, @autoload=false, @load_path=false>, "config"=>#<Rails::Paths::Path:0x000055ac5a235698 @paths=["config"], @current="config", @root=#<Rails::Paths::Root:0x000055ac5a236728 ...>, @glob=nil, @exclude=nil, @autoload_once=false, @eager_load=false, @autoload=false, @load_path=false>, "config/environments"=>#<Rails::Paths::Path:0x000055ac5a235580 @paths=["config/environments"], @current="config/environments", @root=#<Rails::Paths::Root:0x000055ac5a236728 ...>, @glob="test.rb", @exclude=nil, @autoload_once=false, @eager_load=false, @autoload=false, @load_path=false>, "config/initializers"=>#<Rails::Paths::Path:0x000055ac5a235260 @paths=["config/initializers"], @current="config/initializers", @root=#<Rails::Paths::Root:0x000055ac5a236728 ...>, @glob="**/*.rb", @exclude=nil, @autoload_once=false, @eager_load=false, @autoload=false, @load_path=false>, "config/locales"=>#<Rails::Paths::Path:0x000055ac5a234c48 @paths=["config/locales"], @current="config/locales", @root=#<Rails::Paths::Root:0x000055ac5a236728 ...>, @glob="*.{rb,yml}", @exclude=nil, @autoload_once=false, @eager_load=false, @autoload=false, @load_path=false>, "config/routes.rb"=>#<Rails::Paths::Path:0x000055ac5a234720 @paths=["config/routes.rb"], @current="config/routes.rb", @root=#<Rails::Paths::Root:0x000055ac5a236728 ...>, @glob=nil, @exclude=nil, @autoload_once=false, @eager_load=false, @autoload=false, @load_path=false>, "config/routes"=>#<Rails::Paths::Path:0x000055ac5a2345b8 @paths=["config/routes"], @current="config/routes", @root=#<Rails::Paths::Root:0x000055ac5a236728 ...>, @glob="**/*.rb", @exclude=nil, @autoload_once=false, @eager_load=false, @autoload=false, @load_path=false>, "db"=>#<Rails::Paths::Path:0x000055ac5a234338 @paths=["db"], @current="db", @root=#<Rails::Paths::Root:0x000055ac5a236728 ...>, @glob=nil, @exclude=nil, @autoload_once=false, @eager_load=false, @autoload=false, @load_path=false>, "db/migrate"=>#<Rails::Paths::Path:0x000055ac5a234248 @paths=["db/migrate"], @current="db/migrate", @root=#<Rails::Paths::Root:0x000055ac5a236728 ...>, @glob=nil, @exclude=nil, @autoload_once=false, @eager_load=false, @autoload=false, @load_path=false>, "db/seeds.rb"=>#<Rails::Paths::Path:0x000055ac5a234068 @paths=["db/seeds.rb"], @current="db/seeds.rb", @root=#<Rails::Paths::Root:0x000055ac5a236728 ...>, @glob=nil, @exclude=nil, @autoload_once=false, @eager_load=false, @autoload=false, @load_path=false>, "vendor"=>#<Rails::Paths::Path:0x000055ac5a223fd8 @paths=["vendor"], @current="vendor", @root=#<Rails::Paths::Root:0x000055ac5a236728 ...>, @glob=nil, @exclude=nil, @autoload_once=false, @eager_load=false, @autoload=false, @load_path=true>, "vendor/assets"=>#<Rails::Paths::Path:0x000055ac5a223e98 @paths=["vendor/assets"], @current="vendor/assets", @root=#<Rails::Paths::Root:0x000055ac5a236728 ...>, @glob="*", @exclude=nil, @autoload_once=false, @eager_load=false, @autoload=false, @load_path=false>}>, @autoload_paths=[], @eager_load_paths=[], @autoload_once_paths=[]>, @env_config=nil, @helpers=nil, @routes=#<ActionDispatch::Routing::RouteSet:0x000055ac5b7ad200>, @app_build_lock=#<Thread::Mutex:0x000055ac5a12f4b0>, @initializers=[#<Rails::Initializable::Initializer:0x000055ac59e0bb08 @name=:load_environment_config, @context=#<ActiveStorageValidations::Engine:0x000055ac5a12f500 ...>, @options={:before=>:load_environment_hook, :group=>:all}, @block=#<Proc:0x000055ac58fb6620 /home/t-ohsuga/.rbenv/versions/3.0.0/lib/ruby/gems/3.0.0/gems/railties-6.1.3.2/lib/rails/engine.rb:569>>, #<Rails::Initializable::Initializer:0x000055ac59e0ba90 @name=:set_load_path, @context=#<ActiveStorageValidations::Engine:0x000055ac5a12f500 ...>, @options={:before=>:bootstrap_hook, :after=>:load_environment_config, :group=>:default}, @block=#<Proc:0x000055ac58fb6418 /home/t-ohsuga/.rbenv/versions/3.0.0/lib/ruby/gems/3.0.0/gems/railties-6.1.3.2/lib/rails/engine.rb:575>>, #<Rails::Initializable::Initializer:0x000055ac59e0b8b0 @name=:set_autoload_paths, @context=#<ActiveStorageValidations::Engine:0x000055ac5a12f500 ...>, @options={:before=>:bootstrap_hook, :after=>:set_load_path, :group=>:default}, @block=#<Proc:0x000055ac58fb6210 /home/t-ohsuga/.rbenv/versions/3.0.0/lib/ruby/gems/3.0.0/gems/railties-6.1.3.2/lib/rails/engine.rb:587>>, #<Rails::Initializable::Initializer:0x000055ac59e0b7c0 @name=:set_eager_load_paths, @context=#<ActiveStorageValidations::Engine:0x000055ac5a12f500 ...>, @options={:before=>:bootstrap_hook, :after=>:set_autoload_paths, :group=>:default}, @block=#<Proc:0x000055ac58fb60f8 /home/t-ohsuga/.rbenv/versions/3.0.0/lib/ruby/gems/3.0.0/gems/railties-6.1.3.2/lib/rails/engine.rb:595>>, #<Rails::Initializable::Initializer:0x000055ac59e0b400 @name=:add_routing_paths, @context=#<ActiveStorageValidations::Engine:0x000055ac5a12f500 ...>, @options={:after=>:set_eager_load_paths, :group=>:default}, @block=#<Proc:0x000055ac58fb5fb8 /home/t-ohsuga/.rbenv/versions/3.0.0/lib/ruby/gems/3.0.0/gems/railties-6.1.3.2/lib/rails/engine.rb:600>>, #<Rails::Initializable::Initializer:0x000055ac59e0b3b0 @name=:add_locales, @context=#<ActiveStorageValidations::Engine:0x000055ac5a12f500 ...>, @options={:after=>:add_routing_paths, :group=>:default}, @block=#<Proc:0x000055ac58fb5ea0 /home/t-ohsuga/.rbenv/versions/3.0.0/lib/ruby/gems/3.0.0/gems/railties-6.1.3.2/lib/rails/engine.rb:614>>, #<Rails::Initializable::Initializer:0x000055ac59e0b360 @name=:add_view_paths, @context=#<ActiveStorageValidations::Engine:0x000055ac5a12f500 ...>, @options={:after=>:add_locales, :group=>:default}, @block=#<Proc:0x000055ac58fb5d10 /home/t-ohsuga/.rbenv/versions/3.0.0/lib/ruby/gems/3.0.0/gems/railties-6.1.3.2/lib/rails/engine.rb:618>>, #<Rails::Initializable::Initializer:0x000055ac59e0b2c0 @name=:prepend_helpers_path, @context=#<ActiveStorageValidations::Engine:0x000055ac5a12f500 ...>, @options={:after=>:add_view_paths, :group=>:default}, @block=#<Proc:0x000055ac58fb5bf8 /home/t-ohsuga/.rbenv/versions/3.0.0/lib/ruby/gems/3.0.0/gems/railties-6.1.3.2/lib/rails/engine.rb:626>>, #<Rails::Initializable::Initializer:0x000055ac59e0b248 @name=:load_config_initializers, @context=#<ActiveStorageValidations::Engine:0x000055ac5a12f500 ...>, @options={:after=>:prepend_helpers_path, :group=>:default}, @block=#<Proc:0x000055ac58fb5ab8 /home/t-ohsuga/.rbenv/versions/3.0.0/lib/ruby/gems/3.0.0/gems/railties-6.1.3.2/lib/rails/engine.rb:632>>, #<Rails::Initializable::Initializer:0x000055ac59e0b1f8 @name=:wrap_executor_around_load_seed, @context=#<ActiveStorageValidations::Engine:0x000055ac5a12f500 ...>, @options={:after=>:load_config_initializers, :group=>:default}, @block=#<Proc:0x000055ac58fb59a0 /home/t-ohsuga/.rbenv/versions/3.0.0/lib/ruby/gems/3.0.0/gems/railties-6.1.3.2/lib/rails/engine.rb:638>>, #<Rails::Initializable::Initializer:0x000055ac59e0b1a8 @name=:engines_blank_point, @context=#<ActiveStorageValidations::Engine:0x000055ac5a12f500 ...>, @options={:after=>:wrap_executor_around_load_seed, :group=>:default}, @block=#<Proc:0x000055ac58fb57e8 /home/t-ohsuga/.rbenv/versions/3.0.0/lib/ruby/gems/3.0.0/gems/railties-6.1.3.2/lib/rails/engine.rb:644>>, #<Rails::Initializable::Initializer:0x000055ac59e0b130 @name=:append_assets_path, @context=#<ActiveStorageValidations::Engine:0x000055ac5a12f500 ...>, @options={:group=>:all, :after=>:engines_blank_point}, @block=#<Proc:0x000055ac59e2d7a8 /home/t-ohsuga/.rbenv/versions/3.0.0/lib/ruby/gems/3.0.0/gems/sprockets-rails-3.2.2/lib/sprockets/railtie.rb:57>>]>, #<Kaminari::Engine:0x000055ac5a12f280 @_all_autoload_paths=[], @_all_load_paths=["/home/t-ohsuga/.rbenv/versions/3.0.0/lib/ruby/gems/3.0.0/gems/kaminari-core-1.2.1/lib"], @app=nil, @config=#<Rails::Engine::Configuration:0x000055ac5a223100 @root=#<Pathname:/home/t-ohsuga/.rbenv/versions/3.0.0/lib/ruby/gems/3.0.0/gems/kaminari-core-1.2.1>, @generators=#<Rails::Configuration::Generators:0x000055ac5a2230b0 @aliases={}, @options={:rails=>{:orm=>:active_record, :test_framework=>:test_unit, :integration_tool=>:test_unit, :system_tests=>:test_unit, :stylesheet_engine=>:scss, :template_engine=>:haml}, :active_record=>{:migration=>true, :timestamps=>true}, :test_unit=>{:fixture=>true, :fixture_replacement=>nil}}, @fallbacks={}, @templates=[], @colorize_logging=true, @api_only=false, @hidden_namespaces=["sass"], @after_generate_callbacks=[]>, @middleware=#<Rails::Configuration::MiddlewareStackProxy:0x000055ac5a222d90 @operations=[], @delete_operations=[]>, @javascript_path="javascript", @paths=#<Rails::Paths::Root:0x000055ac5a222cc8 @path=#<Pathname:/home/t-ohsuga/.rbenv/versions/3.0.0/lib/ruby/gems/3.0.0/gems/kaminari-core-1.2.1>, @root={"app"=>#<Rails::Paths::Path:0x000055ac5a222a70 @paths=["app"], @current="app", @root=#<Rails::Paths::Root:0x000055ac5a222cc8 ...>, @glob="{*,*/concerns}", @exclude=["assets", "javascript"], @autoload_once=false, @eager_load=true, @autoload=false, @load_path=false>, "app/assets"=>#<Rails::Paths::Path:0x000055ac5a222980 @paths=["app/assets"], @current="app/assets", @root=#<Rails::Paths::Root:0x000055ac5a222cc8 ...>, @glob="*", @exclude=nil, @autoload_once=false, @eager_load=false, @autoload=false, @load_path=false>, "app/controllers"=>#<Rails::Paths::Path:0x000055ac5a222818 @paths=["app/controllers"], @current="app/controllers", @root=#<Rails::Paths::Root:0x000055ac5a222cc8 ...>, @glob=nil, @exclude=nil, @autoload_once=false, @eager_load=true, @autoload=false, @load_path=false>, "app/channels"=>#<Rails::Paths::Path:0x000055ac5a222700 @paths=["app/channels"], @current="app/channels", @root=#<Rails::Paths::Root:0x000055ac5a222cc8 ...>, @glob="**/*_channel.rb", @exclude=nil, @autoload_once=false, @eager_load=true, @autoload=false, @load_path=false>, "app/helpers"=>#<Rails::Paths::Path:0x000055ac5a222638 @paths=["app/helpers"], @current="app/helpers", @root=#<Rails::Paths::Root:0x000055ac5a222cc8 ...>, @glob=nil, @exclude=nil, @autoload_once=false, @eager_load=true, @autoload=false, @load_path=false>, "app/models"=>#<Rails::Paths::Path:0x000055ac5a222520 @paths=["app/models"], @current="app/models", @root=#<Rails::Paths::Root:0x000055ac5a222cc8 ...>, @glob=nil, @exclude=nil, @autoload_once=false, @eager_load=true, @autoload=false, @load_path=false>, "app/mailers"=>#<Rails::Paths::Path:0x000055ac5a222430 @paths=["app/mailers"], @current="app/mailers", @root=#<Rails::Paths::Root:0x000055ac5a222cc8 ...>, @glob=nil, @exclude=nil, @autoload_once=false, @eager_load=true, @autoload=false, @load_path=false>, "app/views"=>#<Rails::Paths::Path:0x000055ac5a222318 @paths=["app/views"], @current="app/views", @root=#<Rails::Paths::Root:0x000055ac5a222cc8 ...>, @glob=nil, @exclude=nil, @autoload_once=false, @eager_load=false, @autoload=false, @load_path=false>, "lib"=>#<Rails::Paths::Path:0x000055ac5a2221b0 @paths=["lib"], @current="lib", @root=#<Rails::Paths::Root:0x000055ac5a222cc8 ...>, @glob=nil, @exclude=nil, @autoload_once=false, @eager_load=false, @autoload=false, @load_path=true>, "lib/assets"=>#<Rails::Paths::Path:0x000055ac5a221ff8 @paths=["lib/assets"], @current="lib/assets", @root=#<Rails::Paths::Root:0x000055ac5a222cc8 ...>, @glob="*", @exclude=nil, @autoload_once=false, @eager_load=false, @autoload=false, @load_path=false>, "lib/tasks"=>#<Rails::Paths::Path:0x000055ac5a221f58 @paths=["lib/tasks"], @current="lib/tasks", @root=#<Rails::Paths::Root:0x000055ac5a222cc8 ...>, @glob="**/*.rake", @exclude=nil, @autoload_once=false, @eager_load=false, @autoload=false, @load_path=false>, "config"=>#<Rails::Paths::Path:0x000055ac5a221d50 @paths=["config"], @current="config", @root=#<Rails::Paths::Root:0x000055ac5a222cc8 ...>, @glob=nil, @exclude=nil, @autoload_once=false, @eager_load=false, @autoload=false, @load_path=false>, "config/environments"=>#<Rails::Paths::Path:0x000055ac5a221be8 @paths=["config/environments"], @current="config/environments", @root=#<Rails::Paths::Root:0x000055ac5a222cc8 ...>, @glob="test.rb", @exclude=nil, @autoload_once=false, @eager_load=false, @autoload=false, @load_path=false>, "config/initializers"=>#<Rails::Paths::Path:0x000055ac5a221ad0 @paths=["config/initializers"], @current="config/initializers", @root=#<Rails::Paths::Root:0x000055ac5a222cc8 ...>, @glob="**/*.rb", @exclude=nil, @autoload_once=false, @eager_load=false, @autoload=false, @load_path=false>, "config/locales"=>#<Rails::Paths::Path:0x000055ac5a221918 @paths=["config/locales"], @current="config/locales", @root=#<Rails::Paths::Root:0x000055ac5a222cc8 ...>, @glob="*.{rb,yml}", @exclude=nil, @autoload_once=false, @eager_load=false, @autoload=false, @load_path=false>, "config/routes.rb"=>#<Rails::Paths::Path:0x000055ac5a221850 @paths=["config/routes.rb"], @current="config/routes.rb", @root=#<Rails::Paths::Root:0x000055ac5a222cc8 ...>, @glob=nil, @exclude=nil, @autoload_once=false, @eager_load=false, @autoload=false, @load_path=false>, "config/routes"=>#<Rails::Paths::Path:0x000055ac5a221738 @paths=["config/routes"], @current="config/routes", @root=#<Rails::Paths::Root:0x000055ac5a222cc8 ...>, @glob="**/*.rb", @exclude=nil, @autoload_once=false, @eager_load=false, @autoload=false, @load_path=false>, "db"=>#<Rails::Paths::Path:0x000055ac5a221698 @paths=["db"], @current="db", @root=#<Rails::Paths::Root:0x000055ac5a222cc8 ...>, @glob=nil, @exclude=nil, @autoload_once=false, @eager_load=false, @autoload=false, @load_path=false>, "db/migrate"=>#<Rails::Paths::Path:0x000055ac5a2215a8 @paths=["db/migrate"], @current="db/migrate", @root=#<Rails::Paths::Root:0x000055ac5a222cc8 ...>, @glob=nil, @exclude=nil, @autoload_once=false, @eager_load=false, @autoload=false, @load_path=false>, "db/seeds.rb"=>#<Rails::Paths::Path:0x000055ac5a221490 @paths=["db/seeds.rb"], @current="db/seeds.rb", @root=#<Rails::Paths::Root:0x000055ac5a222cc8 ...>, @glob=nil, @exclude=nil, @autoload_once=false, @eager_load=false, @autoload=false, @load_path=false>, "vendor"=>#<Rails::Paths::Path:0x000055ac5a220f18 @paths=["vendor"], @current="vendor", @root=#<Rails::Paths::Root:0x000055ac5a222cc8 ...>, @glob=nil, @exclude=nil, @autoload_once=false, @eager_load=false, @autoload=false, @load_path=true>, "vendor/assets"=>#<Rails::Paths::Path:0x000055ac5a220e28 @paths=["vendor/assets"], @current="vendor/assets", @root=#<Rails::Paths::Root:0x000055ac5a222cc8 ...>, @glob="*", @exclude=nil, @autoload_once=false, @eager_load=false, @autoload=false, @load_path=false>}>, @autoload_paths=[], @eager_load_paths=[], @autoload_once_paths=[]>, @env_config=nil, @helpers=nil, @routes=#<ActionDispatch::Routing::RouteSet:0x000055ac5b78fe58>, @app_build_lock=#<Thread::Mutex:0x000055ac5a12f258>, @initializers=[#<Rails::Initializable::Initializer:0x000055ac59e0a758 @name=:load_environment_config, @context=#<Kaminari::Engine:0x000055ac5a12f280 ...>, @options={:before=>:load_environment_hook, :group=>:all}, @block=#<Proc:0x000055ac58fb6620 /home/t-ohsuga/.rbenv/versions/3.0.0/lib/ruby/gems/3.0.0/gems/railties-6.1.3.2/lib/rails/engine.rb:569>>, #<Rails::Initializable::Initializer:0x000055ac59e0a708 @name=:set_load_path, @context=#<Kaminari::Engine:0x000055ac5a12f280 ...>, @options={:before=>:bootstrap_hook, :after=>:load_environment_config, :group=>:default}, @block=#<Proc:0x000055ac58fb6418 /home/t-ohsuga/.rbenv/versions/3.0.0/lib/ruby/gems/3.0.0/gems/railties-6.1.3.2/lib/rails/engine.rb:575>>, #<Rails::Initializable::Initializer:0x000055ac59e0a668 @name=:set_autoload_paths, @context=#<Kaminari::Engine:0x000055ac5a12f280 ...>, @options={:before=>:bootstrap_hook, :after=>:set_load_path, :group=>:default}, @block=#<Proc:0x000055ac58fb6210 /home/t-ohsuga/.rbenv/versions/3.0.0/lib/ruby/gems/3.0.0/gems/railties-6.1.3.2/lib/rails/engine.rb:587>>, #<Rails::Initializable::Initializer:0x000055ac59e0a5c8 @name=:set_eager_load_paths, @context=#<Kaminari::Engine:0x000055ac5a12f280 ...>, @options={:before=>:bootstrap_hook, :after=>:set_autoload_paths, :group=>:default}, @block=#<Proc:0x000055ac58fb60f8 /home/t-ohsuga/.rbenv/versions/3.0.0/lib/ruby/gems/3.0.0/gems/railties-6.1.3.2/lib/rails/engine.rb:595>>, #<Rails::Initializable::Initializer:0x000055ac59e0a528 @name=:add_routing_paths, @context=#<Kaminari::Engine:0x000055ac5a12f280 ...>, @options={:after=>:set_eager_load_paths, :group=>:default}, @block=#<Proc:0x000055ac58fb5fb8 /home/t-ohsuga/.rbenv/versions/3.0.0/lib/ruby/gems/3.0.0/gems/railties-6.1.3.2/lib/rails/engine.rb:600>>, #<Rails::Initializable::Initializer:0x000055ac59e0a460 @name=:add_locales, @context=#<Kaminari::Engine:0x000055ac5a12f280 ...>, @options={:after=>:add_routing_paths, :group=>:default}, @block=#<Proc:0x000055ac58fb5ea0 /home/t-ohsuga/.rbenv/versions/3.0.0/lib/ruby/gems/3.0.0/gems/railties-6.1.3.2/lib/rails/engine.rb:614>>, #<Rails::Initializable::Initializer:0x000055ac59e0a370 @name=:add_view_paths, @context=#<Kaminari::Engine:0x000055ac5a12f280 ...>, @options={:after=>:add_locales, :group=>:default}, @block=#<Proc:0x000055ac58fb5d10 /home/t-ohsuga/.rbenv/versions/3.0.0/lib/ruby/gems/3.0.0/gems/railties-6.1.3.2/lib/rails/engine.rb:618>>, #<Rails::Initializable::Initializer:0x000055ac59e0a2f8 @name=:prepend_helpers_path, @context=#<Kaminari::Engine:0x000055ac5a12f280 ...>, @options={:after=>:add_view_paths, :group=>:default}, @block=#<Proc:0x000055ac58fb5bf8 /home/t-ohsuga/.rbenv/versions/3.0.0/lib/ruby/gems/3.0.0/gems/railties-6.1.3.2/lib/rails/engine.rb:626>>, #<Rails::Initializable::Initializer:0x000055ac59e0a230 @name=:load_config_initializers, @context=#<Kaminari::Engine:0x000055ac5a12f280 ...>, @options={:after=>:prepend_helpers_path, :group=>:default}, @block=#<Proc:0x000055ac58fb5ab8 /home/t-ohsuga/.rbenv/versions/3.0.0/lib/ruby/gems/3.0.0/gems/railties-6.1.3.2/lib/rails/engine.rb:632>>, #<Rails::Initializable::Initializer:0x000055ac59e0a118 @name=:wrap_executor_around_load_seed, @context=#<Kaminari::Engine:0x000055ac5a12f280 ...>, @options={:after=>:load_config_initializers, :group=>:default}, @block=#<Proc:0x000055ac58fb59a0 /home/t-ohsuga/.rbenv/versions/3.0.0/lib/ruby/gems/3.0.0/gems/railties-6.1.3.2/lib/rails/engine.rb:638>>, #<Rails::Initializable::Initializer:0x000055ac59e0a078 @name=:engines_blank_point, @context=#<Kaminari::Engine:0x000055ac5a12f280 ...>, @options={:after=>:wrap_executor_around_load_seed, :group=>:default}, @block=#<Proc:0x000055ac58fb57e8 /home/t-ohsuga/.rbenv/versions/3.0.0/lib/ruby/gems/3.0.0/gems/railties-6.1.3.2/lib/rails/engine.rb:644>>, #<Rails::Initializable::Initializer:0x000055ac59e09f88 @name=:append_assets_path, @context=#<Kaminari::Engine:0x000055ac5a12f280 ...>, @options={:group=>:all, :after=>:engines_blank_point}, @block=#<Proc:0x000055ac59e2d7a8 /home/t-ohsuga/.rbenv/versions/3.0.0/lib/ruby/gems/3.0.0/gems/sprockets-rails-3.2.2/lib/sprockets/railtie.rb:57>>]>, #<RailsAwesomeEvents::Application:0x000055ac59c1e610 ...>]], @railties=#<Rails::Engine::Railties:0x000055ac5a135b30 @_all=[#<I18n::Railtie:0x000055ac58b4bc70 @config=#<Rails::Railtie::Configuration:0x000055ac5937d1a0>, @initializers=[]>, #<ActiveSupport::Railtie:0x000055ac5937c318 @config=#<Rails::Railtie::Configuration:0x000055ac5937c250>, @initializers=[#<Rails::Initializable::Initializer:0x000055ac59e872a8 @name="active_support.set_authenticated_message_encryption", @context=#<ActiveSupport::Railtie:0x000055ac5937c318 ...>, @options={:group=>:default}, @block=#<Proc:0x000055ac5937c0c0 /home/t-ohsuga/.rbenv/versions/3.0.0/lib/ruby/gems/3.0.0/gems/activesupport-6.1.3.2/lib/active_support/railtie.rb:12>>, #<Rails::Initializable::Initializer:0x000055ac59e871b8 @name="active_support.reset_all_current_attributes_instances", @context=#<ActiveSupport::Railtie:0x000055ac5937c318 ...>, @options={:after=>"active_support.set_authenticated_message_encryption", :group=>:default}, @block=#<Proc:0x000055ac59387f10 /home/t-ohsuga/.rbenv/versions/3.0.0/lib/ruby/gems/3.0.0/gems/activesupport-6.1.3.2/lib/active_support/railtie.rb:21>>, #<Rails::Initializable::Initializer:0x000055ac59e87118 @name="active_support.deprecation_behavior", @context=#<ActiveSupport::Railtie:0x000055ac5937c318 ...>, @options={:after=>"active_support.reset_all_current_attributes_instances", :group=>:default}, @block=#<Proc:0x000055ac59387d58 /home/t-ohsuga/.rbenv/versions/3.0.0/lib/ruby/gems/3.0.0/gems/activesupport-6.1.3.2/lib/active_support/railtie.rb:32>>, #<Rails::Initializable::Initializer:0x000055ac59e870a0 @name="active_support.initialize_time_zone", @context=#<ActiveSupport::Railtie:0x000055ac5937c318 ...>, @options={:after=>"active_support.deprecation_behavior", :group=>:default}, @block=#<Proc:0x000055ac59387c68 /home/t-ohsuga/.rbenv/versions/3.0.0/lib/ruby/gems/3.0.0/gems/activesupport-6.1.3.2/lib/active_support/railtie.rb:48>>, #<Rails::Initializable::Initializer:0x000055ac59e86fb0 @name="active_support.initialize_beginning_of_week", @context=#<ActiveSupport::Railtie:0x000055ac5937c318 ...>, @options={:after=>"active_support.initialize_time_zone", :group=>:default}, @block=#<Proc:0x000055ac59387b78 /home/t-ohsuga/.rbenv/versions/3.0.0/lib/ruby/gems/3.0.0/gems/activesupport-6.1.3.2/lib/active_support/railtie.rb:60>>, #<Rails::Initializable::Initializer:0x000055ac59e86e98 @name="active_support.require_master_key", @context=#<ActiveSupport::Railtie:0x000055ac5937c318 ...>, @options={:after=>"active_support.initialize_beginning_of_week", :group=>:default}, @block=#<Proc:0x000055ac59387a88 /home/t-ohsuga/.rbenv/versions/3.0.0/lib/ruby/gems/3.0.0/gems/activesupport-6.1.3.2/lib/active_support/railtie.rb:67>>, #<Rails::Initializable::Initializer:0x000055ac59e86e20 @name="active_support.set_configs", @context=#<ActiveSupport::Railtie:0x000055ac5937c318 ...>, @options={:after=>"active_support.require_master_key", :group=>:default}, @block=#<Proc:0x000055ac59387998 /home/t-ohsuga/.rbenv/versions/3.0.0/lib/ruby/gems/3.0.0/gems/activesupport-6.1.3.2/lib/active_support/railtie.rb:78>>, #<Rails::Initializable::Initializer:0x000055ac59e86d58 @name="active_support.set_hash_digest_class", @context=#<ActiveSupport::Railtie:0x000055ac5937c318 ...>, @options={:after=>"active_support.set_configs", :group=>:default}, @block=#<Proc:0x000055ac593878a8 /home/t-ohsuga/.rbenv/versions/3.0.0/lib/ruby/gems/3.0.0/gems/activesupport-6.1.3.2/lib/active_support/railtie.rb:85>>]>, #<ActionDispatch::Railtie:0x000055ac58e2c2c8 @config=#<Rails::Railtie::Configuration:0x000055ac58e2c200>, @initializers=[#<Rails::Initializable::Initializer:0x000055ac59e86308 @name="action_dispatch.configure", @context=#<ActionDispatch::Railtie:0x000055ac58e2c2c8 ...>, @options={:group=>:default}, @block=#<Proc:0x000055ac58e3adf0 /home/t-ohsuga/.rbenv/versions/3.0.0/lib/ruby/gems/3.0.0/gems/actionpack-6.1.3.2/lib/action_dispatch/railtie.rb:41>>]>, #<ActiveModel::Railtie:0x000055ac58e511b8 @config=#<Rails::Railtie::Configuration:0x000055ac58e510f0>, @initializers=[#<Rails::Initializable::Initializer:0x000055ac59e85688 @name="active_model.secure_password", @context=#<ActiveModel::Railtie:0x000055ac58e511b8 ...>, @options={:group=>:default}, @block=#<Proc:0x000055ac58e50f60 /home/t-ohsuga/.rbenv/versions/3.0.0/lib/ruby/gems/3.0.0/gems/activemodel-6.1.3.2/lib/active_model/railtie.rb:12>>, #<Rails::Initializable::Initializer:0x000055ac59e854d0 @name="active_model.i18n_customize_full_message", @context=#<ActiveModel::Railtie:0x000055ac58e511b8 ...>, @options={:after=>"active_model.secure_password", :group=>:default}, @block=#<Proc:0x000055ac58e50e70 /home/t-ohsuga/.rbenv/versions/3.0.0/lib/ruby/gems/3.0.0/gems/activemodel-6.1.3.2/lib/active_model/railtie.rb:16>>]>, #<GlobalID::Railtie:0x000055ac59452e90 @config=#<Rails::Railtie::Configuration:0x000055ac59452dc8>, @initializers=[#<Rails::Initializable::Initializer:0x000055ac59e84828 @name="global_id", @context=#<GlobalID::Railtie:0x000055ac59452e90 ...>, @options={:group=>:default}, @block=#<Proc:0x000055ac59452c10 /home/t-ohsuga/.rbenv/versions/3.0.0/lib/ruby/gems/3.0.0/gems/globalid-0.4.2/lib/global_id/railtie.rb:16>>]>, #<ActiveJob::Railtie:0x000055ac5945bce8 @config=#<Rails::Railtie::Configuration:0x000055ac5945bc20>, @initializers=[#<Rails::Initializable::Initializer:0x000055ac59e84030 @name="active_job.logger", @context=#<ActiveJob::Railtie:0x000055ac5945bce8 ...>, @options={:group=>:default}, @block=#<Proc:0x000055ac5945b9a0 /home/t-ohsuga/.rbenv/versions/3.0.0/lib/ruby/gems/3.0.0/gems/activejob-6.1.3.2/lib/active_job/railtie.rb:12>>, #<Rails::Initializable::Initializer:0x000055ac59e77ec0 @name="active_job.custom_serializers", @context=#<ActiveJob::Railtie:0x000055ac5945bce8 ...>, @options={:after=>"active_job.logger", :group=>:default}, @block=#<Proc:0x000055ac5945b8b0 /home/t-ohsuga/.rbenv/versions/3.0.0/lib/ruby/gems/3.0.0/gems/activejob-6.1.3.2/lib/active_job/railtie.rb:16>>, #<Rails::Initializable::Initializer:0x000055ac59e77cb8 @name="active_job.set_configs", @context=#<ActiveJob::Railtie:0x000055ac5945bce8 ...>, @options={:after=>"active_job.custom_serializers", :group=>:default}, @block=#<Proc:0x000055ac5945b7c0 /home/t-ohsuga/.rbenv/versions/3.0.0/lib/ruby/gems/3.0.0/gems/activejob-6.1.3.2/lib/active_job/railtie.rb:23>>, #<Rails::Initializable::Initializer:0x000055ac59e77c18 @name="active_job.set_reloader_hook", @context=#<ActiveJob::Railtie:0x000055ac5945bce8 ...>, @options={:after=>"active_job.set_configs", :group=>:default}, @block=#<Proc:0x000055ac5945b6d0 /home/t-ohsuga/.rbenv/versions/3.0.0/lib/ruby/gems/3.0.0/gems/activejob-6.1.3.2/lib/active_job/railtie.rb:43>>]>, #<ActionController::Railtie:0x000055ac5923d6a0 @config=#<Rails::Railtie::Configuration:0x000055ac5923d5b0>, @initializers=[#<Rails::Initializable::Initializer:0x000055ac59e773a8 @name="action_controller.assets_config", @context=#<ActionController::Railtie:0x000055ac5923d6a0 ...>, @options={:group=>:all}, @block=#<Proc:0x000055ac5923d3f8 /home/t-ohsuga/.rbenv/versions/3.0.0/lib/ruby/gems/3.0.0/gems/actionpack-6.1.3.2/lib/action_controller/railtie.rb:16>>, #<Rails::Initializable::Initializer:0x000055ac59e77290 @name="action_controller.set_helpers_path", @context=#<ActionController::Railtie:0x000055ac5923d6a0 ...>, @options={:after=>"action_controller.assets_config", :group=>:default}, @block=#<Proc:0x000055ac5923d2e0 /home/t-ohsuga/.rbenv/versions/3.0.0/lib/ruby/gems/3.0.0/gems/actionpack-6.1.3.2/lib/action_controller/railtie.rb:20>>, #<Rails::Initializable::Initializer:0x000055ac59e77150 @name="action_controller.parameters_config", @context=#<ActionController::Railtie:0x000055ac5923d6a0 ...>, @options={:after=>"action_controller.set_helpers_path", :group=>:default}, @block=#<Proc:0x000055ac5923d1f0 /home/t-ohsuga/.rbenv/versions/3.0.0/lib/ruby/gems/3.0.0/gems/actionpack-6.1.3.2/lib/action_controller/railtie.rb:24>>, #<Rails::Initializable::Initializer:0x000055ac59e77038 @name="action_controller.set_configs", @context=#<ActionController::Railtie:0x000055ac5923d6a0 ...>, @options={:after=>"action_controller.parameters_config", :group=>:default}, @block=#<Proc:0x000055ac5923d100 /home/t-ohsuga/.rbenv/versions/3.0.0/lib/ruby/gems/3.0.0/gems/actionpack-6.1.3.2/lib/action_controller/railtie.rb:39>>, #<Rails::Initializable::Initializer:0x000055ac59e76f98 @name="action_controller.compile_config_methods", @context=#<ActionController::Railtie:0x000055ac5923d6a0 ...>, @options={:after=>"action_controller.set_configs", :group=>:default}, @block=#<Proc:0x000055ac5923d010 /home/t-ohsuga/.rbenv/versions/3.0.0/lib/ruby/gems/3.0.0/gems/actionpack-6.1.3.2/lib/action_controller/railtie.rb:69>>, #<Rails::Initializable::Initializer:0x000055ac59e76ef8 @name="action_controller.request_forgery_protection", @context=#<ActionController::Railtie:0x000055ac5923d6a0 ...>, @options={:after=>"action_controller.compile_config_methods", :group=>:default}, @block=#<Proc:0x000055ac5923cf20 /home/t-ohsuga/.rbenv/versions/3.0.0/lib/ruby/gems/3.0.0/gems/actionpack-6.1.3.2/lib/action_controller/railtie.rb:75>>, #<Rails::Initializable::Initializer:0x000055ac59e76e30 @name="action_controller.eager_load_actions", @context=#<ActionController::Railtie:0x000055ac5923d6a0 ...>, @options={:after=>"action_controller.request_forgery_protection", :group=>:default}, @block=#<Proc:0x000055ac5923ce30 /home/t-ohsuga/.rbenv/versions/3.0.0/lib/ruby/gems/3.0.0/gems/actionpack-6.1.3.2/lib/action_controller/railtie.rb:83>>]>, #<ActiveRecord::Railtie:0x000055ac5923cac0 @config=#<Rails::Railtie::Configuration:0x000055ac5923c9f8>, @initializers=[#<Rails::Initializable::Initializer:0x000055ac59e764d0 @name="active_record.initialize_timezone", @context=#<ActiveRecord::Railtie:0x000055ac5923cac0 ...>, @options={:group=>:default}, @block=#<Proc:0x000055ac59237bd8 /home/t-ohsuga/.rbenv/versions/3.0.0/lib/ruby/gems/3.0.0/gems/activerecord-6.1.3.2/lib/active_record/railtie.rb:70>>, #<Rails::Initializable::Initializer:0x000055ac59e762f0 @name="active_record.logger", @context=#<ActiveRecord::Railtie:0x000055ac5923cac0 ...>, @options={:after=>"active_record.initialize_timezone", :group=>:default}, @block=#<Proc:0x000055ac59237ae8 /home/t-ohsuga/.rbenv/versions/3.0.0/lib/ruby/gems/3.0.0/gems/activerecord-6.1.3.2/lib/active_record/railtie.rb:77>>, #<Rails::Initializable::Initializer:0x000055ac59e762a0 @name="active_record.backtrace_cleaner", @context=#<ActiveRecord::Railtie:0x000055ac5923cac0 ...>, @options={:after=>"active_record.logger", :group=>:default}, @block=#<Proc:0x000055ac592379f8 /home/t-ohsuga/.rbenv/versions/3.0.0/lib/ruby/gems/3.0.0/gems/activerecord-6.1.3.2/lib/active_record/railtie.rb:81>>, #<Rails::Initializable::Initializer:0x000055ac59e761b0 @name="active_record.migration_error", @context=#<ActiveRecord::Railtie:0x000055ac5923cac0 ...>, @options={:after=>"active_record.backtrace_cleaner", :group=>:default}, @block=#<Proc:0x000055ac59237908 /home/t-ohsuga/.rbenv/versions/3.0.0/lib/ruby/gems/3.0.0/gems/activerecord-6.1.3.2/lib/active_record/railtie.rb:85>>, #<Rails::Initializable::Initializer:0x000055ac59e75e40 @name="active_record.database_selector", @context=#<ActiveRecord::Railtie:0x000055ac5923cac0 ...>, @options={:after=>"active_record.migration_error", :group=>:default}, @block=#<Proc:0x000055ac59237818 /home/t-ohsuga/.rbenv/versions/3.0.0/lib/ruby/gems/3.0.0/gems/activerecord-6.1.3.2/lib/active_record/railtie.rb:93>>, #<Rails::Initializable::Initializer:0x000055ac59e75b98 @name="Check for cache versioning support", @context=#<ActiveRecord::Railtie:0x000055ac5923cac0 ...>, @options={:after=>"active_record.database_selector", :group=>:default}, @block=#<Proc:0x000055ac59237728 /home/t-ohsuga/.rbenv/versions/3.0.0/lib/ruby/gems/3.0.0/gems/activerecord-6.1.3.2/lib/active_record/railtie.rb:101>>, #<Rails::Initializable::Initializer:0x000055ac59e75940 @name="active_record.check_schema_cache_dump", @context=#<ActiveRecord::Railtie:0x000055ac5923cac0 ...>, @options={:after=>"Check for cache versioning support", :group=>:default}, @block=#<Proc:0x000055ac59237638 /home/t-ohsuga/.rbenv/versions/3.0.0/lib/ruby/gems/3.0.0/gems/activerecord-6.1.3.2/lib/active_record/railtie.rb:126>>, #<Rails::Initializable::Initializer:0x000055ac59e75850 @name="active_record.define_attribute_methods", @context=#<ActiveRecord::Railtie:0x000055ac5923cac0 ...>, @options={:after=>"active_record.check_schema_cache_dump", :group=>:default}, @block=#<Proc:0x000055ac59237548 /home/t-ohsuga/.rbenv/versions/3.0.0/lib/ruby/gems/3.0.0/gems/activerecord-6.1.3.2/lib/active_record/railtie.rb:163>>, #<Rails::Initializable::Initializer:0x000055ac59e757d8 @name="active_record.warn_on_records_fetched_greater_than", @context=#<ActiveRecord::Railtie:0x000055ac5923cac0 ...>, @options={:after=>"active_record.define_attribute_methods", :group=>:default}, @block=#<Proc:0x000055ac59237458 /home/t-ohsuga/.rbenv/versions/3.0.0/lib/ruby/gems/3.0.0/gems/activerecord-6.1.3.2/lib/active_record/railtie.rb:196>>, #<Rails::Initializable::Initializer:0x000055ac59e75760 @name="active_record.set_configs", @context=#<ActiveRecord::Railtie:0x000055ac5923cac0 ...>, @options={:after=>"active_record.warn_on_records_fetched_greater_than", :group=>:default}, @block=#<Proc:0x000055ac59237368 /home/t-ohsuga/.rbenv/versions/3.0.0/lib/ruby/gems/3.0.0/gems/activerecord-6.1.3.2/lib/active_record/railtie.rb:204>>, #<Rails::Initializable::Initializer:0x000055ac59e75418 @name="active_record.initialize_database", @context=#<ActiveRecord::Railtie:0x000055ac5923cac0 ...>, @options={:after=>"active_record.set_configs", :group=>:default}, @block=#<Proc:0x000055ac59237278 /home/t-ohsuga/.rbenv/versions/3.0.0/lib/ruby/gems/3.0.0/gems/activerecord-6.1.3.2/lib/active_record/railtie.rb:216>>, #<Rails::Initializable::Initializer:0x000055ac59e751e8 @name="active_record.log_runtime", @context=#<ActiveRecord::Railtie:0x000055ac5923cac0 ...>, @options={:after=>"active_record.initialize_database", :group=>:default}, @block=#<Proc:0x000055ac59237188 /home/t-ohsuga/.rbenv/versions/3.0.0/lib/ruby/gems/3.0.0/gems/activerecord-6.1.3.2/lib/active_record/railtie.rb:227>>, #<Rails::Initializable::Initializer:0x000055ac59e74f18 @name="active_record.set_reloader_hooks", @context=#<ActiveRecord::Railtie:0x000055ac5923cac0 ...>, @options={:after=>"active_record.log_runtime", :group=>:default}, @block=#<Proc:0x000055ac59237098 /home/t-ohsuga/.rbenv/versions/3.0.0/lib/ruby/gems/3.0.0/gems/activerecord-6.1.3.2/lib/active_record/railtie.rb:234>>, #<Rails::Initializable::Initializer:0x000055ac59e745b8 @name="active_record.set_executor_hooks", @context=#<ActiveRecord::Railtie:0x000055ac5923cac0 ...>, @options={:after=>"active_record.set_reloader_hooks", :group=>:default}, @block=#<Proc:0x000055ac59236fa8 /home/t-ohsuga/.rbenv/versions/3.0.0/lib/ruby/gems/3.0.0/gems/activerecord-6.1.3.2/lib/active_record/railtie.rb:245>>, #<Rails::Initializable::Initializer:0x000055ac59e74360 @name="active_record.add_watchable_files", @context=#<ActiveRecord::Railtie:0x000055ac5923cac0 ...>, @options={:after=>"active_record.set_executor_hooks", :group=>:default}, @block=#<Proc:0x000055ac59236eb8 /home/t-ohsuga/.rbenv/versions/3.0.0/lib/ruby/gems/3.0.0/gems/activerecord-6.1.3.2/lib/active_record/railtie.rb:249>>, #<Rails::Initializable::Initializer:0x000055ac59e77308 @name="active_record.clear_active_connections", @context=#<ActiveRecord::Railtie:0x000055ac5923cac0 ...>, @options={:after=>"active_record.add_watchable_files", :group=>:default}, @block=#<Proc:0x000055ac59236dc8 /home/t-ohsuga/.rbenv/versions/3.0.0/lib/ruby/gems/3.0.0/gems/activerecord-6.1.3.2/lib/active_record/railtie.rb:254>>, #<Rails::Initializable::Initializer:0x000055ac59e5fcf8 @name="active_record.set_filter_attributes", @context=#<ActiveRecord::Railtie:0x000055ac5923cac0 ...>, @options={:after=>"active_record.clear_active_connections", :group=>:default}, @block=#<Proc:0x000055ac59236cd8 /home/t-ohsuga/.rbenv/versions/3.0.0/lib/ruby/gems/3.0.0/gems/activerecord-6.1.3.2/lib/active_record/railtie.rb:271>>, #<Rails::Initializable::Initializer:0x000055ac59e5fc08 @name="active_record.set_signed_id_verifier_secret", @context=#<ActiveRecord::Railtie:0x000055ac5923cac0 ...>, @options={:after=>"active_record.set_filter_attributes", :group=>:default}, @block=#<Proc:0x000055ac59236be8 /home/t-ohsuga/.rbenv/versions/3.0.0/lib/ruby/gems/3.0.0/gems/activerecord-6.1.3.2/lib/active_record/railtie.rb:277>>]>, #<Sprockets::Railtie:0x000055ac59e2d168 @config=#<Rails::Railtie::Configuration:0x000055ac59e2d078>, @initializers=[#<Rails::Initializable::Initializer:0x000055ac59e5f4b0 @name=:set_default_precompile, @context=#<Sprockets::Railtie:0x000055ac59e2d168 ...>, @options={:group=>:default}, @block=#<Proc:0x000055ac59e2c998 /home/t-ohsuga/.rbenv/versions/3.0.0/lib/ruby/gems/3.0.0/gems/sprockets-rails-3.2.2/lib/sprockets/railtie.rb:104>>, #<Rails::Initializable::Initializer:0x000055ac59e5f3c0 @name=:quiet_assets, @context=#<Sprockets::Railtie:0x000055ac59e2d168 ...>, @options={:after=>:set_default_precompile, :group=>:default}, @block=#<Proc:0x000055ac59e2c880 /home/t-ohsuga/.rbenv/versions/3.0.0/lib/ruby/gems/3.0.0/gems/sprockets-rails-3.2.2/lib/sprockets/railtie.rb:113>>]>, #<Rails::TestUnitRailtie:0x000055ac59f53998 @config=#<Rails::Railtie::Configuration:0x000055ac59f538d0>, @initializers=[#<Rails::Initializable::Initializer:0x000055ac59e5ea60 @name="test_unit.line_filtering", @context=#<Rails::TestUnitRailtie:0x000055ac59f53998 ...>, @options={:group=>:default}, @block=#<Proc:0x000055ac59f535d8 /home/t-ohsuga/.rbenv/versions/3.0.0/lib/ruby/gems/3.0.0/gems/railties-6.1.3.2/lib/rails/test_unit/railtie.rb:19>>]>, #<SassC::Rails::Railtie:0x000055ac5a258c60 @config=#<Rails::Railtie::Configuration:0x000055ac5a258b98>, @initializers=[#<Rails::Initializable::Initializer:0x000055ac59e5d610 @name=:setup_sass, @context=#<SassC::Rails::Railtie:0x000055ac5a258c60 ...>, @options={:group=>:all}, @block=#<Proc:0x000055ac5a2584b8 /home/t-ohsuga/.rbenv/versions/3.0.0/lib/ruby/gems/3.0.0/gems/sassc-rails-2.1.2/lib/sassc/rails/railtie.rb:34>>, #<Rails::Initializable::Initializer:0x000055ac59e5d160 @name=:setup_compression, @context=#<SassC::Rails::Railtie:0x000055ac5a258c60 ...>, @options={:group=>:all, :after=>:setup_sass}, @block=#<Proc:0x000055ac5a2583a0 /home/t-ohsuga/.rbenv/versions/3.0.0/lib/ruby/gems/3.0.0/gems/sassc-rails-2.1.2/lib/sassc/rails/railtie.rb:72>>]>, #<Jbuilder::Railtie:0x000055ac5a134460 @initializers=[#<Rails::Initializable::Initializer:0x000055ac59e49d40 @name=:jbuilder, @context=#<Jbuilder::Railtie:0x000055ac5a134460 ...>, @options={:group=>:default}, @block=#<Proc:0x000055ac5a4d5ee8 /home/t-ohsuga/.rbenv/versions/3.0.0/lib/ruby/gems/3.0.0/gems/jbuilder-2.11.2/lib/jbuilder/railtie.rb:6>>]>, #<FactoryBotRails::Railtie:0x000055ac587d1ef0 @config=#<Rails::Railtie::Configuration:0x000055ac587ca088>, @initializers=[#<Rails::Initializable::Initializer:0x000055ac59e49228 @name="factory_bot.set_fixture_replacement", @context=#<FactoryBotRails::Railtie:0x000055ac587d1ef0 ...>, @options={:group=>:default}, @block=#<Proc:0x000055ac5879c3e0 /home/t-ohsuga/.rbenv/versions/3.0.0/lib/ruby/gems/3.0.0/gems/factory_bot_rails-6.2.0/lib/factory_bot_rails/railtie.rb:13>>, #<Rails::Initializable::Initializer:0x000055ac59e49098 @name="factory_bot.set_factory_paths", @context=#<FactoryBotRails::Railtie:0x000055ac587d1ef0 ...>, @options={:after=>"factory_bot.set_fixture_replacement", :group=>:default}, @block=#<Proc:0x000055ac5876a980 /home/t-ohsuga/.rbenv/versions/3.0.0/lib/ruby/gems/3.0.0/gems/factory_bot_rails-6.2.0/lib/factory_bot_rails/railtie.rb:17>>]>, #<Webdrivers::Railtie:0x000055ac5a1341e0 @initializers=[]>, #<Hamlit::Railtie:0x000055ac5a134118 @initializers=[#<Rails::Initializable::Initializer:0x000055ac59e3bc90 @name=:hamlit, @context=#<Hamlit::Railtie:0x000055ac5a134118 ...>, @options={:before=>:load_config_initializers, :group=>:default}, @block=#<Proc:0x000055ac5af51d40 /home/t-ohsuga/.rbenv/versions/3.0.0/lib/ruby/gems/3.0.0/gems/hamlit-2.15.0/lib/hamlit/railtie.rb:6>>]>, #<Haml::Rails::Railtie:0x000055ac5af50670 @config=#<Rails::Railtie::Configuration:0x000055ac5af50580>, @initializers=[#<Rails::Initializable::Initializer:0x000055ac59e3ad40 @name="hamlit_rails.configure_template_digestor", @context=#<Haml::Rails::Railtie:0x000055ac5af50670 ...>, @options={:group=>:default}, @block=#<Proc:0x000055ac5af503f0 /home/t-ohsuga/.rbenv/versions/3.0.0/lib/ruby/gems/3.0.0/gems/hamlit-rails-0.2.3/lib/hamlit-rails.rb:16>>, #<Rails::Initializable::Initializer:0x000055ac59e3aca0 @name="hamlit_rails.configure_source_annotation", @context=#<Haml::Rails::Railtie:0x000055ac5af50670 ...>, @options={:after=>"hamlit_rails.configure_template_digestor", :group=>:default}, @block=#<Proc:0x000055ac5af63f90 /home/t-ohsuga/.rbenv/versions/3.0.0/lib/ruby/gems/3.0.0/gems/hamlit-rails-0.2.3/lib/hamlit-rails.rb:45>>]>, #<OmniAuth::RailsCsrfProtection::Railtie:0x000055ac5a1348e8 @initializers=[#<Rails::Initializable::Initializer:0x000055ac59e39828 @name="omniauth-rails_csrf_protection.initialize", @context=#<OmniAuth::RailsCsrfProtection::Railtie:0x000055ac5a1348e8 ...>, @options={:group=>:default}, @block=#<Proc:0x000055ac5b384098 /home/t-ohsuga/.rbenv/versions/3.0.0/lib/ruby/gems/3.0.0/gems/omniauth-rails_csrf_protection-0.1.2/lib/omniauth/rails_csrf_protection/railtie.rb:6>>]>, #<RailsI18n::Railtie:0x000055ac5a12fdc0 @initializers=[#<Rails::Initializable::Initializer:0x000055ac59e39120 @name="rails-i18n", @context=#<RailsI18n::Railtie:0x000055ac5a12fdc0 ...>, @options={:group=>:default}, @block=#<Proc:0x000055ac5b39e2e0 /home/t-ohsuga/.rbenv/versions/3.0.0/lib/ruby/gems/3.0.0/gems/rails-i18n-6.0.0/lib/rails_i18n/railtie.rb:5>>]>, #<ActiveStorageValidations::Railtie:0x000055ac5a12fcd0 @initializers=[]>, #<Kaminari::Railtie:0x000055ac5a12fb90 @initializers=[#<Rails::Initializable::Initializer:0x000055ac59e38270 @name="kaminari", @context=#<Kaminari::Railtie:0x000055ac5a12fb90 ...>, @options={:group=>:default}, @block=#<Proc:0x000055ac5b4ab0e8 /home/t-ohsuga/.rbenv/versions/3.0.0/lib/ruby/gems/3.0.0/gems/kaminari-core-1.2.1/lib/kaminari/railtie.rb:6>>]>, #<Hashie::Railtie:0x000055ac5a12f988 @initializers=[#<Rails::Initializable::Initializer:0x000055ac59e2f1e8 @name="hashie.configure_logger", @context=#<Hashie::Railtie:0x000055ac5a12f988 ...>, @options={:after=>"initialize_logger", :group=>:default}, @block=#<Proc:0x000055ac5b7b69b8 /home/t-ohsuga/.rbenv/versions/3.0.0/lib/ruby/gems/3.0.0/gems/hashie-4.1.0/lib/hashie/railtie.rb:7>>, #<Rails::Initializable::Initializer:0x000055ac59e2f0d0 @name="hashie.patch_hash_except", @context=#<Hashie::Railtie:0x000055ac5a12f988 ...>, @options={:after=>"load_active_support", :group=>:default}, @block=#<Proc:0x000055ac5b7b6850 /home/t-ohsuga/.rbenv/versions/3.0.0/lib/ruby/gems/3.0.0/gems/hashie-4.1.0/lib/hashie/railtie.rb:11>>]>, #<Searckick::Railtie:0x000055ac5a12f8e8 @initializers=[]>, #<ActionView::Railtie:0x000055ac592454e0 @_all_autoload_paths=[], @_all_load_paths=["/home/t-ohsuga/.rbenv/versions/3.0.0/lib/ruby/gems/3.0.0/gems/actionview-6.1.3.2/lib"], @app=nil, @config=#<Rails::Engine::Configuration:0x000055ac5923eeb0 @root=#<Pathname:/home/t-ohsuga/.rbenv/versions/3.0.0/lib/ruby/gems/3.0.0/gems/actionview-6.1.3.2>, @generators=#<Rails::Configuration::Generators:0x000055ac5923ebe0 @aliases={}, @options={}, @fallbacks={}, @templates=[], @colorize_logging=true, @api_only=false, @hidden_namespaces=["sass"], @after_generate_callbacks=[]>, @middleware=#<Rails::Configuration::MiddlewareStackProxy:0x000055ac5923ea50 @operations=[], @delete_operations=[]>, @javascript_path="javascript", @paths=#<Rails::Paths::Root:0x000055ac5a25baf0 @path=#<Pathname:/home/t-ohsuga/.rbenv/versions/3.0.0/lib/ruby/gems/3.0.0/gems/actionview-6.1.3.2>, @root={"app"=>#<Rails::Paths::Path:0x000055ac5a25b848 @paths=["app"], @current="app", @root=#<Rails::Paths::Root:0x000055ac5a25baf0 ...>, @glob="{*,*/concerns}", @exclude=["assets", "javascript"], @autoload_once=false, @eager_load=true, @autoload=false, @load_path=false>, "app/assets"=>#<Rails::Paths::Path:0x000055ac5a25b208 @paths=["app/assets"], @current="app/assets", @root=#<Rails::Paths::Root:0x000055ac5a25baf0 ...>, @glob="*", @exclude=nil, @autoload_once=false, @eager_load=false, @autoload=false, @load_path=false>, "app/controllers"=>#<Rails::Paths::Path:0x000055ac5a25b0a0 @paths=["app/controllers"], @current="app/controllers", @root=#<Rails::Paths::Root:0x000055ac5a25baf0 ...>, @glob=nil, @exclude=nil, @autoload_once=false, @eager_load=true, @autoload=false, @load_path=false>, "app/channels"=>#<Rails::Paths::Path:0x000055ac5a25afd8 @paths=["app/channels"], @current="app/channels", @root=#<Rails::Paths::Root:0x000055ac5a25baf0 ...>, @glob="**/*_channel.rb", @exclude=nil, @autoload_once=false, @eager_load=true, @autoload=false, @load_path=false>, "app/helpers"=>#<Rails::Paths::Path:0x000055ac5a25aee8 @paths=["app/helpers"], @current="app/helpers", @root=#<Rails::Paths::Root:0x000055ac5a25baf0 ...>, @glob=nil, @exclude=nil, @autoload_once=false, @eager_load=true, @autoload=false, @load_path=false>, "app/models"=>#<Rails::Paths::Path:0x000055ac5a25ae20 @paths=["app/models"], @current="app/models", @root=#<Rails::Paths::Root:0x000055ac5a25baf0 ...>, @glob=nil, @exclude=nil, @autoload_once=false, @eager_load=true, @autoload=false, @load_path=false>, "app/mailers"=>#<Rails::Paths::Path:0x000055ac5a25ad08 @paths=["app/mailers"], @current="app/mailers", @root=#<Rails::Paths::Root:0x000055ac5a25baf0 ...>, @glob=nil, @exclude=nil, @autoload_once=false, @eager_load=true, @autoload=false, @load_path=false>, "app/views"=>#<Rails::Paths::Path:0x000055ac5a25abf0 @paths=["app/views"], @current="app/views", @root=#<Rails::Paths::Root:0x000055ac5a25baf0 ...>, @glob=nil, @exclude=nil, @autoload_once=false, @eager_load=false, @autoload=false, @load_path=false>, "lib"=>#<Rails::Paths::Path:0x000055ac5a25ab50 @paths=["lib"], @current="lib", @root=#<Rails::Paths::Root:0x000055ac5a25baf0 ...>, @glob=nil, @exclude=nil, @autoload_once=false, @eager_load=false, @autoload=false, @load_path=true>, "lib/assets"=>#<Rails::Paths::Path:0x000055ac5a25a808 @paths=["lib/assets"], @current="lib/assets", @root=#<Rails::Paths::Root:0x000055ac5a25baf0 ...>, @glob="*", @exclude=nil, @autoload_once=false, @eager_load=false, @autoload=false, @load_path=false>, "lib/tasks"=>#<Rails::Paths::Path:0x000055ac5a25a628 @paths=["lib/tasks"], @current="lib/tasks", @root=#<Rails::Paths::Root:0x000055ac5a25baf0 ...>, @glob="**/*.rake", @exclude=nil, @autoload_once=false, @eager_load=false, @autoload=false, @load_path=false>, "config"=>#<Rails::Paths::Path:0x000055ac5a25a588 @paths=["config"], @current="config", @root=#<Rails::Paths::Root:0x000055ac5a25baf0 ...>, @glob=nil, @exclude=nil, @autoload_once=false, @eager_load=false, @autoload=false, @load_path=false>, "config/environments"=>#<Rails::Paths::Path:0x000055ac5a25a498 @paths=["config/environments"], @current="config/environments", @root=#<Rails::Paths::Root:0x000055ac5a25baf0 ...>, @glob="test.rb", @exclude=nil, @autoload_once=false, @eager_load=false, @autoload=false, @load_path=false>, "config/initializers"=>#<Rails::Paths::Path:0x000055ac5a25a3d0 @paths=["config/initializers"], @current="config/initializers", @root=#<Rails::Paths::Root:0x000055ac5a25baf0 ...>, @glob="**/*.rb", @exclude=nil, @autoload_once=false, @eager_load=false, @autoload=false, @load_path=false>, "config/locales"=>#<Rails::Paths::Path:0x000055ac5a25a1c8 @paths=["config/locales"], @current="config/locales", @root=#<Rails::Paths::Root:0x000055ac5a25baf0 ...>, @glob="*.{rb,yml}", @exclude=nil, @autoload_once=false, @eager_load=false, @autoload=false, @load_path=false>, "config/routes.rb"=>#<Rails::Paths::Path:0x000055ac5a25a100 @paths=["config/routes.rb"], @current="config/routes.rb", @root=#<Rails::Paths::Root:0x000055ac5a25baf0 ...>, @glob=nil, @exclude=nil, @autoload_once=false, @eager_load=false, @autoload=false, @load_path=false>, "config/routes"=>#<Rails::Paths::Path:0x000055ac5a259f20 @paths=["config/routes"], @current="config/routes", @root=#<Rails::Paths::Root:0x000055ac5a25baf0 ...>, @glob="**/*.rb", @exclude=nil, @autoload_once=false, @eager_load=false, @autoload=false, @load_path=false>, "db"=>#<Rails::Paths::Path:0x000055ac5a259e58 @paths=["db"], @current="db", @root=#<Rails::Paths::Root:0x000055ac5a25baf0 ...>, @glob=nil, @exclude=nil, @autoload_once=false, @eager_load=false, @autoload=false, @load_path=false>, "db/migrate"=>#<Rails::Paths::Path:0x000055ac5a259db8 @paths=["db/migrate"], @current="db/migrate", @root=#<Rails::Paths::Root:0x000055ac5a25baf0 ...>, @glob=nil, @exclude=nil, @autoload_once=false, @eager_load=false, @autoload=false, @load_path=false>, "db/seeds.rb"=>#<Rails::Paths::Path:0x000055ac5a259c50 @paths=["db/seeds.rb"], @current="db/seeds.rb", @root=#<Rails::Paths::Root:0x000055ac5a25baf0 ...>, @glob=nil, @exclude=nil, @autoload_once=false, @eager_load=false, @autoload=false, @load_path=false>, "vendor"=>#<Rails::Paths::Path:0x000055ac5a259b38 @paths=["vendor"], @current="vendor", @root=#<Rails::Paths::Root:0x000055ac5a25baf0 ...>, @glob=nil, @exclude=nil, @autoload_once=false, @eager_load=false, @autoload=false, @load_path=true>, "vendor/assets"=>#<Rails::Paths::Path:0x000055ac5a259a20 @paths=["vendor/assets"], @current="vendor/assets", @root=#<Rails::Paths::Root:0x000055ac5a25baf0 ...>, @glob="*", @exclude=nil, @autoload_once=false, @eager_load=false, @autoload=false, @load_path=false>}>, @autoload_paths=[], @eager_load_paths=[], @autoload_once_paths=[]>, @env_config=nil, @helpers=nil, @routes=#<ActionDispatch::Routing::RouteSet:0x000055ac5b7c2740>, @app_build_lock=#<Thread::Mutex:0x000055ac59245490>, @initializers=[#<Rails::Initializable::Initializer:0x000055ac59e2c7e0 @name=:load_environment_config, @context=#<ActionView::Railtie:0x000055ac592454e0 ...>, @options={:before=>:load_environment_hook, :group=>:all}, @block=#<Proc:0x000055ac58fb6620 /home/t-ohsuga/.rbenv/versions/3.0.0/lib/ruby/gems/3.0.0/gems/railties-6.1.3.2/lib/rails/engine.rb:569>>, #<Rails::Initializable::Initializer:0x000055ac59e2c790 @name=:set_load_path, @context=#<ActionView::Railtie:0x000055ac592454e0 ...>, @options={:before=>:bootstrap_hook, :after=>:load_environment_config, :group=>:default}, @block=#<Proc:0x000055ac58fb6418 /home/t-ohsuga/.rbenv/versions/3.0.0/lib/ruby/gems/3.0.0/gems/railties-6.1.3.2/lib/rails/engine.rb:575>>, #<Rails::Initializable::Initializer:0x000055ac59e2c628 @name=:set_autoload_paths, @context=#<ActionView::Railtie:0x000055ac592454e0 ...>, @options={:before=>:bootstrap_hook, :after=>:set_load_path, :group=>:default}, @block=#<Proc:0x000055ac58fb6210 /home/t-ohsuga/.rbenv/versions/3.0.0/lib/ruby/gems/3.0.0/gems/railties-6.1.3.2/lib/rails/engine.rb:587>>, #<Rails::Initializable::Initializer:0x000055ac59e2c560 @name=:set_eager_load_paths, @context=#<ActionView::Railtie:0x000055ac592454e0 ...>, @options={:before=>:bootstrap_hook, :after=>:set_autoload_paths, :group=>:default}, @block=#<Proc:0x000055ac58fb60f8 /home/t-ohsuga/.rbenv/versions/3.0.0/lib/ruby/gems/3.0.0/gems/railties-6.1.3.2/lib/rails/engine.rb:595>>, #<Rails::Initializable::Initializer:0x000055ac59e2c510 @name=:add_routing_paths, @context=#<ActionView::Railtie:0x000055ac592454e0 ...>, @options={:after=>:set_eager_load_paths, :group=>:default}, @block=#<Proc:0x000055ac58fb5fb8 /home/t-ohsuga/.rbenv/versions/3.0.0/lib/ruby/gems/3.0.0/gems/railties-6.1.3.2/lib/rails/engine.rb:600>>, #<Rails::Initializable::Initializer:0x000055ac59e2c498 @name=:add_locales, @context=#<ActionView::Railtie:0x000055ac592454e0 ...>, @options={:after=>:add_routing_paths, :group=>:default}, @block=#<Proc:0x000055ac58fb5ea0 /home/t-ohsuga/.rbenv/versions/3.0.0/lib/ruby/gems/3.0.0/gems/railties-6.1.3.2/lib/rails/engine.rb:614>>, #<Rails::Initializable::Initializer:0x000055ac59e2c448 @name=:add_view_paths, @context=#<ActionView::Railtie:0x000055ac592454e0 ...>, @options={:after=>:add_locales, :group=>:default}, @block=#<Proc:0x000055ac58fb5d10 /home/t-ohsuga/.rbenv/versions/3.0.0/lib/ruby/gems/3.0.0/gems/railties-6.1.3.2/lib/rails/engine.rb:618>>, #<Rails::Initializable::Initializer:0x000055ac59e2c178 @name=:prepend_helpers_path, @context=#<ActionView::Railtie:0x000055ac592454e0 ...>, @options={:after=>:add_view_paths, :group=>:default}, @block=#<Proc:0x000055ac58fb5bf8 /home/t-ohsuga/.rbenv/versions/3.0.0/lib/ruby/gems/3.0.0/gems/railties-6.1.3.2/lib/rails/engine.rb:626>>, #<Rails::Initializable::Initializer:0x000055ac59e2fa80 @name=:load_config_initializers, @context=#<ActionView::Railtie:0x000055ac592454e0 ...>, @options={:after=>:prepend_helpers_path, :group=>:default}, @block=#<Proc:0x000055ac58fb5ab8 /home/t-ohsuga/.rbenv/versions/3.0.0/lib/ruby/gems/3.0.0/gems/railties-6.1.3.2/lib/rails/engine.rb:632>>, #<Rails::Initializable::Initializer:0x000055ac59e23c58 @name=:wrap_executor_around_load_seed, @context=#<ActionView::Railtie:0x000055ac592454e0 ...>, @options={:after=>:load_config_initializers, :group=>:default}, @block=#<Proc:0x000055ac58fb59a0 /home/t-ohsuga/.rbenv/versions/3.0.0/lib/ruby/gems/3.0.0/gems/railties-6.1.3.2/lib/rails/engine.rb:638>>, #<Rails::Initializable::Initializer:0x000055ac59e23b40 @name=:engines_blank_point, @context=#<ActionView::Railtie:0x000055ac592454e0 ...>, @options={:after=>:wrap_executor_around_load_seed, :group=>:default}, @block=#<Proc:0x000055ac58fb57e8 /home/t-ohsuga/.rbenv/versions/3.0.0/lib/ruby/gems/3.0.0/gems/railties-6.1.3.2/lib/rails/engine.rb:644>>, #<Rails::Initializable::Initializer:0x000055ac59e23a00 @name=:append_assets_path, @context=#<ActionView::Railtie:0x000055ac592454e0 ...>, @options={:group=>:all, :after=>:engines_blank_point}, @block=#<Proc:0x000055ac59e2d7a8 /home/t-ohsuga/.rbenv/versions/3.0.0/lib/ruby/gems/3.0.0/gems/sprockets-rails-3.2.2/lib/sprockets/railtie.rb:57>>, #<Rails::Initializable::Initializer:0x000055ac59e23960 @name="action_view.logger", @context=#<ActionView::Railtie:0x000055ac592454e0 ...>, @options={:group=>:default}, @block=#<Proc:0x000055ac5923e028 /home/t-ohsuga/.rbenv/versions/3.0.0/lib/ruby/gems/3.0.0/gems/actionview-6.1.3.2/lib/action_view/railtie.rb:58>>, #<Rails::Initializable::Initializer:0x000055ac59e238c0 @name="action_view.caching", @context=#<ActionView::Railtie:0x000055ac592454e0 ...>, @options={:after=>"action_view.logger", :group=>:default}, @block=#<Proc:0x000055ac5923de98 /home/t-ohsuga/.rbenv/versions/3.0.0/lib/ruby/gems/3.0.0/gems/actionview-6.1.3.2/lib/action_view/railtie.rb:62>>, #<Rails::Initializable::Initializer:0x000055ac59e23848 @name="action_view.setup_action_pack", @context=#<ActionView::Railtie:0x000055ac592454e0 ...>, @options={:after=>"action_view.caching", :group=>:default}, @block=#<Proc:0x000055ac5923dd08 /home/t-ohsuga/.rbenv/versions/3.0.0/lib/ruby/gems/3.0.0/gems/actionview-6.1.3.2/lib/action_view/railtie.rb:70>>, #<Rails::Initializable::Initializer:0x000055ac59e237a8 @name="action_view.collection_caching", @context=#<ActionView::Railtie:0x000055ac592454e0 ...>, @options={:after=>"action_controller.set_configs", :group=>:default}, @block=#<Proc:0x000055ac5923dbf0 /home/t-ohsuga/.rbenv/versions/3.0.0/lib/ruby/gems/3.0.0/gems/actionview-6.1.3.2/lib/action_view/railtie.rb:76>>]>, #<ActiveStorage::Engine:0x000055ac596a2fb0 @_all_autoload_paths=["/home/t-ohsuga/.rbenv/versions/3.0.0/lib/ruby/gems/3.0.0/gems/activestorage-6.1.3.2/app/controllers", "/home/t-ohsuga/.rbenv/versions/3.0.0/lib/ruby/gems/3.0.0/gems/activestorage-6.1.3.2/app/controllers/concerns", "/home/t-ohsuga/.rbenv/versions/3.0.0/lib/ruby/gems/3.0.0/gems/activestorage-6.1.3.2/app/jobs", "/home/t-ohsuga/.rbenv/versions/3.0.0/lib/ruby/gems/3.0.0/gems/activestorage-6.1.3.2/app/models"], @_all_load_paths=["/home/t-ohsuga/.rbenv/versions/3.0.0/lib/ruby/gems/3.0.0/gems/activestorage-6.1.3.2/lib", "/home/t-ohsuga/.rbenv/versions/3.0.0/lib/ruby/gems/3.0.0/gems/activestorage-6.1.3.2/app/controllers", "/home/t-ohsuga/.rbenv/versions/3.0.0/lib/ruby/gems/3.0.0/gems/activestorage-6.1.3.2/app/controllers/concerns", "/home/t-ohsuga/.rbenv/versions/3.0.0/lib/ruby/gems/3.0.0/gems/activestorage-6.1.3.2/app/jobs", "/home/t-ohsuga/.rbenv/versions/3.0.0/lib/ruby/gems/3.0.0/gems/activestorage-6.1.3.2/app/models"], @app=nil, @config=#<Rails::Engine::Configuration:0x000055ac5923c458 @root=#<Pathname:/home/t-ohsuga/.rbenv/versions/3.0.0/lib/ruby/gems/3.0.0/gems/activestorage-6.1.3.2>, @generators=#<Rails::Configuration::Generators:0x000055ac5923c3b8 @aliases={}, @options={:rails=>{:orm=>:active_record}, :active_record=>{:migration=>true, :timestamps=>true}}, @fallbacks={}, @templates=[], @colorize_logging=true, @api_only=false, @hidden_namespaces=["sass"], @after_generate_callbacks=[]>, @middleware=#<Rails::Configuration::MiddlewareStackProxy:0x000055ac59237f70 @operations=[], @delete_operations=[]>, @javascript_path="javascript", @paths=#<Rails::Paths::Root:0x000055ac5a2590e8 @path=#<Pathname:/home/t-ohsuga/.rbenv/versions/3.0.0/lib/ruby/gems/3.0.0/gems/activestorage-6.1.3.2>, @root={"app"=>#<Rails::Paths::Path:0x000055ac5a258ff8 @paths=["app"], @current="app", @root=#<Rails::Paths::Root:0x000055ac5a2590e8 ...>, @glob="{*,*/concerns}", @exclude=["assets", "javascript"], @autoload_once=false, @eager_load=true, @autoload=false, @load_path=false>, "app/assets"=>#<Rails::Paths::Path:0x000055ac5a258f30 @paths=["app/assets"], @current="app/assets", @root=#<Rails::Paths::Root:0x000055ac5a2590e8 ...>, @glob="*", @exclude=nil, @autoload_once=false, @eager_load=false, @autoload=false, @load_path=false>, "app/controllers"=>#<Rails::Paths::Path:0x000055ac5a258af8 @paths=["app/controllers"], @current="app/controllers", @root=#<Rails::Paths::Root:0x000055ac5a2590e8 ...>, @glob=nil, @exclude=nil, @autoload_once=false, @eager_load=true, @autoload=false, @load_path=false>, "app/channels"=>#<Rails::Paths::Path:0x000055ac5a258a80 @paths=["app/channels"], @current="app/channels", @root=#<Rails::Paths::Root:0x000055ac5a2590e8 ...>, @glob="**/*_channel.rb", @exclude=nil, @autoload_once=false, @eager_load=true, @autoload=false, @load_path=false>, "app/helpers"=>#<Rails::Paths::Path:0x000055ac5a258990 @paths=["app/helpers"], @current="app/helpers", @root=#<Rails::Paths::Root:0x000055ac5a2590e8 ...>, @glob=nil, @exclude=nil, @autoload_once=false, @eager_load=true, @autoload=false, @load_path=false>, "app/models"=>#<Rails::Paths::Path:0x000055ac5a2588a0 @paths=["app/models"], @current="app/models", @root=#<Rails::Paths::Root:0x000055ac5a2590e8 ...>, @glob=nil, @exclude=nil, @autoload_once=false, @eager_load=true, @autoload=false, @load_path=false>, "app/mailers"=>#<Rails::Paths::Path:0x000055ac5a258800 @paths=["app/mailers"], @current="app/mailers", @root=#<Rails::Paths::Root:0x000055ac5a2590e8 ...>, @glob=nil, @exclude=nil, @autoload_once=false, @eager_load=true, @autoload=false, @load_path=false>, "app/views"=>#<Rails::Paths::Path:0x000055ac5a258738 @paths=["app/views"], @current="app/views", @root=#<Rails::Paths::Root:0x000055ac5a2590e8 ...>, @glob=nil, @exclude=nil, @autoload_once=false, @eager_load=false, @autoload=false, @load_path=false>, "lib"=>#<Rails::Paths::Path:0x000055ac5a258698 @paths=["lib"], @current="lib", @root=#<Rails::Paths::Root:0x000055ac5a2590e8 ...>, @glob=nil, @exclude=nil, @autoload_once=false, @eager_load=false, @autoload=false, @load_path=true>, "lib/assets"=>#<Rails::Paths::Path:0x000055ac5a2585d0 @paths=["lib/assets"], @current="lib/assets", @root=#<Rails::Paths::Root:0x000055ac5a2590e8 ...>, @glob="*", @exclude=nil, @autoload_once=false, @eager_load=false, @autoload=false, @load_path=false>, "lib/tasks"=>#<Rails::Paths::Path:0x000055ac5a258350 @paths=["lib/tasks"], @current="lib/tasks", @root=#<Rails::Paths::Root:0x000055ac5a2590e8 ...>, @glob="**/*.rake", @exclude=nil, @autoload_once=false, @eager_load=false, @autoload=false, @load_path=false>, "config"=>#<Rails::Paths::Path:0x000055ac5a258288 @paths=["config"], @current="config", @root=#<Rails::Paths::Root:0x000055ac5a2590e8 ...>, @glob=nil, @exclude=nil, @autoload_once=false, @eager_load=false, @autoload=false, @load_path=false>, "config/environments"=>#<Rails::Paths::Path:0x000055ac5a258198 @paths=["config/environments"], @current="config/environments", @root=#<Rails::Paths::Root:0x000055ac5a2590e8 ...>, @glob="test.rb", @exclude=nil, @autoload_once=false, @eager_load=false, @autoload=false, @load_path=false>, "config/initializers"=>#<Rails::Paths::Path:0x000055ac5a2580f8 @paths=["config/initializers"], @current="config/initializers", @root=#<Rails::Paths::Root:0x000055ac5a2590e8 ...>, @glob="**/*.rb", @exclude=nil, @autoload_once=false, @eager_load=false, @autoload=false, @load_path=false>, "config/locales"=>#<Rails::Paths::Path:0x000055ac5a258008 @paths=["config/locales"], @current="config/locales", @root=#<Rails::Paths::Root:0x000055ac5a2590e8 ...>, @glob="*.{rb,yml}", @exclude=nil, @autoload_once=false, @eager_load=false, @autoload=false, @load_path=false>, "config/routes.rb"=>#<Rails::Paths::Path:0x000055ac5a24ff98 @paths=["config/routes.rb"], @current="config/routes.rb", @root=#<Rails::Paths::Root:0x000055ac5a2590e8 ...>, @glob=nil, @exclude=nil, @autoload_once=false, @eager_load=false, @autoload=false, @load_path=false>, "config/routes"=>#<Rails::Paths::Path:0x000055ac5a24fd40 @paths=["config/routes"], @current="config/routes", @root=#<Rails::Paths::Root:0x000055ac5a2590e8 ...>, @glob="**/*.rb", @exclude=nil, @autoload_once=false, @eager_load=false, @autoload=false, @load_path=false>, "db"=>#<Rails::Paths::Path:0x000055ac5a24fbb0 @paths=["db"], @current="db", @root=#<Rails::Paths::Root:0x000055ac5a2590e8 ...>, @glob=nil, @exclude=nil, @autoload_once=false, @eager_load=false, @autoload=false, @load_path=false>, "db/migrate"=>#<Rails::Paths::Path:0x000055ac5a24f9a8 @paths=["db/migrate"], @current="db/migrate", @root=#<Rails::Paths::Root:0x000055ac5a2590e8 ...>, @glob=nil, @exclude=nil, @autoload_once=false, @eager_load=false, @autoload=false, @load_path=false>, "db/seeds.rb"=>#<Rails::Paths::Path:0x000055ac5a24f908 @paths=["db/seeds.rb"], @current="db/seeds.rb", @root=#<Rails::Paths::Root:0x000055ac5a2590e8 ...>, @glob=nil, @exclude=nil, @autoload_once=false, @eager_load=false, @autoload=false, @load_path=false>, "vendor"=>#<Rails::Paths::Path:0x000055ac5a24f750 @paths=["vendor"], @current="vendor", @root=#<Rails::Paths::Root:0x000055ac5a2590e8 ...>, @glob=nil, @exclude=nil, @autoload_once=false, @eager_load=false, @autoload=false, @load_path=true>, "vendor/assets"=>#<Rails::Paths::Path:0x000055ac5a24f6d8 @paths=["vendor/assets"], @current="vendor/assets", @root=#<Rails::Paths::Root:0x000055ac5a2590e8 ...>, @glob="*", @exclude=nil, @autoload_once=false, @eager_load=false, @autoload=false, @load_path=false>}>, @autoload_paths=[], @eager_load_paths=["/home/t-ohsuga/.rbenv/versions/3.0.0/lib/ruby/gems/3.0.0/gems/activestorage-6.1.3.2/app/controllers", "/home/t-ohsuga/.rbenv/versions/3.0.0/lib/ruby/gems/3.0.0/gems/activestorage-6.1.3.2/app/controllers/concerns", "/home/t-ohsuga/.rbenv/versions/3.0.0/lib/ruby/gems/3.0.0/gems/activestorage-6.1.3.2/app/jobs", "/home/t-ohsuga/.rbenv/versions/3.0.0/lib/ruby/gems/3.0.0/gems/activestorage-6.1.3.2/app/models"], @autoload_once_paths=[]>, @env_config=nil, @helpers=nil, @routes=#<ActionDispatch::Routing::RouteSet:0x000055ac59237a98>, @app_build_lock=#<Thread::Mutex:0x000055ac596a2f88>, @initializers=[#<Rails::Initializable::Initializer:0x000055ac59e22e98 @name=:load_environment_config, @context=#<ActiveStorage::Engine:0x000055ac596a2fb0 ...>, @options={:before=>:load_environment_hook, :group=>:all}, @block=#<Proc:0x000055ac58fb6620 /home/t-ohsuga/.rbenv/versions/3.0.0/lib/ruby/gems/3.0.0/gems/railties-6.1.3.2/lib/rails/engine.rb:569>>, #<Rails::Initializable::Initializer:0x000055ac59e22e48 @name=:set_load_path, @context=#<ActiveStorage::Engine:0x000055ac596a2fb0 ...>, @options={:before=>:bootstrap_hook, :after=>:load_environment_config, :group=>:default}, @block=#<Proc:0x000055ac58fb6418 /home/t-ohsuga/.rbenv/versions/3.0.0/lib/ruby/gems/3.0.0/gems/railties-6.1.3.2/lib/rails/engine.rb:575>>, #<Rails::Initializable::Initializer:0x000055ac59e22da8 @name=:set_autoload_paths, @context=#<ActiveStorage::Engine:0x000055ac596a2fb0 ...>, @options={:before=>:bootstrap_hook, :after=>:set_load_path, :group=>:default}, @block=#<Proc:0x000055ac58fb6210 /home/t-ohsuga/.rbenv/versions/3.0.0/lib/ruby/gems/3.0.0/gems/railties-6.1.3.2/lib/rails/engine.rb:587>>, #<Rails::Initializable::Initializer:0x000055ac59e22d30 @name=:set_eager_load_paths, @context=#<ActiveStorage::Engine:0x000055ac596a2fb0 ...>, @options={:before=>:bootstrap_hook, :after=>:set_autoload_paths, :group=>:default}, @block=#<Proc:0x000055ac58fb60f8 /home/t-ohsuga/.rbenv/versions/3.0.0/lib/ruby/gems/3.0.0/gems/railties-6.1.3.2/lib/rails/engine.rb:595>>, #<Rails::Initializable::Initializer:0x000055ac59e22c90 @name=:add_routing_paths, @context=#<ActiveStorage::Engine:0x000055ac596a2fb0 ...>, @options={:after=>:set_eager_load_paths, :group=>:default}, @block=#<Proc:0x000055ac58fb5fb8 /home/t-ohsuga/.rbenv/versions/3.0.0/lib/ruby/gems/3.0.0/gems/railties-6.1.3.2/lib/rails/engine.rb:600>>, #<Rails::Initializable::Initializer:0x000055ac59e22bf0 @name=:add_locales, @context=#<ActiveStorage::Engine:0x000055ac596a2fb0 ...>, @options={:after=>:add_routing_paths, :group=>:default}, @block=#<Proc:0x000055ac58fb5ea0 /home/t-ohsuga/.rbenv/versions/3.0.0/lib/ruby/gems/3.0.0/gems/railties-6.1.3.2/lib/rails/engine.rb:614>>, #<Rails::Initializable::Initializer:0x000055ac59e22b78 @name=:add_view_paths, @context=#<ActiveStorage::Engine:0x000055ac596a2fb0 ...>, @options={:after=>:add_locales, :group=>:default}, @block=#<Proc:0x000055ac58fb5d10 /home/t-ohsuga/.rbenv/versions/3.0.0/lib/ruby/gems/3.0.0/gems/railties-6.1.3.2/lib/rails/engine.rb:618>>, #<Rails::Initializable::Initializer:0x000055ac59e22b28 @name=:prepend_helpers_path, @context=#<ActiveStorage::Engine:0x000055ac596a2fb0 ...>, @options={:after=>:add_view_paths, :group=>:default}, @block=#<Proc:0x000055ac58fb5bf8 /home/t-ohsuga/.rbenv/versions/3.0.0/lib/ruby/gems/3.0.0/gems/railties-6.1.3.2/lib/rails/engine.rb:626>>, #<Rails::Initializable::Initializer:0x000055ac59e229e8 @name=:load_config_initializers, @context=#<ActiveStorage::Engine:0x000055ac596a2fb0 ...>, @options={:after=>:prepend_helpers_path, :group=>:default}, @block=#<Proc:0x000055ac58fb5ab8 /home/t-ohsuga/.rbenv/versions/3.0.0/lib/ruby/gems/3.0.0/gems/railties-6.1.3.2/lib/rails/engine.rb:632>>, #<Rails::Initializable::Initializer:0x000055ac59e22970 @name=:wrap_executor_around_load_seed, @context=#<ActiveStorage::Engine:0x000055ac596a2fb0 ...>, @options={:after=>:load_config_initializers, :group=>:default}, @block=#<Proc:0x000055ac58fb59a0 /home/t-ohsuga/.rbenv/versions/3.0.0/lib/ruby/gems/3.0.0/gems/railties-6.1.3.2/lib/rails/engine.rb:638>>, #<Rails::Initializable::Initializer:0x000055ac59e228d0 @name=:engines_blank_point, @context=#<ActiveStorage::Engine:0x000055ac596a2fb0 ...>, @options={:after=>:wrap_executor_around_load_seed, :group=>:default}, @block=#<Proc:0x000055ac58fb57e8 /home/t-ohsuga/.rbenv/versions/3.0.0/lib/ruby/gems/3.0.0/gems/railties-6.1.3.2/lib/rails/engine.rb:644>>, #<Rails::Initializable::Initializer:0x000055ac59e22858 @name=:append_assets_path, @context=#<ActiveStorage::Engine:0x000055ac596a2fb0 ...>, @options={:group=>:all, :after=>:engines_blank_point}, @block=#<Proc:0x000055ac59e2d7a8 /home/t-ohsuga/.rbenv/versions/3.0.0/lib/ruby/gems/3.0.0/gems/sprockets-rails-3.2.2/lib/sprockets/railtie.rb:57>>, #<Rails::Initializable::Initializer:0x000055ac59e227e0 @name="active_storage.configs", @context=#<ActiveStorage::Engine:0x000055ac596a2fb0 ...>, @options={:group=>:default}, @block=#<Proc:0x000055ac59235518 /home/t-ohsuga/.rbenv/versions/3.0.0/lib/ruby/gems/3.0.0/gems/activestorage-6.1.3.2/lib/active_storage/engine.rb:78>>, #<Rails::Initializable::Initializer:0x000055ac59e22718 @name="active_storage.attached", @context=#<ActiveStorage::Engine:0x000055ac596a2fb0 ...>, @options={:after=>"active_storage.configs", :group=>:default}, @block=#<Proc:0x000055ac592353b0 /home/t-ohsuga/.rbenv/versions/3.0.0/lib/ruby/gems/3.0.0/gems/activestorage-6.1.3.2/lib/active_storage/engine.rb:101>>, #<Rails::Initializable::Initializer:0x000055ac59e226a0 @name="active_storage.verifier", @context=#<ActiveStorage::Engine:0x000055ac596a2fb0 ...>, @options={:after=>"active_storage.attached", :group=>:default}, @block=#<Proc:0x000055ac59235298 /home/t-ohsuga/.rbenv/versions/3.0.0/lib/ruby/gems/3.0.0/gems/activestorage-6.1.3.2/lib/active_storage/engine.rb:109>>, #<Rails::Initializable::Initializer:0x000055ac59e22588 @name="active_storage.services", @context=#<ActiveStorage::Engine:0x000055ac596a2fb0 ...>, @options={:after=>"active_storage.verifier", :group=>:default}, @block=#<Proc:0x000055ac59235130 /home/t-ohsuga/.rbenv/versions/3.0.0/lib/ruby/gems/3.0.0/gems/activestorage-6.1.3.2/lib/active_storage/engine.rb:115>>, #<Rails::Initializable::Initializer:0x000055ac59e22498 @name="active_storage.queues", @context=#<ActiveStorage::Engine:0x000055ac596a2fb0 ...>, @options={:after=>"active_storage.services", :group=>:default}, @block=#<Proc:0x000055ac59234f78 /home/t-ohsuga/.rbenv/versions/3.0.0/lib/ruby/gems/3.0.0/gems/activestorage-6.1.3.2/lib/active_storage/engine.rb:134>>, #<Rails::Initializable::Initializer:0x000055ac59e22420 @name="active_storage.reflection", @context=#<ActiveStorage::Engine:0x000055ac596a2fb0 ...>, @options={:after=>"active_storage.queues", :group=>:default}, @block=#<Proc:0x000055ac59234e60 /home/t-ohsuga/.rbenv/versions/3.0.0/lib/ruby/gems/3.0.0/gems/activestorage-6.1.3.2/lib/active_storage/engine.rb:140>>]>, #<Webpacker::Engine:0x000055ac5a451620 @_all_autoload_paths=[], @_all_load_paths=["/home/t-ohsuga/.rbenv/versions/3.0.0/lib/ruby/gems/3.0.0/gems/webpacker-5.4.0/lib"], @app=nil, @config=#<Rails::Engine::Configuration:0x000055ac5a451210 @root=#<Pathname:/home/t-ohsuga/.rbenv/versions/3.0.0/lib/ruby/gems/3.0.0/gems/webpacker-5.4.0>, @generators=#<Rails::Configuration::Generators:0x000055ac5a4511c0 @aliases={}, @options={:rails=>{:orm=>:active_record, :test_framework=>:test_unit, :integration_tool=>:test_unit, :system_tests=>:test_unit, :stylesheet_engine=>:scss}, :active_record=>{:migration=>true, :timestamps=>true}, :test_unit=>{:fixture=>true, :fixture_replacement=>nil}}, @fallbacks={}, @templates=[], @colorize_logging=true, @api_only=false, @hidden_namespaces=["sass"], @after_generate_callbacks=[]>, @middleware=#<Rails::Configuration::MiddlewareStackProxy:0x000055ac5a450f18 @operations=[], @delete_operations=[]>, @javascript_path="javascript", @paths=#<Rails::Paths::Root:0x000055ac5a24ec60 @path=#<Pathname:/home/t-ohsuga/.rbenv/versions/3.0.0/lib/ruby/gems/3.0.0/gems/webpacker-5.4.0>, @root={"app"=>#<Rails::Paths::Path:0x000055ac5a24eaa8 @paths=["app"], @current="app", @root=#<Rails::Paths::Root:0x000055ac5a24ec60 ...>, @glob="{*,*/concerns}", @exclude=["assets", "javascript"], @autoload_once=false, @eager_load=true, @autoload=false, @load_path=false>, "app/assets"=>#<Rails::Paths::Path:0x000055ac5a24e558 @paths=["app/assets"], @current="app/assets", @root=#<Rails::Paths::Root:0x000055ac5a24ec60 ...>, @glob="*", @exclude=nil, @autoload_once=false, @eager_load=false, @autoload=false, @load_path=false>, "app/controllers"=>#<Rails::Paths::Path:0x000055ac5a24e288 @paths=["app/controllers"], @current="app/controllers", @root=#<Rails::Paths::Root:0x000055ac5a24ec60 ...>, @glob=nil, @exclude=nil, @autoload_once=false, @eager_load=true, @autoload=false, @load_path=false>, "app/channels"=>#<Rails::Paths::Path:0x000055ac5a24d2e8 @paths=["app/channels"], @current="app/channels", @root=#<Rails::Paths::Root:0x000055ac5a24ec60 ...>, @glob="**/*_channel.rb", @exclude=nil, @autoload_once=false, @eager_load=true, @autoload=false, @load_path=false>, "app/helpers"=>#<Rails::Paths::Path:0x000055ac5a24d1d0 @paths=["app/helpers"], @current="app/helpers", @root=#<Rails::Paths::Root:0x000055ac5a24ec60 ...>, @glob=nil, @exclude=nil, @autoload_once=false, @eager_load=true, @autoload=false, @load_path=false>, "app/models"=>#<Rails::Paths::Path:0x000055ac5a24d158 @paths=["app/models"], @current="app/models", @root=#<Rails::Paths::Root:0x000055ac5a24ec60 ...>, @glob=nil, @exclude=nil, @autoload_once=false, @eager_load=true, @autoload=false, @load_path=false>, "app/mailers"=>#<Rails::Paths::Path:0x000055ac5a24d0b8 @paths=["app/mailers"], @current="app/mailers", @root=#<Rails::Paths::Root:0x000055ac5a24ec60 ...>, @glob=nil, @exclude=nil, @autoload_once=false, @eager_load=true, @autoload=false, @load_path=false>, "app/views"=>#<Rails::Paths::Path:0x000055ac5a24d040 @paths=["app/views"], @current="app/views", @root=#<Rails::Paths::Root:0x000055ac5a24ec60 ...>, @glob=nil, @exclude=nil, @autoload_once=false, @eager_load=false, @autoload=false, @load_path=false>, "lib"=>#<Rails::Paths::Path:0x000055ac5a24cfc8 @paths=["lib"], @current="lib", @root=#<Rails::Paths::Root:0x000055ac5a24ec60 ...>, @glob=nil, @exclude=nil, @autoload_once=false, @eager_load=false, @autoload=false, @load_path=true>, "lib/assets"=>#<Rails::Paths::Path:0x000055ac5a24cf28 @paths=["lib/assets"], @current="lib/assets", @root=#<Rails::Paths::Root:0x000055ac5a24ec60 ...>, @glob="*", @exclude=nil, @autoload_once=false, @eager_load=false, @autoload=false, @load_path=false>, "lib/tasks"=>#<Rails::Paths::Path:0x000055ac5a24ceb0 @paths=["lib/tasks"], @current="lib/tasks", @root=#<Rails::Paths::Root:0x000055ac5a24ec60 ...>, @glob="**/*.rake", @exclude=nil, @autoload_once=false, @eager_load=false, @autoload=false, @load_path=false>, "config"=>#<Rails::Paths::Path:0x000055ac5a24ce10 @paths=["config"], @current="config", @root=#<Rails::Paths::Root:0x000055ac5a24ec60 ...>, @glob=nil, @exclude=nil, @autoload_once=false, @eager_load=false, @autoload=false, @load_path=false>, "config/environments"=>#<Rails::Paths::Path:0x000055ac5a24cd20 @paths=["config/environments"], @current="config/environments", @root=#<Rails::Paths::Root:0x000055ac5a24ec60 ...>, @glob="test.rb", @exclude=nil, @autoload_once=false, @eager_load=false, @autoload=false, @load_path=false>, "config/initializers"=>#<Rails::Paths::Path:0x000055ac5a24cca8 @paths=["config/initializers"], @current="config/initializers", @root=#<Rails::Paths::Root:0x000055ac5a24ec60 ...>, @glob="**/*.rb", @exclude=nil, @autoload_once=false, @eager_load=false, @autoload=false, @load_path=false>, "config/locales"=>#<Rails::Paths::Path:0x000055ac5a24cb90 @paths=["config/locales"], @current="config/locales", @root=#<Rails::Paths::Root:0x000055ac5a24ec60 ...>, @glob="*.{rb,yml}", @exclude=nil, @autoload_once=false, @eager_load=false, @autoload=false, @load_path=false>, "config/routes.rb"=>#<Rails::Paths::Path:0x000055ac5a24ca50 @paths=["config/routes.rb"], @current="config/routes.rb", @root=#<Rails::Paths::Root:0x000055ac5a24ec60 ...>, @glob=nil, @exclude=nil, @autoload_once=false, @eager_load=false, @autoload=false, @load_path=false>, "config/routes"=>#<Rails::Paths::Path:0x000055ac5a24c910 @paths=["config/routes"], @current="config/routes", @root=#<Rails::Paths::Root:0x000055ac5a24ec60 ...>, @glob="**/*.rb", @exclude=nil, @autoload_once=false, @eager_load=false, @autoload=false, @load_path=false>, "db"=>#<Rails::Paths::Path:0x000055ac5a24c898 @paths=["db"], @current="db", @root=#<Rails::Paths::Root:0x000055ac5a24ec60 ...>, @glob=nil, @exclude=nil, @autoload_once=false, @eager_load=false, @autoload=false, @load_path=false>, "db/migrate"=>#<Rails::Paths::Path:0x000055ac5a24c7a8 @paths=["db/migrate"], @current="db/migrate", @root=#<Rails::Paths::Root:0x000055ac5a24ec60 ...>, @glob=nil, @exclude=nil, @autoload_once=false, @eager_load=false, @autoload=false, @load_path=false>, "db/seeds.rb"=>#<Rails::Paths::Path:0x000055ac5a24c6e0 @paths=["db/seeds.rb"], @current="db/seeds.rb", @root=#<Rails::Paths::Root:0x000055ac5a24ec60 ...>, @glob=nil, @exclude=nil, @autoload_once=false, @eager_load=false, @autoload=false, @load_path=false>, "vendor"=>#<Rails::Paths::Path:0x000055ac5a24c618 @paths=["vendor"], @current="vendor", @root=#<Rails::Paths::Root:0x000055ac5a24ec60 ...>, @glob=nil, @exclude=nil, @autoload_once=false, @eager_load=false, @autoload=false, @load_path=true>, "vendor/assets"=>#<Rails::Paths::Path:0x000055ac5a24c578 @paths=["vendor/assets"], @current="vendor/assets", @root=#<Rails::Paths::Root:0x000055ac5a24ec60 ...>, @glob="*", @exclude=nil, @autoload_once=false, @eager_load=false, @autoload=false, @load_path=false>}>, @autoload_paths=[], @eager_load_paths=[], @autoload_once_paths=[]>, @env_config=nil, @helpers=nil, @routes=#<ActionDispatch::Routing::RouteSet:0x000055ac5b7b45a0>, @app_build_lock=#<Thread::Mutex:0x000055ac5a4515f8>, @initializers=[#<Rails::Initializable::Initializer:0x000055ac59e20a08 @name=:load_environment_config, @context=#<Webpacker::Engine:0x000055ac5a451620 ...>, @options={:before=>:load_environment_hook, :group=>:all}, @block=#<Proc:0x000055ac58fb6620 /home/t-ohsuga/.rbenv/versions/3.0.0/lib/ruby/gems/3.0.0/gems/railties-6.1.3.2/lib/rails/engine.rb:569>>, #<Rails::Initializable::Initializer:0x000055ac59e20800 @name=:set_load_path, @context=#<Webpacker::Engine:0x000055ac5a451620 ...>, @options={:before=>:bootstrap_hook, :after=>:load_environment_config, :group=>:default}, @block=#<Proc:0x000055ac58fb6418 /home/t-ohsuga/.rbenv/versions/3.0.0/lib/ruby/gems/3.0.0/gems/railties-6.1.3.2/lib/rails/engine.rb:575>>, #<Rails::Initializable::Initializer:0x000055ac59e204b8 @name=:set_autoload_paths, @context=#<Webpacker::Engine:0x000055ac5a451620 ...>, @options={:before=>:bootstrap_hook, :after=>:set_load_path, :group=>:default}, @block=#<Proc:0x000055ac58fb6210 /home/t-ohsuga/.rbenv/versions/3.0.0/lib/ruby/gems/3.0.0/gems/railties-6.1.3.2/lib/rails/engine.rb:587>>, #<Rails::Initializable::Initializer:0x000055ac59e20260 @name=:set_eager_load_paths, @context=#<Webpacker::Engine:0x000055ac5a451620 ...>, @options={:before=>:bootstrap_hook, :after=>:set_autoload_paths, :group=>:default}, @block=#<Proc:0x000055ac58fb60f8 /home/t-ohsuga/.rbenv/versions/3.0.0/lib/ruby/gems/3.0.0/gems/railties-6.1.3.2/lib/rails/engine.rb:595>>, #<Rails::Initializable::Initializer:0x000055ac59e20058 @name=:add_routing_paths, @context=#<Webpacker::Engine:0x000055ac5a451620 ...>, @options={:after=>:set_eager_load_paths, :group=>:default}, @block=#<Proc:0x000055ac58fb5fb8 /home/t-ohsuga/.rbenv/versions/3.0.0/lib/ruby/gems/3.0.0/gems/railties-6.1.3.2/lib/rails/engine.rb:600>>, #<Rails::Initializable::Initializer:0x000055ac59e21728 @name=:add_locales, @context=#<Webpacker::Engine:0x000055ac5a451620 ...>, @options={:after=>:add_routing_paths, :group=>:default}, @block=#<Proc:0x000055ac58fb5ea0 /home/t-ohsuga/.rbenv/versions/3.0.0/lib/ruby/gems/3.0.0/gems/railties-6.1.3.2/lib/rails/engine.rb:614>>, #<Rails::Initializable::Initializer:0x000055ac59e23ca8 @name=:add_view_paths, @context=#<Webpacker::Engine:0x000055ac5a451620 ...>, @options={:after=>:add_locales, :group=>:default}, @block=#<Proc:0x000055ac58fb5d10 /home/t-ohsuga/.rbenv/versions/3.0.0/lib/ruby/gems/3.0.0/gems/railties-6.1.3.2/lib/rails/engine.rb:618>>, #<Rails::Initializable::Initializer:0x000055ac59e13ee8 @name=:prepend_helpers_path, @context=#<Webpacker::Engine:0x000055ac5a451620 ...>, @options={:after=>:add_view_paths, :group=>:default}, @block=#<Proc:0x000055ac58fb5bf8 /home/t-ohsuga/.rbenv/versions/3.0.0/lib/ruby/gems/3.0.0/gems/railties-6.1.3.2/lib/rails/engine.rb:626>>, #<Rails::Initializable::Initializer:0x000055ac59e13d58 @name=:load_config_initializers, @context=#<Webpacker::Engine:0x000055ac5a451620 ...>, @options={:after=>:prepend_helpers_path, :group=>:default}, @block=#<Proc:0x000055ac58fb5ab8 /home/t-ohsuga/.rbenv/versions/3.0.0/lib/ruby/gems/3.0.0/gems/railties-6.1.3.2/lib/rails/engine.rb:632>>, #<Rails::Initializable::Initializer:0x000055ac59e13c90 @name=:wrap_executor_around_load_seed, @context=#<Webpacker::Engine:0x000055ac5a451620 ...>, @options={:after=>:load_config_initializers, :group=>:default}, @block=#<Proc:0x000055ac58fb59a0 /home/t-ohsuga/.rbenv/versions/3.0.0/lib/ruby/gems/3.0.0/gems/railties-6.1.3.2/lib/rails/engine.rb:638>>, #<Rails::Initializable::Initializer:0x000055ac59e13b50 @name=:engines_blank_point, @context=#<Webpacker::Engine:0x000055ac5a451620 ...>, @options={:after=>:wrap_executor_around_load_seed, :group=>:default}, @block=#<Proc:0x000055ac58fb57e8 /home/t-ohsuga/.rbenv/versions/3.0.0/lib/ruby/gems/3.0.0/gems/railties-6.1.3.2/lib/rails/engine.rb:644>>, #<Rails::Initializable::Initializer:0x000055ac59e139c0 @name=:append_assets_path, @context=#<Webpacker::Engine:0x000055ac5a451620 ...>, @options={:group=>:all, :after=>:engines_blank_point}, @block=#<Proc:0x000055ac59e2d7a8 /home/t-ohsuga/.rbenv/versions/3.0.0/lib/ruby/gems/3.0.0/gems/sprockets-rails-3.2.2/lib/sprockets/railtie.rb:57>>, #<Rails::Initializable::Initializer:0x000055ac59e13920 @name="webpacker.proxy", @context=#<Webpacker::Engine:0x000055ac5a451620 ...>, @options={:group=>:default}, @block=#<Proc:0x000055ac5a450d38 /home/t-ohsuga/.rbenv/versions/3.0.0/lib/ruby/gems/3.0.0/gems/webpacker-5.4.0/lib/webpacker/railtie.rb:10>>, #<Rails::Initializable::Initializer:0x000055ac59e13880 @name="webpacker.helper", @context=#<Webpacker::Engine:0x000055ac5a451620 ...>, @options={:after=>"webpacker.proxy", :group=>:default}, @block=#<Proc:0x000055ac5a450c20 /home/t-ohsuga/.rbenv/versions/3.0.0/lib/ruby/gems/3.0.0/gems/webpacker-5.4.0/lib/webpacker/railtie.rb:19>>, #<Rails::Initializable::Initializer:0x000055ac59e13718 @name="webpacker.logger", @context=#<Webpacker::Engine:0x000055ac5a451620 ...>, @options={:after=>"webpacker.helper", :group=>:default}, @block=#<Proc:0x000055ac5a450b08 /home/t-ohsuga/.rbenv/versions/3.0.0/lib/ruby/gems/3.0.0/gems/webpacker-5.4.0/lib/webpacker/railtie.rb:29>>, #<Rails::Initializable::Initializer:0x000055ac59e13650 @name="webpacker.bootstrap", @context=#<Webpacker::Engine:0x000055ac5a451620 ...>, @options={:after=>"webpacker.logger", :group=>:default}, @block=#<Proc:0x000055ac5a4509f0 /home/t-ohsuga/.rbenv/versions/3.0.0/lib/ruby/gems/3.0.0/gems/webpacker-5.4.0/lib/webpacker/railtie.rb:39>>, #<Rails::Initializable::Initializer:0x000055ac59e13588 @name="webpacker.set_source", @context=#<Webpacker::Engine:0x000055ac5a451620 ...>, @options={:after=>"webpacker.bootstrap", :group=>:default}, @block=#<Proc:0x000055ac5a4508d8 /home/t-ohsuga/.rbenv/versions/3.0.0/lib/ruby/gems/3.0.0/gems/webpacker-5.4.0/lib/webpacker/railtie.rb:50>>]>, #<Turbolinks::Engine:0x000055ac5a477c30 @_all_autoload_paths=[], @_all_load_paths=["/home/t-ohsuga/.rbenv/versions/3.0.0/lib/ruby/gems/3.0.0/gems/turbolinks-5.2.1/lib"], @app=nil, @config=#<Rails::Engine::Configuration:0x000055ac5a477910 @root=#<Pathname:/home/t-ohsuga/.rbenv/versions/3.0.0/lib/ruby/gems/3.0.0/gems/turbolinks-5.2.1>, @generators=#<Rails::Configuration::Generators:0x000055ac5a4778e8 @aliases={}, @options={:rails=>{:orm=>:active_record, :test_framework=>:test_unit, :integration_tool=>:test_unit, :system_tests=>:test_unit, :stylesheet_engine=>:scss}, :active_record=>{:migration=>true, :timestamps=>true}, :test_unit=>{:fixture=>true, :fixture_replacement=>nil}}, @fallbacks={}, @templates=[], @colorize_logging=true, @api_only=false, @hidden_namespaces=["sass"], @after_generate_callbacks=[]>, @middleware=#<Rails::Configuration::MiddlewareStackProxy:0x000055ac5a4777a8 @operations=[], @delete_operations=[]>, @javascript_path="javascript", @paths=#<Rails::Paths::Root:0x000055ac5a247d48 @path=#<Pathname:/home/t-ohsuga/.rbenv/versions/3.0.0/lib/ruby/gems/3.0.0/gems/turbolinks-5.2.1>, @root={"app"=>#<Rails::Paths::Path:0x000055ac5a247c58 @paths=["app"], @current="app", @root=#<Rails::Paths::Root:0x000055ac5a247d48 ...>, @glob="{*,*/concerns}", @exclude=["assets", "javascript"], @autoload_once=false, @eager_load=true, @autoload=false, @load_path=false>, "app/assets"=>#<Rails::Paths::Path:0x000055ac5a2479d8 @paths=["app/assets"], @current="app/assets", @root=#<Rails::Paths::Root:0x000055ac5a247d48 ...>, @glob="*", @exclude=nil, @autoload_once=false, @eager_load=false, @autoload=false, @load_path=false>, "app/controllers"=>#<Rails::Paths::Path:0x000055ac5a247960 @paths=["app/controllers"], @current="app/controllers", @root=#<Rails::Paths::Root:0x000055ac5a247d48 ...>, @glob=nil, @exclude=nil, @autoload_once=false, @eager_load=true, @autoload=false, @load_path=false>, "app/channels"=>#<Rails::Paths::Path:0x000055ac5a247898 @paths=["app/channels"], @current="app/channels", @root=#<Rails::Paths::Root:0x000055ac5a247d48 ...>, @glob="**/*_channel.rb", @exclude=nil, @autoload_once=false, @eager_load=true, @autoload=false, @load_path=false>, "app/helpers"=>#<Rails::Paths::Path:0x000055ac5a2476b8 @paths=["app/helpers"], @current="app/helpers", @root=#<Rails::Paths::Root:0x000055ac5a247d48 ...>, @glob=nil, @exclude=nil, @autoload_once=false, @eager_load=true, @autoload=false, @load_path=false>, "app/models"=>#<Rails::Paths::Path:0x000055ac5a247618 @paths=["app/models"], @current="app/models", @root=#<Rails::Paths::Root:0x000055ac5a247d48 ...>, @glob=nil, @exclude=nil, @autoload_once=false, @eager_load=true, @autoload=false, @load_path=false>, "app/mailers"=>#<Rails::Paths::Path:0x000055ac5a247410 @paths=["app/mailers"], @current="app/mailers", @root=#<Rails::Paths::Root:0x000055ac5a247d48 ...>, @glob=nil, @exclude=nil, @autoload_once=false, @eager_load=true, @autoload=false, @load_path=false>, "app/views"=>#<Rails::Paths::Path:0x000055ac5a247348 @paths=["app/views"], @current="app/views", @root=#<Rails::Paths::Root:0x000055ac5a247d48 ...>, @glob=nil, @exclude=nil, @autoload_once=false, @eager_load=false, @autoload=false, @load_path=false>, "lib"=>#<Rails::Paths::Path:0x000055ac5a247168 @paths=["lib"], @current="lib", @root=#<Rails::Paths::Root:0x000055ac5a247d48 ...>, @glob=nil, @exclude=nil, @autoload_once=false, @eager_load=false, @autoload=false, @load_path=true>, "lib/assets"=>#<Rails::Paths::Path:0x000055ac5a2470c8 @paths=["lib/assets"], @current="lib/assets", @root=#<Rails::Paths::Root:0x000055ac5a247d48 ...>, @glob="*", @exclude=nil, @autoload_once=false, @eager_load=false, @autoload=false, @load_path=false>, "lib/tasks"=>#<Rails::Paths::Path:0x000055ac5a246fb0 @paths=["lib/tasks"], @current="lib/tasks", @root=#<Rails::Paths::Root:0x000055ac5a247d48 ...>, @glob="**/*.rake", @exclude=nil, @autoload_once=false, @eager_load=false, @autoload=false, @load_path=false>, "config"=>#<Rails::Paths::Path:0x000055ac5a246e70 @paths=["config"], @current="config", @root=#<Rails::Paths::Root:0x000055ac5a247d48 ...>, @glob=nil, @exclude=nil, @autoload_once=false, @eager_load=false, @autoload=false, @load_path=false>, "config/environments"=>#<Rails::Paths::Path:0x000055ac5a246d58 @paths=["config/environments"], @current="config/environments", @root=#<Rails::Paths::Root:0x000055ac5a247d48 ...>, @glob="test.rb", @exclude=nil, @autoload_once=false, @eager_load=false, @autoload=false, @load_path=false>, "config/initializers"=>#<Rails::Paths::Path:0x000055ac5a246b78 @paths=["config/initializers"], @current="config/initializers", @root=#<Rails::Paths::Root:0x000055ac5a247d48 ...>, @glob="**/*.rb", @exclude=nil, @autoload_once=false, @eager_load=false, @autoload=false, @load_path=false>, "config/locales"=>#<Rails::Paths::Path:0x000055ac5a246ad8 @paths=["config/locales"], @current="config/locales", @root=#<Rails::Paths::Root:0x000055ac5a247d48 ...>, @glob="*.{rb,yml}", @exclude=nil, @autoload_once=false, @eager_load=false, @autoload=false, @load_path=false>, "config/routes.rb"=>#<Rails::Paths::Path:0x000055ac5a2468d0 @paths=["config/routes.rb"], @current="config/routes.rb", @root=#<Rails::Paths::Root:0x000055ac5a247d48 ...>, @glob=nil, @exclude=nil, @autoload_once=false, @eager_load=false, @autoload=false, @load_path=false>, "config/routes"=>#<Rails::Paths::Path:0x000055ac5a246830 @paths=["config/routes"], @current="config/routes", @root=#<Rails::Paths::Root:0x000055ac5a247d48 ...>, @glob="**/*.rb", @exclude=nil, @autoload_once=false, @eager_load=false, @autoload=false, @load_path=false>, "db"=>#<Rails::Paths::Path:0x000055ac5a246510 @paths=["db"], @current="db", @root=#<Rails::Paths::Root:0x000055ac5a247d48 ...>, @glob=nil, @exclude=nil, @autoload_once=false, @eager_load=false, @autoload=false, @load_path=false>, "db/migrate"=>#<Rails::Paths::Path:0x000055ac5a2463f8 @paths=["db/migrate"], @current="db/migrate", @root=#<Rails::Paths::Root:0x000055ac5a247d48 ...>, @glob=nil, @exclude=nil, @autoload_once=false, @eager_load=false, @autoload=false, @load_path=false>, "db/seeds.rb"=>#<Rails::Paths::Path:0x000055ac5a2460d8 @paths=["db/seeds.rb"], @current="db/seeds.rb", @root=#<Rails::Paths::Root:0x000055ac5a247d48 ...>, @glob=nil, @exclude=nil, @autoload_once=false, @eager_load=false, @autoload=false, @load_path=false>, "vendor"=>#<Rails::Paths::Path:0x000055ac5a245f98 @paths=["vendor"], @current="vendor", @root=#<Rails::Paths::Root:0x000055ac5a247d48 ...>, @glob=nil, @exclude=nil, @autoload_once=false, @eager_load=false, @autoload=false, @load_path=true>, "vendor/assets"=>#<Rails::Paths::Path:0x000055ac5a245e80 @paths=["vendor/assets"], @current="vendor/assets", @root=#<Rails::Paths::Root:0x000055ac5a247d48 ...>, @glob="*", @exclude=nil, @autoload_once=false, @eager_load=false, @autoload=false, @load_path=false>}>, @autoload_paths=[], @eager_load_paths=[], @autoload_once_paths=[]>, @env_config=nil, @helpers=nil, @routes=#<ActionDispatch::Routing::RouteSet:0x000055ac5b7af500>, @app_build_lock=#<Thread::Mutex:0x000055ac5a477c08>, @initializers=[#<Rails::Initializable::Initializer:0x000055ac59e124a8 @name=:load_environment_config, @context=#<Turbolinks::Engine:0x000055ac5a477c30 ...>, @options={:before=>:load_environment_hook, :group=>:all}, @block=#<Proc:0x000055ac58fb6620 /home/t-ohsuga/.rbenv/versions/3.0.0/lib/ruby/gems/3.0.0/gems/railties-6.1.3.2/lib/rails/engine.rb:569>>, #<Rails::Initializable::Initializer:0x000055ac59e12458 @name=:set_load_path, @context=#<Turbolinks::Engine:0x000055ac5a477c30 ...>, @options={:before=>:bootstrap_hook, :after=>:load_environment_config, :group=>:default}, @block=#<Proc:0x000055ac58fb6418 /home/t-ohsuga/.rbenv/versions/3.0.0/lib/ruby/gems/3.0.0/gems/railties-6.1.3.2/lib/rails/engine.rb:575>>, #<Rails::Initializable::Initializer:0x000055ac59e123e0 @name=:set_autoload_paths, @context=#<Turbolinks::Engine:0x000055ac5a477c30 ...>, @options={:before=>:bootstrap_hook, :after=>:set_load_path, :group=>:default}, @block=#<Proc:0x000055ac58fb6210 /home/t-ohsuga/.rbenv/versions/3.0.0/lib/ruby/gems/3.0.0/gems/railties-6.1.3.2/lib/rails/engine.rb:587>>, #<Rails::Initializable::Initializer:0x000055ac59e122a0 @name=:set_eager_load_paths, @context=#<Turbolinks::Engine:0x000055ac5a477c30 ...>, @options={:before=>:bootstrap_hook, :after=>:set_autoload_paths, :group=>:default}, @block=#<Proc:0x000055ac58fb60f8 /home/t-ohsuga/.rbenv/versions/3.0.0/lib/ruby/gems/3.0.0/gems/railties-6.1.3.2/lib/rails/engine.rb:595>>, #<Rails::Initializable::Initializer:0x000055ac59e12200 @name=:add_routing_paths, @context=#<Turbolinks::Engine:0x000055ac5a477c30 ...>, @options={:after=>:set_eager_load_paths, :group=>:default}, @block=#<Proc:0x000055ac58fb5fb8 /home/t-ohsuga/.rbenv/versions/3.0.0/lib/ruby/gems/3.0.0/gems/railties-6.1.3.2/lib/rails/engine.rb:600>>, #<Rails::Initializable::Initializer:0x000055ac59e12160 @name=:add_locales, @context=#<Turbolinks::Engine:0x000055ac5a477c30 ...>, @options={:after=>:add_routing_paths, :group=>:default}, @block=#<Proc:0x000055ac58fb5ea0 /home/t-ohsuga/.rbenv/versions/3.0.0/lib/ruby/gems/3.0.0/gems/railties-6.1.3.2/lib/rails/engine.rb:614>>, #<Rails::Initializable::Initializer:0x000055ac59e12098 @name=:add_view_paths, @context=#<Turbolinks::Engine:0x000055ac5a477c30 ...>, @options={:after=>:add_locales, :group=>:default}, @block=#<Proc:0x000055ac58fb5d10 /home/t-ohsuga/.rbenv/versions/3.0.0/lib/ruby/gems/3.0.0/gems/railties-6.1.3.2/lib/rails/engine.rb:618>>, #<Rails::Initializable::Initializer:0x000055ac59e11ff8 @name=:prepend_helpers_path, @context=#<Turbolinks::Engine:0x000055ac5a477c30 ...>, @options={:after=>:add_view_paths, :group=>:default}, @block=#<Proc:0x000055ac58fb5bf8 /home/t-ohsuga/.rbenv/versions/3.0.0/lib/ruby/gems/3.0.0/gems/railties-6.1.3.2/lib/rails/engine.rb:626>>, #<Rails::Initializable::Initializer:0x000055ac59e11f30 @name=:load_config_initializers, @context=#<Turbolinks::Engine:0x000055ac5a477c30 ...>, @options={:after=>:prepend_helpers_path, :group=>:default}, @block=#<Proc:0x000055ac58fb5ab8 /home/t-ohsuga/.rbenv/versions/3.0.0/lib/ruby/gems/3.0.0/gems/railties-6.1.3.2/lib/rails/engine.rb:632>>, #<Rails::Initializable::Initializer:0x000055ac59e11ee0 @name=:wrap_executor_around_load_seed, @context=#<Turbolinks::Engine:0x000055ac5a477c30 ...>, @options={:after=>:load_config_initializers, :group=>:default}, @block=#<Proc:0x000055ac58fb59a0 /home/t-ohsuga/.rbenv/versions/3.0.0/lib/ruby/gems/3.0.0/gems/railties-6.1.3.2/lib/rails/engine.rb:638>>, #<Rails::Initializable::Initializer:0x000055ac59e11e68 @name=:engines_blank_point, @context=#<Turbolinks::Engine:0x000055ac5a477c30 ...>, @options={:after=>:wrap_executor_around_load_seed, :group=>:default}, @block=#<Proc:0x000055ac58fb57e8 /home/t-ohsuga/.rbenv/versions/3.0.0/lib/ruby/gems/3.0.0/gems/railties-6.1.3.2/lib/rails/engine.rb:644>>, #<Rails::Initializable::Initializer:0x000055ac59e11e18 @name=:append_assets_path, @context=#<Turbolinks::Engine:0x000055ac5a477c30 ...>, @options={:group=>:all, :after=>:engines_blank_point}, @block=#<Proc:0x000055ac59e2d7a8 /home/t-ohsuga/.rbenv/versions/3.0.0/lib/ruby/gems/3.0.0/gems/sprockets-rails-3.2.2/lib/sprockets/railtie.rb:57>>, #<Rails::Initializable::Initializer:0x000055ac59e11dc8 @name=:turbolinks, @context=#<Turbolinks::Engine:0x000055ac5a477c30 ...>, @options={:group=>:default}, @block=#<Proc:0x000055ac5a4772d0 /home/t-ohsuga/.rbenv/versions/3.0.0/lib/ruby/gems/3.0.0/gems/turbolinks-5.2.1/lib/turbolinks.rb:20>>]>, #<Haml::Rails::Engine:0x000055ac5af511b0 @_all_autoload_paths=[], @_all_load_paths=["/home/t-ohsuga/.rbenv/versions/3.0.0/lib/ruby/gems/3.0.0/gems/hamlit-rails-0.2.3/lib"], @app=nil, @config=#<Rails::Engine::Configuration:0x000055ac5af50df0 @root=#<Pathname:/home/t-ohsuga/.rbenv/versions/3.0.0/lib/ruby/gems/3.0.0/gems/hamlit-rails-0.2.3>, @generators=#<Rails::Configuration::Generators:0x000055ac5af50d28 @aliases={}, @options={:rails=>{:orm=>:active_record, :test_framework=>:test_unit, :integration_tool=>:test_unit, :system_tests=>:test_unit, :stylesheet_engine=>:scss}, :active_record=>{:migration=>true, :timestamps=>true}, :test_unit=>{:fixture=>true, :fixture_replacement=>nil}}, @fallbacks={}, @templates=[], @colorize_logging=true, @api_only=false, @hidden_namespaces=["sass"], @after_generate_callbacks=[]>, @middleware=#<Rails::Configuration::MiddlewareStackProxy:0x000055ac5af509e0 @operations=[], @delete_operations=[]>, @javascript_path="javascript", @paths=#<Rails::Paths::Root:0x000055ac5a2455c0 @path=#<Pathname:/home/t-ohsuga/.rbenv/versions/3.0.0/lib/ruby/gems/3.0.0/gems/hamlit-rails-0.2.3>, @root={"app"=>#<Rails::Paths::Path:0x000055ac5a2452c8 @paths=["app"], @current="app", @root=#<Rails::Paths::Root:0x000055ac5a2455c0 ...>, @glob="{*,*/concerns}", @exclude=["assets", "javascript"], @autoload_once=false, @eager_load=true, @autoload=false, @load_path=false>, "app/assets"=>#<Rails::Paths::Path:0x000055ac5a2450e8 @paths=["app/assets"], @current="app/assets", @root=#<Rails::Paths::Root:0x000055ac5a2455c0 ...>, @glob="*", @exclude=nil, @autoload_once=false, @eager_load=false, @autoload=false, @load_path=false>, "app/controllers"=>#<Rails::Paths::Path:0x000055ac5a245020 @paths=["app/controllers"], @current="app/controllers", @root=#<Rails::Paths::Root:0x000055ac5a2455c0 ...>, @glob=nil, @exclude=nil, @autoload_once=false, @eager_load=true, @autoload=false, @load_path=false>, "app/channels"=>#<Rails::Paths::Path:0x000055ac5a244e68 @paths=["app/channels"], @current="app/channels", @root=#<Rails::Paths::Root:0x000055ac5a2455c0 ...>, @glob="**/*_channel.rb", @exclude=nil, @autoload_once=false, @eager_load=true, @autoload=false, @load_path=false>, "app/helpers"=>#<Rails::Paths::Path:0x000055ac5a244d50 @paths=["app/helpers"], @current="app/helpers", @root=#<Rails::Paths::Root:0x000055ac5a2455c0 ...>, @glob=nil, @exclude=nil, @autoload_once=false, @eager_load=true, @autoload=false, @load_path=false>, "app/models"=>#<Rails::Paths::Path:0x000055ac5a244be8 @paths=["app/models"], @current="app/models", @root=#<Rails::Paths::Root:0x000055ac5a2455c0 ...>, @glob=nil, @exclude=nil, @autoload_once=false, @eager_load=true, @autoload=false, @load_path=false>, "app/mailers"=>#<Rails::Paths::Path:0x000055ac5a244a30 @paths=["app/mailers"], @current="app/mailers", @root=#<Rails::Paths::Root:0x000055ac5a2455c0 ...>, @glob=nil, @exclude=nil, @autoload_once=false, @eager_load=true, @autoload=false, @load_path=false>, "app/views"=>#<Rails::Paths::Path:0x000055ac5a244990 @paths=["app/views"], @current="app/views", @root=#<Rails::Paths::Root:0x000055ac5a2455c0 ...>, @glob=nil, @exclude=nil, @autoload_once=false, @eager_load=false, @autoload=false, @load_path=false>, "lib"=>#<Rails::Paths::Path:0x000055ac5a2447d8 @paths=["lib"], @current="lib", @root=#<Rails::Paths::Root:0x000055ac5a2455c0 ...>, @glob=nil, @exclude=nil, @autoload_once=false, @eager_load=false, @autoload=false, @load_path=true>, "lib/assets"=>#<Rails::Paths::Path:0x000055ac5a2446c0 @paths=["lib/assets"], @current="lib/assets", @root=#<Rails::Paths::Root:0x000055ac5a2455c0 ...>, @glob="*", @exclude=nil, @autoload_once=false, @eager_load=false, @autoload=false, @load_path=false>, "lib/tasks"=>#<Rails::Paths::Path:0x000055ac5a244530 @paths=["lib/tasks"], @current="lib/tasks", @root=#<Rails::Paths::Root:0x000055ac5a2455c0 ...>, @glob="**/*.rake", @exclude=nil, @autoload_once=false, @eager_load=false, @autoload=false, @load_path=false>, "config"=>#<Rails::Paths::Path:0x000055ac5a2444b8 @paths=["config"], @current="config", @root=#<Rails::Paths::Root:0x000055ac5a2455c0 ...>, @glob=nil, @exclude=nil, @autoload_once=false, @eager_load=false, @autoload=false, @load_path=false>, "config/environments"=>#<Rails::Paths::Path:0x000055ac5a244300 @paths=["config/environments"], @current="config/environments", @root=#<Rails::Paths::Root:0x000055ac5a2455c0 ...>, @glob="test.rb", @exclude=nil, @autoload_once=false, @eager_load=false, @autoload=false, @load_path=false>, "config/initializers"=>#<Rails::Paths::Path:0x000055ac5a244260 @paths=["config/initializers"], @current="config/initializers", @root=#<Rails::Paths::Root:0x000055ac5a2455c0 ...>, @glob="**/*.rb", @exclude=nil, @autoload_once=false, @eager_load=false, @autoload=false, @load_path=false>, "config/locales"=>#<Rails::Paths::Path:0x000055ac5a2440a8 @paths=["config/locales"], @current="config/locales", @root=#<Rails::Paths::Root:0x000055ac5a2455c0 ...>, @glob="*.{rb,yml}", @exclude=nil, @autoload_once=false, @eager_load=false, @autoload=false, @load_path=false>, "config/routes.rb"=>#<Rails::Paths::Path:0x000055ac5a244008 @paths=["config/routes.rb"], @current="config/routes.rb", @root=#<Rails::Paths::Root:0x000055ac5a2455c0 ...>, @glob=nil, @exclude=nil, @autoload_once=false, @eager_load=false, @autoload=false, @load_path=false>, "config/routes"=>#<Rails::Paths::Path:0x000055ac5a237f38 @paths=["config/routes"], @current="config/routes", @root=#<Rails::Paths::Root:0x000055ac5a2455c0 ...>, @glob="**/*.rb", @exclude=nil, @autoload_once=false, @eager_load=false, @autoload=false, @load_path=false>, "db"=>#<Rails::Paths::Path:0x000055ac5a237e48 @paths=["db"], @current="db", @root=#<Rails::Paths::Root:0x000055ac5a2455c0 ...>, @glob=nil, @exclude=nil, @autoload_once=false, @eager_load=false, @autoload=false, @load_path=false>, "db/migrate"=>#<Rails::Paths::Path:0x000055ac5a237da8 @paths=["db/migrate"], @current="db/migrate", @root=#<Rails::Paths::Root:0x000055ac5a2455c0 ...>, @glob=nil, @exclude=nil, @autoload_once=false, @eager_load=false, @autoload=false, @load_path=false>, "db/seeds.rb"=>#<Rails::Paths::Path:0x000055ac5a237d08 @paths=["db/seeds.rb"], @current="db/seeds.rb", @root=#<Rails::Paths::Root:0x000055ac5a2455c0 ...>, @glob=nil, @exclude=nil, @autoload_once=false, @eager_load=false, @autoload=false, @load_path=false>, "vendor"=>#<Rails::Paths::Path:0x000055ac5a237bf0 @paths=["vendor"], @current="vendor", @root=#<Rails::Paths::Root:0x000055ac5a2455c0 ...>, @glob=nil, @exclude=nil, @autoload_once=false, @eager_load=false, @autoload=false, @load_path=true>, "vendor/assets"=>#<Rails::Paths::Path:0x000055ac5a237a88 @paths=["vendor/assets"], @current="vendor/assets", @root=#<Rails::Paths::Root:0x000055ac5a2455c0 ...>, @glob="*", @exclude=nil, @autoload_once=false, @eager_load=false, @autoload=false, @load_path=false>}>, @autoload_paths=[], @eager_load_paths=[], @autoload_once_paths=[]>, @env_config=nil, @helpers=nil, @routes=#<ActionDispatch::Routing::RouteSet:0x000055ac5b7ae498>, @app_build_lock=#<Thread::Mutex:0x000055ac5af51188>, @initializers=[#<Rails::Initializable::Initializer:0x000055ac59e110d0 @name=:load_environment_config, @context=#<Haml::Rails::Engine:0x000055ac5af511b0 ...>, @options={:before=>:load_environment_hook, :group=>:all}, @block=#<Proc:0x000055ac58fb6620 /home/t-ohsuga/.rbenv/versions/3.0.0/lib/ruby/gems/3.0.0/gems/railties-6.1.3.2/lib/rails/engine.rb:569>>, #<Rails::Initializable::Initializer:0x000055ac59e10fe0 @name=:set_load_path, @context=#<Haml::Rails::Engine:0x000055ac5af511b0 ...>, @options={:before=>:bootstrap_hook, :after=>:load_environment_config, :group=>:default}, @block=#<Proc:0x000055ac58fb6418 /home/t-ohsuga/.rbenv/versions/3.0.0/lib/ruby/gems/3.0.0/gems/railties-6.1.3.2/lib/rails/engine.rb:575>>, #<Rails::Initializable::Initializer:0x000055ac59e10f40 @name=:set_autoload_paths, @context=#<Haml::Rails::Engine:0x000055ac5af511b0 ...>, @options={:before=>:bootstrap_hook, :after=>:set_load_path, :group=>:default}, @block=#<Proc:0x000055ac58fb6210 /home/t-ohsuga/.rbenv/versions/3.0.0/lib/ruby/gems/3.0.0/gems/railties-6.1.3.2/lib/rails/engine.rb:587>>, #<Rails::Initializable::Initializer:0x000055ac59e10e00 @name=:set_eager_load_paths, @context=#<Haml::Rails::Engine:0x000055ac5af511b0 ...>, @options={:before=>:bootstrap_hook, :after=>:set_autoload_paths, :group=>:default}, @block=#<Proc:0x000055ac58fb60f8 /home/t-ohsuga/.rbenv/versions/3.0.0/lib/ruby/gems/3.0.0/gems/railties-6.1.3.2/lib/rails/engine.rb:595>>, #<Rails::Initializable::Initializer:0x000055ac59e10cc0 @name=:add_routing_paths, @context=#<Haml::Rails::Engine:0x000055ac5af511b0 ...>, @options={:after=>:set_eager_load_paths, :group=>:default}, @block=#<Proc:0x000055ac58fb5fb8 /home/t-ohsuga/.rbenv/versions/3.0.0/lib/ruby/gems/3.0.0/gems/railties-6.1.3.2/lib/rails/engine.rb:600>>, #<Rails::Initializable::Initializer:0x000055ac59e10c48 @name=:add_locales, @context=#<Haml::Rails::Engine:0x000055ac5af511b0 ...>, @options={:after=>:add_routing_paths, :group=>:default}, @block=#<Proc:0x000055ac58fb5ea0 /home/t-ohsuga/.rbenv/versions/3.0.0/lib/ruby/gems/3.0.0/gems/railties-6.1.3.2/lib/rails/engine.rb:614>>, #<Rails::Initializable::Initializer:0x000055ac59e10b58 @name=:add_view_paths, @context=#<Haml::Rails::Engine:0x000055ac5af511b0 ...>, @options={:after=>:add_locales, :group=>:default}, @block=#<Proc:0x000055ac58fb5d10 /home/t-ohsuga/.rbenv/versions/3.0.0/lib/ruby/gems/3.0.0/gems/railties-6.1.3.2/lib/rails/engine.rb:618>>, #<Rails::Initializable::Initializer:0x000055ac59e10a18 @name=:prepend_helpers_path, @context=#<Haml::Rails::Engine:0x000055ac5af511b0 ...>, @options={:after=>:add_view_paths, :group=>:default}, @block=#<Proc:0x000055ac58fb5bf8 /home/t-ohsuga/.rbenv/versions/3.0.0/lib/ruby/gems/3.0.0/gems/railties-6.1.3.2/lib/rails/engine.rb:626>>, #<Rails::Initializable::Initializer:0x000055ac59e109a0 @name=:load_config_initializers, @context=#<Haml::Rails::Engine:0x000055ac5af511b0 ...>, @options={:after=>:prepend_helpers_path, :group=>:default}, @block=#<Proc:0x000055ac58fb5ab8 /home/t-ohsuga/.rbenv/versions/3.0.0/lib/ruby/gems/3.0.0/gems/railties-6.1.3.2/lib/rails/engine.rb:632>>, #<Rails::Initializable::Initializer:0x000055ac59e10608 @name=:wrap_executor_around_load_seed, @context=#<Haml::Rails::Engine:0x000055ac5af511b0 ...>, @options={:after=>:load_config_initializers, :group=>:default}, @block=#<Proc:0x000055ac58fb59a0 /home/t-ohsuga/.rbenv/versions/3.0.0/lib/ruby/gems/3.0.0/gems/railties-6.1.3.2/lib/rails/engine.rb:638>>, #<Rails::Initializable::Initializer:0x000055ac59e10590 @name=:engines_blank_point, @context=#<Haml::Rails::Engine:0x000055ac5af511b0 ...>, @options={:after=>:wrap_executor_around_load_seed, :group=>:default}, @block=#<Proc:0x000055ac58fb57e8 /home/t-ohsuga/.rbenv/versions/3.0.0/lib/ruby/gems/3.0.0/gems/railties-6.1.3.2/lib/rails/engine.rb:644>>, #<Rails::Initializable::Initializer:0x000055ac59e104a0 @name=:append_assets_path, @context=#<Haml::Rails::Engine:0x000055ac5af511b0 ...>, @options={:group=>:all, :after=>:engines_blank_point}, @block=#<Proc:0x000055ac59e2d7a8 /home/t-ohsuga/.rbenv/versions/3.0.0/lib/ruby/gems/3.0.0/gems/sprockets-rails-3.2.2/lib/sprockets/railtie.rb:57>>]>, #<ActiveStorageValidations::Engine:0x000055ac5a12f500 @_all_autoload_paths=[], @_all_load_paths=["/home/t-ohsuga/.rbenv/versions/3.0.0/lib/ruby/gems/3.0.0/gems/active_storage_validations-0.9.5/lib"], @app=nil, @config=#<Rails::Engine::Configuration:0x000055ac5a236b60 @root=#<Pathname:/home/t-ohsuga/.rbenv/versions/3.0.0/lib/ruby/gems/3.0.0/gems/active_storage_validations-0.9.5>, @generators=#<Rails::Configuration::Generators:0x000055ac5a236ac0 @aliases={}, @options={:rails=>{:orm=>:active_record, :test_framework=>:test_unit, :integration_tool=>:test_unit, :system_tests=>:test_unit, :stylesheet_engine=>:scss, :template_engine=>:haml}, :active_record=>{:migration=>true, :timestamps=>true}, :test_unit=>{:fixture=>true, :fixture_replacement=>nil}}, @fallbacks={}, @templates=[], @colorize_logging=true, @api_only=false, @hidden_namespaces=["sass"], @after_generate_callbacks=[]>, @middleware=#<Rails::Configuration::MiddlewareStackProxy:0x000055ac5a236840 @operations=[], @delete_operations=[]>, @javascript_path="javascript", @paths=#<Rails::Paths::Root:0x000055ac5a236728 @path=#<Pathname:/home/t-ohsuga/.rbenv/versions/3.0.0/lib/ruby/gems/3.0.0/gems/active_storage_validations-0.9.5>, @root={"app"=>#<Rails::Paths::Path:0x000055ac5a2364f8 @paths=["app"], @current="app", @root=#<Rails::Paths::Root:0x000055ac5a236728 ...>, @glob="{*,*/concerns}", @exclude=["assets", "javascript"], @autoload_once=false, @eager_load=true, @autoload=false, @load_path=false>, "app/assets"=>#<Rails::Paths::Path:0x000055ac5a2363e0 @paths=["app/assets"], @current="app/assets", @root=#<Rails::Paths::Root:0x000055ac5a236728 ...>, @glob="*", @exclude=nil, @autoload_once=false, @eager_load=false, @autoload=false, @load_path=false>, "app/controllers"=>#<Rails::Paths::Path:0x000055ac5a2362f0 @paths=["app/controllers"], @current="app/controllers", @root=#<Rails::Paths::Root:0x000055ac5a236728 ...>, @glob=nil, @exclude=nil, @autoload_once=false, @eager_load=true, @autoload=false, @load_path=false>, "app/channels"=>#<Rails::Paths::Path:0x000055ac5a236228 @paths=["app/channels"], @current="app/channels", @root=#<Rails::Paths::Root:0x000055ac5a236728 ...>, @glob="**/*_channel.rb", @exclude=nil, @autoload_once=false, @eager_load=true, @autoload=false, @load_path=false>, "app/helpers"=>#<Rails::Paths::Path:0x000055ac5a236138 @paths=["app/helpers"], @current="app/helpers", @root=#<Rails::Paths::Root:0x000055ac5a236728 ...>, @glob=nil, @exclude=nil, @autoload_once=false, @eager_load=true, @autoload=false, @load_path=false>, "app/models"=>#<Rails::Paths::Path:0x000055ac5a236048 @paths=["app/models"], @current="app/models", @root=#<Rails::Paths::Root:0x000055ac5a236728 ...>, @glob=nil, @exclude=nil, @autoload_once=false, @eager_load=true, @autoload=false, @load_path=false>, "app/mailers"=>#<Rails::Paths::Path:0x000055ac5a235e68 @paths=["app/mailers"], @current="app/mailers", @root=#<Rails::Paths::Root:0x000055ac5a236728 ...>, @glob=nil, @exclude=nil, @autoload_once=false, @eager_load=true, @autoload=false, @load_path=false>, "app/views"=>#<Rails::Paths::Path:0x000055ac5a235d28 @paths=["app/views"], @current="app/views", @root=#<Rails::Paths::Root:0x000055ac5a236728 ...>, @glob=nil, @exclude=nil, @autoload_once=false, @eager_load=false, @autoload=false, @load_path=false>, "lib"=>#<Rails::Paths::Path:0x000055ac5a235c88 @paths=["lib"], @current="lib", @root=#<Rails::Paths::Root:0x000055ac5a236728 ...>, @glob=nil, @exclude=nil, @autoload_once=false, @eager_load=false, @autoload=false, @load_path=true>, "lib/assets"=>#<Rails::Paths::Path:0x000055ac5a235af8 @paths=["lib/assets"], @current="lib/assets", @root=#<Rails::Paths::Root:0x000055ac5a236728 ...>, @glob="*", @exclude=nil, @autoload_once=false, @eager_load=false, @autoload=false, @load_path=false>, "lib/tasks"=>#<Rails::Paths::Path:0x000055ac5a235940 @paths=["lib/tasks"], @current="lib/tasks", @root=#<Rails::Paths::Root:0x000055ac5a236728 ...>, @glob="**/*.rake", @exclude=nil, @autoload_once=false, @eager_load=false, @autoload=false, @load_path=false>, "config"=>#<Rails::Paths::Path:0x000055ac5a235698 @paths=["config"], @current="config", @root=#<Rails::Paths::Root:0x000055ac5a236728 ...>, @glob=nil, @exclude=nil, @autoload_once=false, @eager_load=false, @autoload=false, @load_path=false>, "config/environments"=>#<Rails::Paths::Path:0x000055ac5a235580 @paths=["config/environments"], @current="config/environments", @root=#<Rails::Paths::Root:0x000055ac5a236728 ...>, @glob="test.rb", @exclude=nil, @autoload_once=false, @eager_load=false, @autoload=false, @load_path=false>, "config/initializers"=>#<Rails::Paths::Path:0x000055ac5a235260 @paths=["config/initializers"], @current="config/initializers", @root=#<Rails::Paths::Root:0x000055ac5a236728 ...>, @glob="**/*.rb", @exclude=nil, @autoload_once=false, @eager_load=false, @autoload=false, @load_path=false>, "config/locales"=>#<Rails::Paths::Path:0x000055ac5a234c48 @paths=["config/locales"], @current="config/locales", @root=#<Rails::Paths::Root:0x000055ac5a236728 ...>, @glob="*.{rb,yml}", @exclude=nil, @autoload_once=false, @eager_load=false, @autoload=false, @load_path=false>, "config/routes.rb"=>#<Rails::Paths::Path:0x000055ac5a234720 @paths=["config/routes.rb"], @current="config/routes.rb", @root=#<Rails::Paths::Root:0x000055ac5a236728 ...>, @glob=nil, @exclude=nil, @autoload_once=false, @eager_load=false, @autoload=false, @load_path=false>, "config/routes"=>#<Rails::Paths::Path:0x000055ac5a2345b8 @paths=["config/routes"], @current="config/routes", @root=#<Rails::Paths::Root:0x000055ac5a236728 ...>, @glob="**/*.rb", @exclude=nil, @autoload_once=false, @eager_load=false, @autoload=false, @load_path=false>, "db"=>#<Rails::Paths::Path:0x000055ac5a234338 @paths=["db"], @current="db", @root=#<Rails::Paths::Root:0x000055ac5a236728 ...>, @glob=nil, @exclude=nil, @autoload_once=false, @eager_load=false, @autoload=false, @load_path=false>, "db/migrate"=>#<Rails::Paths::Path:0x000055ac5a234248 @paths=["db/migrate"], @current="db/migrate", @root=#<Rails::Paths::Root:0x000055ac5a236728 ...>, @glob=nil, @exclude=nil, @autoload_once=false, @eager_load=false, @autoload=false, @load_path=false>, "db/seeds.rb"=>#<Rails::Paths::Path:0x000055ac5a234068 @paths=["db/seeds.rb"], @current="db/seeds.rb", @root=#<Rails::Paths::Root:0x000055ac5a236728 ...>, @glob=nil, @exclude=nil, @autoload_once=false, @eager_load=false, @autoload=false, @load_path=false>, "vendor"=>#<Rails::Paths::Path:0x000055ac5a223fd8 @paths=["vendor"], @current="vendor", @root=#<Rails::Paths::Root:0x000055ac5a236728 ...>, @glob=nil, @exclude=nil, @autoload_once=false, @eager_load=false, @autoload=false, @load_path=true>, "vendor/assets"=>#<Rails::Paths::Path:0x000055ac5a223e98 @paths=["vendor/assets"], @current="vendor/assets", @root=#<Rails::Paths::Root:0x000055ac5a236728 ...>, @glob="*", @exclude=nil, @autoload_once=false, @eager_load=false, @autoload=false, @load_path=false>}>, @autoload_paths=[], @eager_load_paths=[], @autoload_once_paths=[]>, @env_config=nil, @helpers=nil, @routes=#<ActionDispatch::Routing::RouteSet:0x000055ac5b7ad200>, @app_build_lock=#<Thread::Mutex:0x000055ac5a12f4b0>, @initializers=[#<Rails::Initializable::Initializer:0x000055ac59e0bb08 @name=:load_environment_config, @context=#<ActiveStorageValidations::Engine:0x000055ac5a12f500 ...>, @options={:before=>:load_environment_hook, :group=>:all}, @block=#<Proc:0x000055ac58fb6620 /home/t-ohsuga/.rbenv/versions/3.0.0/lib/ruby/gems/3.0.0/gems/railties-6.1.3.2/lib/rails/engine.rb:569>>, #<Rails::Initializable::Initializer:0x000055ac59e0ba90 @name=:set_load_path, @context=#<ActiveStorageValidations::Engine:0x000055ac5a12f500 ...>, @options={:before=>:bootstrap_hook, :after=>:load_environment_config, :group=>:default}, @block=#<Proc:0x000055ac58fb6418 /home/t-ohsuga/.rbenv/versions/3.0.0/lib/ruby/gems/3.0.0/gems/railties-6.1.3.2/lib/rails/engine.rb:575>>, #<Rails::Initializable::Initializer:0x000055ac59e0b8b0 @name=:set_autoload_paths, @context=#<ActiveStorageValidations::Engine:0x000055ac5a12f500 ...>, @options={:before=>:bootstrap_hook, :after=>:set_load_path, :group=>:default}, @block=#<Proc:0x000055ac58fb6210 /home/t-ohsuga/.rbenv/versions/3.0.0/lib/ruby/gems/3.0.0/gems/railties-6.1.3.2/lib/rails/engine.rb:587>>, #<Rails::Initializable::Initializer:0x000055ac59e0b7c0 @name=:set_eager_load_paths, @context=#<ActiveStorageValidations::Engine:0x000055ac5a12f500 ...>, @options={:before=>:bootstrap_hook, :after=>:set_autoload_paths, :group=>:default}, @block=#<Proc:0x000055ac58fb60f8 /home/t-ohsuga/.rbenv/versions/3.0.0/lib/ruby/gems/3.0.0/gems/railties-6.1.3.2/lib/rails/engine.rb:595>>, #<Rails::Initializable::Initializer:0x000055ac59e0b400 @name=:add_routing_paths, @context=#<ActiveStorageValidations::Engine:0x000055ac5a12f500 ...>, @options={:after=>:set_eager_load_paths, :group=>:default}, @block=#<Proc:0x000055ac58fb5fb8 /home/t-ohsuga/.rbenv/versions/3.0.0/lib/ruby/gems/3.0.0/gems/railties-6.1.3.2/lib/rails/engine.rb:600>>, #<Rails::Initializable::Initializer:0x000055ac59e0b3b0 @name=:add_locales, @context=#<ActiveStorageValidations::Engine:0x000055ac5a12f500 ...>, @options={:after=>:add_routing_paths, :group=>:default}, @block=#<Proc:0x000055ac58fb5ea0 /home/t-ohsuga/.rbenv/versions/3.0.0/lib/ruby/gems/3.0.0/gems/railties-6.1.3.2/lib/rails/engine.rb:614>>, #<Rails::Initializable::Initializer:0x000055ac59e0b360 @name=:add_view_paths, @context=#<ActiveStorageValidations::Engine:0x000055ac5a12f500 ...>, @options={:after=>:add_locales, :group=>:default}, @block=#<Proc:0x000055ac58fb5d10 /home/t-ohsuga/.rbenv/versions/3.0.0/lib/ruby/gems/3.0.0/gems/railties-6.1.3.2/lib/rails/engine.rb:618>>, #<Rails::Initializable::Initializer:0x000055ac59e0b2c0 @name=:prepend_helpers_path, @context=#<ActiveStorageValidations::Engine:0x000055ac5a12f500 ...>, @options={:after=>:add_view_paths, :group=>:default}, @block=#<Proc:0x000055ac58fb5bf8 /home/t-ohsuga/.rbenv/versions/3.0.0/lib/ruby/gems/3.0.0/gems/railties-6.1.3.2/lib/rails/engine.rb:626>>, #<Rails::Initializable::Initializer:0x000055ac59e0b248 @name=:load_config_initializers, @context=#<ActiveStorageValidations::Engine:0x000055ac5a12f500 ...>, @options={:after=>:prepend_helpers_path, :group=>:default}, @block=#<Proc:0x000055ac58fb5ab8 /home/t-ohsuga/.rbenv/versions/3.0.0/lib/ruby/gems/3.0.0/gems/railties-6.1.3.2/lib/rails/engine.rb:632>>, #<Rails::Initializable::Initializer:0x000055ac59e0b1f8 @name=:wrap_executor_around_load_seed, @context=#<ActiveStorageValidations::Engine:0x000055ac5a12f500 ...>, @options={:after=>:load_config_initializers, :group=>:default}, @block=#<Proc:0x000055ac58fb59a0 /home/t-ohsuga/.rbenv/versions/3.0.0/lib/ruby/gems/3.0.0/gems/railties-6.1.3.2/lib/rails/engine.rb:638>>, #<Rails::Initializable::Initializer:0x000055ac59e0b1a8 @name=:engines_blank_point, @context=#<ActiveStorageValidations::Engine:0x000055ac5a12f500 ...>, @options={:after=>:wrap_executor_around_load_seed, :group=>:default}, @block=#<Proc:0x000055ac58fb57e8 /home/t-ohsuga/.rbenv/versions/3.0.0/lib/ruby/gems/3.0.0/gems/railties-6.1.3.2/lib/rails/engine.rb:644>>, #<Rails::Initializable::Initializer:0x000055ac59e0b130 @name=:append_assets_path, @context=#<ActiveStorageValidations::Engine:0x000055ac5a12f500 ...>, @options={:group=>:all, :after=>:engines_blank_point}, @block=#<Proc:0x000055ac59e2d7a8 /home/t-ohsuga/.rbenv/versions/3.0.0/lib/ruby/gems/3.0.0/gems/sprockets-rails-3.2.2/lib/sprockets/railtie.rb:57>>]>, #<Kaminari::Engine:0x000055ac5a12f280 @_all_autoload_paths=[], @_all_load_paths=["/home/t-ohsuga/.rbenv/versions/3.0.0/lib/ruby/gems/3.0.0/gems/kaminari-core-1.2.1/lib"], @app=nil, @config=#<Rails::Engine::Configuration:0x000055ac5a223100 @root=#<Pathname:/home/t-ohsuga/.rbenv/versions/3.0.0/lib/ruby/gems/3.0.0/gems/kaminari-core-1.2.1>, @generators=#<Rails::Configuration::Generators:0x000055ac5a2230b0 @aliases={}, @options={:rails=>{:orm=>:active_record, :test_framework=>:test_unit, :integration_tool=>:test_unit, :system_tests=>:test_unit, :stylesheet_engine=>:scss, :template_engine=>:haml}, :active_record=>{:migration=>true, :timestamps=>true}, :test_unit=>{:fixture=>true, :fixture_replacement=>nil}}, @fallbacks={}, @templates=[], @colorize_logging=true, @api_only=false, @hidden_namespaces=["sass"], @after_generate_callbacks=[]>, @middleware=#<Rails::Configuration::MiddlewareStackProxy:0x000055ac5a222d90 @operations=[], @delete_operations=[]>, @javascript_path="javascript", @paths=#<Rails::Paths::Root:0x000055ac5a222cc8 @path=#<Pathname:/home/t-ohsuga/.rbenv/versions/3.0.0/lib/ruby/gems/3.0.0/gems/kaminari-core-1.2.1>, @root={"app"=>#<Rails::Paths::Path:0x000055ac5a222a70 @paths=["app"], @current="app", @root=#<Rails::Paths::Root:0x000055ac5a222cc8 ...>, @glob="{*,*/concerns}", @exclude=["assets", "javascript"], @autoload_once=false, @eager_load=true, @autoload=false, @load_path=false>, "app/assets"=>#<Rails::Paths::Path:0x000055ac5a222980 @paths=["app/assets"], @current="app/assets", @root=#<Rails::Paths::Root:0x000055ac5a222cc8 ...>, @glob="*", @exclude=nil, @autoload_once=false, @eager_load=false, @autoload=false, @load_path=false>, "app/controllers"=>#<Rails::Paths::Path:0x000055ac5a222818 @paths=["app/controllers"], @current="app/controllers", @root=#<Rails::Paths::Root:0x000055ac5a222cc8 ...>, @glob=nil, @exclude=nil, @autoload_once=false, @eager_load=true, @autoload=false, @load_path=false>, "app/channels"=>#<Rails::Paths::Path:0x000055ac5a222700 @paths=["app/channels"], @current="app/channels", @root=#<Rails::Paths::Root:0x000055ac5a222cc8 ...>, @glob="**/*_channel.rb", @exclude=nil, @autoload_once=false, @eager_load=true, @autoload=false, @load_path=false>, "app/helpers"=>#<Rails::Paths::Path:0x000055ac5a222638 @paths=["app/helpers"], @current="app/helpers", @root=#<Rails::Paths::Root:0x000055ac5a222cc8 ...>, @glob=nil, @exclude=nil, @autoload_once=false, @eager_load=true, @autoload=false, @load_path=false>, "app/models"=>#<Rails::Paths::Path:0x000055ac5a222520 @paths=["app/models"], @current="app/models", @root=#<Rails::Paths::Root:0x000055ac5a222cc8 ...>, @glob=nil, @exclude=nil, @autoload_once=false, @eager_load=true, @autoload=false, @load_path=false>, "app/mailers"=>#<Rails::Paths::Path:0x000055ac5a222430 @paths=["app/mailers"], @current="app/mailers", @root=#<Rails::Paths::Root:0x000055ac5a222cc8 ...>, @glob=nil, @exclude=nil, @autoload_once=false, @eager_load=true, @autoload=false, @load_path=false>, "app/views"=>#<Rails::Paths::Path:0x000055ac5a222318 @paths=["app/views"], @current="app/views", @root=#<Rails::Paths::Root:0x000055ac5a222cc8 ...>, @glob=nil, @exclude=nil, @autoload_once=false, @eager_load=false, @autoload=false, @load_path=false>, "lib"=>#<Rails::Paths::Path:0x000055ac5a2221b0 @paths=["lib"], @current="lib", @root=#<Rails::Paths::Root:0x000055ac5a222cc8 ...>, @glob=nil, @exclude=nil, @autoload_once=false, @eager_load=false, @autoload=false, @load_path=true>, "lib/assets"=>#<Rails::Paths::Path:0x000055ac5a221ff8 @paths=["lib/assets"], @current="lib/assets", @root=#<Rails::Paths::Root:0x000055ac5a222cc8 ...>, @glob="*", @exclude=nil, @autoload_once=false, @eager_load=false, @autoload=false, @load_path=false>, "lib/tasks"=>#<Rails::Paths::Path:0x000055ac5a221f58 @paths=["lib/tasks"], @current="lib/tasks", @root=#<Rails::Paths::Root:0x000055ac5a222cc8 ...>, @glob="**/*.rake", @exclude=nil, @autoload_once=false, @eager_load=false, @autoload=false, @load_path=false>, "config"=>#<Rails::Paths::Path:0x000055ac5a221d50 @paths=["config"], @current="config", @root=#<Rails::Paths::Root:0x000055ac5a222cc8 ...>, @glob=nil, @exclude=nil, @autoload_once=false, @eager_load=false, @autoload=false, @load_path=false>, "config/environments"=>#<Rails::Paths::Path:0x000055ac5a221be8 @paths=["config/environments"], @current="config/environments", @root=#<Rails::Paths::Root:0x000055ac5a222cc8 ...>, @glob="test.rb", @exclude=nil, @autoload_once=false, @eager_load=false, @autoload=false, @load_path=false>, "config/initializers"=>#<Rails::Paths::Path:0x000055ac5a221ad0 @paths=["config/initializers"], @current="config/initializers", @root=#<Rails::Paths::Root:0x000055ac5a222cc8 ...>, @glob="**/*.rb", @exclude=nil, @autoload_once=false, @eager_load=false, @autoload=false, @load_path=false>, "config/locales"=>#<Rails::Paths::Path:0x000055ac5a221918 @paths=["config/locales"], @current="config/locales", @root=#<Rails::Paths::Root:0x000055ac5a222cc8 ...>, @glob="*.{rb,yml}", @exclude=nil, @autoload_once=false, @eager_load=false, @autoload=false, @load_path=false>, "config/routes.rb"=>#<Rails::Paths::Path:0x000055ac5a221850 @paths=["config/routes.rb"], @current="config/routes.rb", @root=#<Rails::Paths::Root:0x000055ac5a222cc8 ...>, @glob=nil, @exclude=nil, @autoload_once=false, @eager_load=false, @autoload=false, @load_path=false>, "config/routes"=>#<Rails::Paths::Path:0x000055ac5a221738 @paths=["config/routes"], @current="config/routes", @root=#<Rails::Paths::Root:0x000055ac5a222cc8 ...>, @glob="**/*.rb", @exclude=nil, @autoload_once=false, @eager_load=false, @autoload=false, @load_path=false>, "db"=>#<Rails::Paths::Path:0x000055ac5a221698 @paths=["db"], @current="db", @root=#<Rails::Paths::Root:0x000055ac5a222cc8 ...>, @glob=nil, @exclude=nil, @autoload_once=false, @eager_load=false, @autoload=false, @load_path=false>, "db/migrate"=>#<Rails::Paths::Path:0x000055ac5a2215a8 @paths=["db/migrate"], @current="db/migrate", @root=#<Rails::Paths::Root:0x000055ac5a222cc8 ...>, @glob=nil, @exclude=nil, @autoload_once=false, @eager_load=false, @autoload=false, @load_path=false>, "db/seeds.rb"=>#<Rails::Paths::Path:0x000055ac5a221490 @paths=["db/seeds.rb"], @current="db/seeds.rb", @root=#<Rails::Paths::Root:0x000055ac5a222cc8 ...>, @glob=nil, @exclude=nil, @autoload_once=false, @eager_load=false, @autoload=false, @load_path=false>, "vendor"=>#<Rails::Paths::Path:0x000055ac5a220f18 @paths=["vendor"], @current="vendor", @root=#<Rails::Paths::Root:0x000055ac5a222cc8 ...>, @glob=nil, @exclude=nil, @autoload_once=false, @eager_load=false, @autoload=false, @load_path=true>, "vendor/assets"=>#<Rails::Paths::Path:0x000055ac5a220e28 @paths=["vendor/assets"], @current="vendor/assets", @root=#<Rails::Paths::Root:0x000055ac5a222cc8 ...>, @glob="*", @exclude=nil, @autoload_once=false, @eager_load=false, @autoload=false, @load_path=false>}>, @autoload_paths=[], @eager_load_paths=[], @autoload_once_paths=[]>, @env_config=nil, @helpers=nil, @routes=#<ActionDispatch::Routing::RouteSet:0x000055ac5b78fe58>, @app_build_lock=#<Thread::Mutex:0x000055ac5a12f258>, @initializers=[#<Rails::Initializable::Initializer:0x000055ac59e0a758 @name=:load_environment_config, @context=#<Kaminari::Engine:0x000055ac5a12f280 ...>, @options={:before=>:load_environment_hook, :group=>:all}, @block=#<Proc:0x000055ac58fb6620 /home/t-ohsuga/.rbenv/versions/3.0.0/lib/ruby/gems/3.0.0/gems/railties-6.1.3.2/lib/rails/engine.rb:569>>, #<Rails::Initializable::Initializer:0x000055ac59e0a708 @name=:set_load_path, @context=#<Kaminari::Engine:0x000055ac5a12f280 ...>, @options={:before=>:bootstrap_hook, :after=>:load_environment_config, :group=>:default}, @block=#<Proc:0x000055ac58fb6418 /home/t-ohsuga/.rbenv/versions/3.0.0/lib/ruby/gems/3.0.0/gems/railties-6.1.3.2/lib/rails/engine.rb:575>>, #<Rails::Initializable::Initializer:0x000055ac59e0a668 @name=:set_autoload_paths, @context=#<Kaminari::Engine:0x000055ac5a12f280 ...>, @options={:before=>:bootstrap_hook, :after=>:set_load_path, :group=>:default}, @block=#<Proc:0x000055ac58fb6210 /home/t-ohsuga/.rbenv/versions/3.0.0/lib/ruby/gems/3.0.0/gems/railties-6.1.3.2/lib/rails/engine.rb:587>>, #<Rails::Initializable::Initializer:0x000055ac59e0a5c8 @name=:set_eager_load_paths, @context=#<Kaminari::Engine:0x000055ac5a12f280 ...>, @options={:before=>:bootstrap_hook, :after=>:set_autoload_paths, :group=>:default}, @block=#<Proc:0x000055ac58fb60f8 /home/t-ohsuga/.rbenv/versions/3.0.0/lib/ruby/gems/3.0.0/gems/railties-6.1.3.2/lib/rails/engine.rb:595>>, #<Rails::Initializable::Initializer:0x000055ac59e0a528 @name=:add_routing_paths, @context=#<Kaminari::Engine:0x000055ac5a12f280 ...>, @options={:after=>:set_eager_load_paths, :group=>:default}, @block=#<Proc:0x000055ac58fb5fb8 /home/t-ohsuga/.rbenv/versions/3.0.0/lib/ruby/gems/3.0.0/gems/railties-6.1.3.2/lib/rails/engine.rb:600>>, #<Rails::Initializable::Initializer:0x000055ac59e0a460 @name=:add_locales, @context=#<Kaminari::Engine:0x000055ac5a12f280 ...>, @options={:after=>:add_routing_paths, :group=>:default}, @block=#<Proc:0x000055ac58fb5ea0 /home/t-ohsuga/.rbenv/versions/3.0.0/lib/ruby/gems/3.0.0/gems/railties-6.1.3.2/lib/rails/engine.rb:614>>, #<Rails::Initializable::Initializer:0x000055ac59e0a370 @name=:add_view_paths, @context=#<Kaminari::Engine:0x000055ac5a12f280 ...>, @options={:after=>:add_locales, :group=>:default}, @block=#<Proc:0x000055ac58fb5d10 /home/t-ohsuga/.rbenv/versions/3.0.0/lib/ruby/gems/3.0.0/gems/railties-6.1.3.2/lib/rails/engine.rb:618>>, #<Rails::Initializable::Initializer:0x000055ac59e0a2f8 @name=:prepend_helpers_path, @context=#<Kaminari::Engine:0x000055ac5a12f280 ...>, @options={:after=>:add_view_paths, :group=>:default}, @block=#<Proc:0x000055ac58fb5bf8 /home/t-ohsuga/.rbenv/versions/3.0.0/lib/ruby/gems/3.0.0/gems/railties-6.1.3.2/lib/rails/engine.rb:626>>, #<Rails::Initializable::Initializer:0x000055ac59e0a230 @name=:load_config_initializers, @context=#<Kaminari::Engine:0x000055ac5a12f280 ...>, @options={:after=>:prepend_helpers_path, :group=>:default}, @block=#<Proc:0x000055ac58fb5ab8 /home/t-ohsuga/.rbenv/versions/3.0.0/lib/ruby/gems/3.0.0/gems/railties-6.1.3.2/lib/rails/engine.rb:632>>, #<Rails::Initializable::Initializer:0x000055ac59e0a118 @name=:wrap_executor_around_load_seed, @context=#<Kaminari::Engine:0x000055ac5a12f280 ...>, @options={:after=>:load_config_initializers, :group=>:default}, @block=#<Proc:0x000055ac58fb59a0 /home/t-ohsuga/.rbenv/versions/3.0.0/lib/ruby/gems/3.0.0/gems/railties-6.1.3.2/lib/rails/engine.rb:638>>, #<Rails::Initializable::Initializer:0x000055ac59e0a078 @name=:engines_blank_point, @context=#<Kaminari::Engine:0x000055ac5a12f280 ...>, @options={:after=>:wrap_executor_around_load_seed, :group=>:default}, @block=#<Proc:0x000055ac58fb57e8 /home/t-ohsuga/.rbenv/versions/3.0.0/lib/ruby/gems/3.0.0/gems/railties-6.1.3.2/lib/rails/engine.rb:644>>, #<Rails::Initializable::Initializer:0x000055ac59e09f88 @name=:append_assets_path, @context=#<Kaminari::Engine:0x000055ac5a12f280 ...>, @options={:group=>:all, :after=>:engines_blank_point}, @block=#<Proc:0x000055ac59e2d7a8 /home/t-ohsuga/.rbenv/versions/3.0.0/lib/ruby/gems/3.0.0/gems/sprockets-rails-3.2.2/lib/sprockets/railtie.rb:57>>]>]>, @message_verifiers={"ActiveStorage"=>#<ActiveSupport::MessageVerifier:0x000055ac5b2199b0 @secret="~Am\xF8g\xAF\x8B\x04bp\xB2\\I\xC8\xAC>\x8F:\f\r\x9C\xF5R\xF3\x8E\xF1\x8D\x92\xF6Gl\xB4<gw\xAC\xBCqv\xBC\xEC\f$\\\x81\x06\x02A\x80\x1C\x87\x14\xD3,\a\x96\x17\xCE\xD2\xA2\x92\x99*\xC4", @digest="SHA1", @serializer=Marshal, @options={}, @rotations=[], @on_rotation=nil>}, @ran_load_hooks=true, @executor=#<Class:0x000055ac59bfea18>, @reloader=#<Class:0x000055ac59d8fdf0>, @initial_variable_values={}, @block=nil, @initializers=[#<Rails::Initializable::Initializer:0x000055ac5a137660 @name=:load_environment_config, @context=#<RailsAwesomeEvents::Application:0x000055ac59c1e610 ...>, @options={:before=>:load_environment_hook, :group=>:all}, @block=#<Proc:0x000055ac58fb6620 /home/t-ohsuga/.rbenv/versions/3.0.0/lib/ruby/gems/3.0.0/gems/railties-6.1.3.2/lib/rails/engine.rb:569>>, #<Rails::Initializable::Initializer:0x000055ac5a1375c0 @name=:set_load_path, @context=#<RailsAwesomeEvents::Application:0x000055ac59c1e610 ...>, @options={:before=>:bootstrap_hook, :after=>:load_environment_config, :group=>:default}, @block=#<Proc:0x000055ac58fb6418 /home/t-ohsuga/.rbenv/versions/3.0.0/lib/ruby/gems/3.0.0/gems/railties-6.1.3.2/lib/rails/engine.rb:575>>, #<Rails::Initializable::Initializer:0x000055ac5a137480 @name=:set_autoload_paths, @context=#<RailsAwesomeEvents::Application:0x000055ac59c1e610 ...>, @options={:before=>:bootstrap_hook, :after=>:set_load_path, :group=>:default}, @block=#<Proc:0x000055ac58fb6210 /home/t-ohsuga/.rbenv/versions/3.0.0/lib/ruby/gems/3.0.0/gems/railties-6.1.3.2/lib/rails/engine.rb:587>>, #<Rails::Initializable::Initializer:0x000055ac5a137250 @name=:set_eager_load_paths, @context=#<RailsAwesomeEvents::Application:0x000055ac59c1e610 ...>, @options={:before=>:bootstrap_hook, :after=>:set_autoload_paths, :group=>:default}, @block=#<Proc:0x000055ac58fb60f8 /home/t-ohsuga/.rbenv/versions/3.0.0/lib/ruby/gems/3.0.0/gems/railties-6.1.3.2/lib/rails/engine.rb:595>>, #<Rails::Initializable::Initializer:0x000055ac5a1371b0 @name=:add_routing_paths, @context=#<RailsAwesomeEvents::Application:0x000055ac59c1e610 ...>, @options={:after=>:set_eager_load_paths, :group=>:default}, @block=#<Proc:0x000055ac58fb5fb8 /home/t-ohsuga/.rbenv/versions/3.0.0/lib/ruby/gems/3.0.0/gems/railties-6.1.3.2/lib/rails/engine.rb:600>>, #<Rails::Initializable::Initializer:0x000055ac5a1370e8 @name=:add_locales, @context=#<RailsAwesomeEvents::Application:0x000055ac59c1e610 ...>, @options={:after=>:add_routing_paths, :group=>:default}, @block=#<Proc:0x000055ac58fb5ea0 /home/t-ohsuga/.rbenv/versions/3.0.0/lib/ruby/gems/3.0.0/gems/railties-6.1.3.2/lib/rails/engine.rb:614>>, #<Rails::Initializable::Initializer:0x000055ac5a137048 @name=:add_view_paths, @context=#<RailsAwesomeEvents::Application:0x000055ac59c1e610 ...>, @options={:after=>:add_locales, :group=>:default}, @block=#<Proc:0x000055ac58fb5d10 /home/t-ohsuga/.rbenv/versions/3.0.0/lib/ruby/gems/3.0.0/gems/railties-6.1.3.2/lib/rails/engine.rb:618>>, #<Rails::Initializable::Initializer:0x000055ac5a136eb8 @name=:prepend_helpers_path, @context=#<RailsAwesomeEvents::Application:0x000055ac59c1e610 ...>, @options={:after=>:add_view_paths, :group=>:default}, @block=#<Proc:0x000055ac58fb5bf8 /home/t-ohsuga/.rbenv/versions/3.0.0/lib/ruby/gems/3.0.0/gems/railties-6.1.3.2/lib/rails/engine.rb:626>>, #<Rails::Initializable::Initializer:0x000055ac5a136e40 @name=:load_config_initializers, @context=#<RailsAwesomeEvents::Application:0x000055ac59c1e610 ...>, @options={:after=>:prepend_helpers_path, :group=>:default}, @block=#<Proc:0x000055ac58fb5ab8 /home/t-ohsuga/.rbenv/versions/3.0.0/lib/ruby/gems/3.0.0/gems/railties-6.1.3.2/lib/rails/engine.rb:632>>, #<Rails::Initializable::Initializer:0x000055ac5a136dc8 @name=:wrap_executor_around_load_seed, @context=#<RailsAwesomeEvents::Application:0x000055ac59c1e610 ...>, @options={:after=>:load_config_initializers, :group=>:default}, @block=#<Proc:0x000055ac58fb59a0 /home/t-ohsuga/.rbenv/versions/3.0.0/lib/ruby/gems/3.0.0/gems/railties-6.1.3.2/lib/rails/engine.rb:638>>, #<Rails::Initializable::Initializer:0x000055ac5a136710 @name=:engines_blank_point, @context=#<RailsAwesomeEvents::Application:0x000055ac59c1e610 ...>, @options={:after=>:wrap_executor_around_load_seed, :group=>:default}, @block=#<Proc:0x000055ac58fb57e8 /home/t-ohsuga/.rbenv/versions/3.0.0/lib/ruby/gems/3.0.0/gems/railties-6.1.3.2/lib/rails/engine.rb:644>>, #<Rails::Initializable::Initializer:0x000055ac5a136648 @name=:append_assets_path, @context=#<RailsAwesomeEvents::Application:0x000055ac59c1e610 ...>, @options={:group=>:all, :after=>:engines_blank_point}, @block=#<Proc:0x000055ac59e2d7a8 /home/t-ohsuga/.rbenv/versions/3.0.0/lib/ruby/gems/3.0.0/gems/sprockets-rails-3.2.2/lib/sprockets/railtie.rb:57>>, #<Rails::Initializable::Initializer:0x000055ac5a136508 @name=:initialize_dependency_mechanism, @context=#<RailsAwesomeEvents::Application:0x000055ac59c1e610 ...>, @options={:group=>:all}, @block=#<Proc:0x000055ac5a1582c0 /home/t-ohsuga/.rbenv/versions/3.0.0/lib/ruby/gems/3.0.0/gems/spring-2.1.1/lib/spring/application.rb:102>>], @assets=#<Sprockets::Environment:0x32b4 root="/home/t-ohsuga/rails_awesome_events", paths=["/home/t-ohsuga/rails_awesome_events/app/assets/config", "/home/t-ohsuga/rails_awesome_events/app/assets/images", "/home/t-ohsuga/rails_awesome_events/app/assets/stylesheets", "/home/t-ohsuga/.rbenv/versions/3.0.0/lib/ruby/gems/3.0.0/gems/activestorage-6.1.3.2/app/assets/javascripts", "/home/t-ohsuga/.rbenv/versions/3.0.0/lib/ruby/gems/3.0.0/gems/actionview-6.1.3.2/lib/assets/compiled", "/home/t-ohsuga/.rbenv/versions/3.0.0/lib/ruby/gems/3.0.0/gems/turbolinks-source-5.2.0/lib/assets/javascripts", "/home/t-ohsuga/rails_awesome_events/node_modules"]>, @assets_manifest=#<Sprockets::Manifest:0x000055ac5b30ed48 @environment=#<Sprockets::Environment:0x32b4 root="/home/t-ohsuga/rails_awesome_events", paths=["/home/t-ohsuga/rails_awesome_events/app/assets/config", "/home/t-ohsuga/rails_awesome_events/app/assets/images", "/home/t-ohsuga/rails_awesome_events/app/assets/stylesheets", "/home/t-ohsuga/.rbenv/versions/3.0.0/lib/ruby/gems/3.0.0/gems/activestorage-6.1.3.2/app/assets/javascripts", "/home/t-ohsuga/.rbenv/versions/3.0.0/lib/ruby/gems/3.0.0/gems/actionview-6.1.3.2/lib/assets/compiled", "/home/t-ohsuga/.rbenv/versions/3.0.0/lib/ruby/gems/3.0.0/gems/turbolinks-source-5.2.0/lib/assets/javascripts", "/home/t-ohsuga/rails_awesome_events/node_modules"]>, @filename="/home/t-ohsuga/rails_awesome_events/public/assets/.sprockets-manifest-ae10a218026f2d742c84e1bfe9e2d85b.json", @directory="/home/t-ohsuga/rails_awesome_events/public/assets", @legacy_manifest=false, @data={}>, @secrets=#<ActiveSupport::OrderedOptions {:secret_key_base=>"ee765a2f4010e65c9821d891598c0e4ceebbfde03433e7df1a8f6f4574573abd7f98497f9a78fa5c28af89fa7a7ddfdb1bba659e0ac992114261fbd5124098ef"}>, @caching_key_generator=#<ActiveSupport::CachingKeyGenerator:0x000055ac5b2988f0 @key_generator=#<ActiveSupport::KeyGenerator:0x000055ac5b2991b0 @secret="ee765a2f4010e65c9821d891598c0e4ceebbfde03433e7df1a8f6f4574573abd7f98497f9a78fa5c28af89fa7a7ddfdb1bba659e0ac992114261fbd5124098ef", @iterations=1000>, @cache_keys=#<Concurrent::Map:0x000055ac5b2988a0 entries=2 default_proc=nil>>, @ran=true>, @https=false, @response=nil, @request=nil, @controller=nil, @_mock_session=nil, @request_count=0, @url_options=nil, @host="www.example.com", @remote_addr="127.0.0.1", @accept="text/xml,application/xml,application/xhtml+xml,text/html;q=0.9,text/plain;q=0.8,image/png,*/*;q=0.5", @named_routes_configured=true>, @routes=#<ActionDispatch::Routing::RouteSet:0x000055ac5b78eaf8>, @app=nil, @fixture_cache={}, @fixture_connections=[], @connection_subscriber=#<ActiveSupport::Notifications::Fanout::Subscribers::Timed:0x000055ac5b525500 @pattern="!connection.active_record", @delegate=#<Proc:0x000055ac5b5257d0 /home/t-ohsuga/.rbenv/versions/3.0.0/lib/ruby/gems/3.0.0/gems/activerecord-6.1.3.2/lib/active_record/test_fixtures.rb:132>, @can_publish=false>, @loaded_fixtures={}, @tagged_logger=#<ActiveSupport::Logger:0x000055ac5a2ecd48 @level=0, @progname=nil, @default_formatter=#<Logger::Formatter:0x000055ac5a2ed360 @datetime_format=nil>, @formatter=#<ActiveSupport::Logger::SimpleFormatter:0x000055ac5a2ecc08 @datetime_format=nil, @thread_key="activesupport_tagged_logging_tags:14020">, @logdev=#<Logger::LogDevice:0x000055ac5a2ed1f8 @shift_period_suffix="%Y%m%d", @shift_size=1048576, @shift_age=0, @filename="/home/t-ohsuga/rails_awesome_events/log/test.log", @dev=#<File:/home/t-ohsuga/rails_awesome_events/log/test.log>, @binmode=false, @mon_data=#<Monitor:0x000055ac5a2ed180>, @mon_data_owner_object_id=4720>>, @simple_stubs=#<ActiveSupport::Testing::SimpleStubs:0x000055ac5b50cfa0 @stubs=#<Concurrent::Map:0x000055ac5b50cf78 entries=0 default_proc=#<Proc:0x000055ac5b50cd98 /home/t-ohsuga/.rbenv/versions/3.0.0/lib/ruby/gems/3.0.0/gems/activesupport-6.1.3.2/lib/active_support/testing/time_helpers.rb:14>>>, @time=0.004541400000562135>
    test/controllers/welcome_controller_test.rb:5:in `block in <class:WelcomeControllerTest>'

rails test test/controllers/welcome_controller_test.rb:4



Finished in 0.303140s, 3.2988 runs/s, 0.0000 assertions/s.
1 runs, 0 assertions, 0 failures, 1 errors, 0 skips
